ARM Linker, 4.1 [Build 481] [Standard]

==============================================================================

Section Cross References

    main.o(i.main) refers to os_core.o(i.OSInit) for OSInit
    main.o(i.main) refers to os_task.o(i.OSTaskCreate) for OSTaskCreate
    main.o(i.main) refers to os_core.o(i.OSStart) for OSStart
    main.o(i.main) refers to taskinit.o(.bss) for TaskStart_STK
    main.o(i.main) refers to taskinit.o(i.TaskStart) for TaskStart
    taskinit.o(i.TaskStart) refers to bsp.o(i.BSP_Init) for BSP_Init
    taskinit.o(i.TaskStart) refers to os_sem.o(i.OSSemCreate) for OSSemCreate
    taskinit.o(i.TaskStart) refers to os_task.o(i.OSTaskCreate) for OSTaskCreate
    taskinit.o(i.TaskStart) refers to os_time.o(i.OSTimeDly) for OSTimeDly
    taskinit.o(i.TaskStart) refers to common.o(i.LEDREV) for LEDREV
    taskinit.o(i.TaskStart) refers to common.o(i.powerKeyDet) for powerKeyDet
    taskinit.o(i.TaskStart) refers to encrypt.o(i.deviceIDCheck) for deviceIDCheck
    taskinit.o(i.TaskStart) refers to encrypt.o(i.serialIDCheck) for serialIDCheck
    taskinit.o(i.TaskStart) refers to encrypt.o(i.crcCheck) for crcCheck
    taskinit.o(i.TaskStart) refers to spi1.o(i.SPI1Send) for SPI1Send
    taskinit.o(i.TaskStart) refers to spi2.o(i.SPI2Send) for SPI2Send
    taskinit.o(i.TaskStart) refers to uart1.o(i.uart1SendByte) for uart1SendByte
    taskinit.o(i.TaskStart) refers to taskinit.o(.data) for g_u8StartOver
    taskinit.o(i.TaskStart) refers to taskinit.o(.bss) for TASK1_STK
    taskinit.o(i.TaskStart) refers to task.o(i.task1) for task1
    taskinit.o(i.TaskStart) refers to task.o(i.task2) for task2
    taskinit.o(i.TaskStart) refers to task.o(i.task3) for task3
    taskinit.o(i.TaskStart) refers to task.o(i.task4) for task4
    taskinit.o(i.TaskStart) refers to task.o(i.task5) for task5
    task.o(i.task1) refers to os_time.o(i.OSTimeDly) for OSTimeDly
    task.o(i.task1) refers to pccomm.o(i.pcRxQueueOutFrame) for pcRxQueueOutFrame
    task.o(i.task1) refers to os_sem.o(i.OSSemPend) for OSSemPend
    task.o(i.task1) refers to common.o(i.CMDTestDeal) for CMDTestDeal
    task.o(i.task1) refers to stepmotor.o(i.smSetCMD) for smSetCMD
    task.o(i.task1) refers to pccomm.o(i.pcTxQueueAddFrame) for pcTxQueueAddFrame
    task.o(i.task1) refers to dcmotor.o(i.dcmSetCMD) for dcmSetCMD
    task.o(i.task1) refers to temcontrol.o(i.temCMDDeal) for temCMDDeal
    task.o(i.task1) refers to common.o(i.boardStatusCMD) for boardStatusCMD
    task.o(i.task1) refers to common.o(i.encryptCMDDeal) for encryptCMDDeal
    task.o(i.task1) refers to taskinit.o(.data) for g_u8StartOver
    task.o(i.task2) refers to os_time.o(i.OSTimeDly) for OSTimeDly
    task.o(i.task2) refers to os_sem.o(i.OSSemPend) for OSSemPend
    task.o(i.task2) refers to pccomm.o(i.pcSendTxQueue) for pcSendTxQueue
    task.o(i.task2) refers to pccomm.o(i.pcTxQueueLen) for pcTxQueueLen
    task.o(i.task2) refers to taskinit.o(.data) for g_u8StartOver
    task.o(i.task3) refers to os_time.o(i.OSTimeDly) for OSTimeDly
    task.o(i.task3) refers to timer3.o(i.Timer3Start) for Timer3Start
    task.o(i.task3) refers to os_sem.o(i.OSSemPend) for OSSemPend
    task.o(i.task3) refers to stepmotor.o(i.smRotate) for smRotate
    task.o(i.task3) refers to taskinit.o(.data) for g_u8StartOver
    task.o(i.task3) refers to stepmotor.o(.bss) for g_sm
    task.o(i.task4) refers to os_time.o(i.OSTimeDly) for OSTimeDly
    task.o(i.task4) refers to os_sem.o(i.OSSemPend) for OSSemPend
    task.o(i.task4) refers to stepmotor.o(i.smRotate) for smRotate
    task.o(i.task4) refers to taskinit.o(.data) for g_u8StartOver
    task.o(i.task4) refers to stepmotor.o(.bss) for g_sm
    task.o(i.task5) refers to os_time.o(i.OSTimeDly) for OSTimeDly
    task.o(i.task5) refers to os_sem.o(i.OSSemPend) for OSSemPend
    task.o(i.task5) refers to temcontrol.o(i.temAppGetTem) for temAppGetTem
    task.o(i.task5) refers to temcontrol.o(i.temTaskDeal) for temTaskDeal
    task.o(i.task5) refers to taskinit.o(.data) for g_u8StartOver
    task.o(i.task5) refers to temcontrol.o(.bss) for g_tem
    dcmotor.o(i.dcmInit) refers to stm32f10x_gpio.o(i.GPIO_Init) for GPIO_Init
    dcmotor.o(i.dcmInit) refers to dcmotor.o(i.dcmStopDCM) for dcmStopDCM
    dcmotor.o(i.dcmInit) refers to timer5.o(i.tim5SetPeriod) for tim5SetPeriod
    dcmotor.o(i.dcmInit) refers to dcmotor.o(i.tchSWInit) for tchSWInit
    dcmotor.o(i.dcmInit) refers to dcmotor.o(.data) for g_dcm
    dcmotor.o(i.dcmSetCMD) refers to dcmotor.o(i.dcmStartDCM) for dcmStartDCM
    dcmotor.o(i.dcmSetCMD) refers to dcmotor.o(i.dcmStopDCM) for dcmStopDCM
    dcmotor.o(i.dcmSetCMD) refers to dcmotor.o(.constdata) for g_dcm_rate
    dcmotor.o(i.dcmSetCMD) refers to dcmotor.o(.data) for g_dcm
    dcmotor.o(i.dcmStartDCM) refers to timer5.o(i.tim5ConfigPWM) for tim5ConfigPWM
    dcmotor.o(i.dcmStartDCM) refers to timer5.o(i.tim5StartCounter) for tim5StartCounter
    dcmotor.o(i.dcmStartDCM) refers to dcmotor.o(.data) for g_dcm
[...]
    PMAToUserBufferCopy                      0x080027c9   Thumb Code    32  usb_mem.o(i.PMAToUserBufferCopy)
    PVD_IRQHandler                           0x080027ed   Thumb Code     2  stm32f10x_it.o(i.PVD_IRQHandler)
    Post0_Process                            0x080027f1   Thumb Code    56  usb_core.o(i.Post0_Process)
    PowerOn                                  0x08002839   Thumb Code    64  usb_pwr.o(i.PowerOn)
    QueueGetLen                              0x08002889   Thumb Code    32  queue.o(i.QueueGetLen)
    QueueIn                                  0x080028a9   Thumb Code    62  queue.o(i.QueueIn)
    QueueOut                                 0x080028e7   Thumb Code    58  queue.o(i.QueueOut)
    QueueOutByte                             0x08002921   Thumb Code    42  queue.o(i.QueueOutByte)
    RCC_ADCCLKConfig                         0x0800294d   Thumb Code    18  stm32f10x_rcc.o(i.RCC_ADCCLKConfig)
    RCC_AHBPeriphClockCmd                    0x08002965   Thumb Code    26  stm32f10x_rcc.o(i.RCC_AHBPeriphClockCmd)
    RCC_APB1PeriphClockCmd                   0x08002985   Thumb Code    26  stm32f10x_rcc.o(i.RCC_APB1PeriphClockCmd)
    RCC_APB1PeriphResetCmd                   0x080029a5   Thumb Code    26  stm32f10x_rcc.o(i.RCC_APB1PeriphResetCmd)
    RCC_APB2PeriphClockCmd                   0x080029c5   Thumb Code    26  stm32f10x_rcc.o(i.RCC_APB2PeriphClockCmd)
    RCC_APB2PeriphResetCmd                   0x080029e5   Thumb Code    26  stm32f10x_rcc.o(i.RCC_APB2PeriphResetCmd)
    RCC_ClearFlag                            0x08002a05   Thumb Code    14  stm32f10x_rcc.o(i.RCC_ClearFlag)
    RCC_Configuration                        0x08002a19   Thumb Code    86  bsp.o(i.RCC_Configuration)
    RCC_GetClocksFreq                        0x08002a75   Thumb Code   192  stm32f10x_rcc.o(i.RCC_GetClocksFreq)
    RCC_GetFlagStatus                        0x08002b49   Thumb Code    56  stm32f10x_rcc.o(i.RCC_GetFlagStatus)
    RCC_HCLKConfig                           0x08002b85   Thumb Code    18  stm32f10x_rcc.o(i.RCC_HCLKConfig)
    RCC_HSEConfig                            0x08002b9d   Thumb Code    70  stm32f10x_rcc.o(i.RCC_HSEConfig)
    RCC_IRQHandler                           0x08002be9   Thumb Code     2  stm32f10x_it.o(i.RCC_IRQHandler)
    RCC_PCLK1Config                          0x08002bed   Thumb Code    18  stm32f10x_rcc.o(i.RCC_PCLK1Config)
    RCC_PCLK2Config                          0x08002c05   Thumb Code    20  stm32f10x_rcc.o(i.RCC_PCLK2Config)
    RCC_PLLCmd                               0x08002c1d   Thumb Code     6  stm32f10x_rcc.o(i.RCC_PLLCmd)
    RCC_PLLConfig                            0x08002c29   Thumb Code    24  stm32f10x_rcc.o(i.RCC_PLLConfig)
    RCC_USBCLKConfig                         0x08002c45   Thumb Code     6  stm32f10x_rcc.o(i.RCC_USBCLKConfig)
    RCC_WaitForHSEStartUp                    0x08002c51   Thumb Code    62  stm32f10x_rcc.o(i.RCC_WaitForHSEStartUp)
    RTCAlarm_IRQHandler                      0x08002c99   Thumb Code     2  stm32f10x_it.o(i.RTCAlarm_IRQHandler)
    RTC_ClearITPendingBit                    0x08002c9d   Thumb Code    22  stm32f10x_rtc.o(i.RTC_ClearITPendingBit)
    RTC_GetITStatus                          0x08002cbd   Thumb Code    34  stm32f10x_rtc.o(i.RTC_GetITStatus)
    RTC_IRQHandler                           0x08002ce9   Thumb Code    74  stm32f10x_it.o(i.RTC_IRQHandler)
    RTC_WaitForLastTask                      0x08002d39   Thumb Code    14  stm32f10x_rtc.o(i.RTC_WaitForLastTask)
    SDIO_IRQHandler                          0x08002d4d   Thumb Code     2  stm32f10x_it.o(i.SDIO_IRQHandler)
    SPI1Init                                 0x08002d51   Thumb Code   150  spi1.o(i.SPI1Init)
    SPI1Isr                                  0x08002df5   Thumb Code    30  spi1.o(i.SPI1Isr)
    SPI1Send                                 0x08002e21   Thumb Code    54  spi1.o(i.SPI1Send)
    SPI1_IRQHandler                          0x08002e61   Thumb Code     8  stm32f10x_it.o(i.SPI1_IRQHandler)
    SPI2Init                                 0x08002e69   Thumb Code   156  spi2.o(i.SPI2Init)
    SPI2Isr                                  0x08002f11   Thumb Code    32  spi2.o(i.SPI2Isr)
    SPI2Send                                 0x08002f3d   Thumb Code    56  spi2.o(i.SPI2Send)
    SPI2_IRQHandler                          0x08002f7d   Thumb Code     8  stm32f10x_it.o(i.SPI2_IRQHandler)
    SPI3_IRQHandler                          0x08002f85   Thumb Code     2  stm32f10x_it.o(i.SPI3_IRQHandler)
    SPI_Cmd                                  0x08002f87   Thumb Code    24  stm32f10x_spi.o(i.SPI_Cmd)
    SPI_I2S_ClearITPendingBit                0x08002f9f   Thumb Code    48  stm32f10x_spi.o(i.SPI_I2S_ClearITPendingBit)
    SPI_I2S_GetFlagStatus                    0x08002fcf   Thumb Code    18  stm32f10x_spi.o(i.SPI_I2S_GetFlagStatus)
    SPI_I2S_ITConfig                         0x08002fe1   Thumb Code    36  stm32f10x_spi.o(i.SPI_I2S_ITConfig)
    SPI_I2S_ReceiveData                      0x08003005   Thumb Code     6  stm32f10x_spi.o(i.SPI_I2S_ReceiveData)
    SPI_I2S_SendData                         0x0800300b   Thumb Code     4  stm32f10x_spi.o(i.SPI_I2S_SendData)
    SPI_Init                                 0x0800300f   Thumb Code    60  stm32f10x_spi.o(i.SPI_Init)
    SetBTABLE                                0x0800304d   Thumb Code    12  usb_regs.o(i.SetBTABLE)
    SetDeviceAddress                         0x0800305d   Thumb Code    64  usb_core.o(i.SetDeviceAddress)
    SetEPRxAddr                              0x080030a9   Thumb Code    28  usb_regs.o(i.SetEPRxAddr)
    SetEPRxCount                             0x080030cd   Thumb Code    70  usb_regs.o(i.SetEPRxCount)
    SetEPRxStatus                            0x0800311d   Thumb Code    54  usb_regs.o(i.SetEPRxStatus)
    SetEPRxValid                             0x08003159   Thumb Code    40  usb_regs.o(i.SetEPRxValid)
    SetEPTxAddr                              0x08003185   Thumb Code    24  usb_regs.o(i.SetEPTxAddr)
    SetEPTxCount                             0x080031a5   Thumb Code    22  usb_regs.o(i.SetEPTxCount)
    SetEPTxStatus                            0x080031c5   Thumb Code    54  usb_regs.o(i.SetEPTxStatus)
    SetEPTxValid                             0x08003201   Thumb Code    40  usb_regs.o(i.SetEPTxValid)
    SetEPType                                0x0800322d   Thumb Code    32  usb_regs.o(i.SetEPType)
    Setup0_Process                           0x08003329   Thumb Code   164  usb_core.o(i.Setup0_Process)
    Standard_ClearFeature                    0x080033d9   Thumb Code   330  usb_core.o(i.Standard_ClearFeature)
    Standard_GetConfiguration                0x08003539   Thumb Code    34  usb_core.o(i.Standard_GetConfiguration)
    Standard_GetDescriptorData               0x08003565   Thumb Code    32  usb_core.o(i.Standard_GetDescriptorData)
    Standard_GetInterface                    0x08003589   Thumb Code    34  usb_core.o(i.Standard_GetInterface)
    Standard_GetStatus                       0x080035b5   Thumb Code   224  usb_core.o(i.Standard_GetStatus)
    Standard_SetConfiguration                0x080036a5   Thumb Code    60  usb_core.o(i.Standard_SetConfiguration)
    Standard_SetDeviceFeature                0x080036ed   Thumb Code    30  usb_core.o(i.Standard_SetDeviceFeature)
    Standard_SetEndPointFeature              0x08003715   Thumb Code   180  usb_core.o(i.Standard_SetEndPointFeature)
    Standard_SetInterface                    0x080037d9   Thumb Code    96  usb_core.o(i.Standard_SetInterface)
    SysTickHandler                           0x08003845   Thumb Code     2  stm32f10x_it.o(i.SysTickHandler)
    SystemInit                               0x08003849   Thumb Code    70  system_stm32f10x.o(i.SystemInit)
    TAMPER_IRQHandler                        0x0800389d   Thumb Code     2  stm32f10x_it.o(i.TAMPER_IRQHandler)
    TIM1_BRK_IRQHandler                      0x0800389f   Thumb Code     2  stm32f10x_it.o(i.TIM1_BRK_IRQHandler)
    TIM1_CC_IRQHandler                       0x080038a1   Thumb Code     2  stm32f10x_it.o(i.TIM1_CC_IRQHandler)
    TIM1_TRG_COM_IRQHandler                  0x080038a3   Thumb Code     2  stm32f10x_it.o(i.TIM1_TRG_COM_IRQHandler)
    TIM1_UP_IRQHandler                       0x080038a5   Thumb Code    12  stm32f10x_it.o(i.TIM1_UP_IRQHandler)
    TIM2_IRQHandler                          0x080038b5   Thumb Code    52  stm32f10x_it.o(i.TIM2_IRQHandler)
    TIM3_IRQHandler                          0x080038ed   Thumb Code    82  stm32f10x_it.o(i.TIM3_IRQHandler)
    TIM4_IRQHandler                          0x08003949   Thumb Code    74  stm32f10x_it.o(i.TIM4_IRQHandler)
    TIM5_IRQHandler                          0x0800399d   Thumb Code     2  stm32f10x_it.o(i.TIM5_IRQHandler)
    TIM6_IRQHandler                          0x0800399f   Thumb Code     2  stm32f10x_it.o(i.TIM6_IRQHandler)
    TIM7_IRQHandler                          0x080039a1   Thumb Code     2  stm32f10x_it.o(i.TIM7_IRQHandler)
    TIM8_BRK_IRQHandler                      0x080039a3   Thumb Code     2  stm32f10x_it.o(i.TIM8_BRK_IRQHandler)
    TIM8_CC_IRQHandler                       0x080039a5   Thumb Code     2  stm32f10x_it.o(i.TIM8_CC_IRQHandler)
    TIM8_TRG_COM_IRQHandler                  0x080039a7   Thumb Code     2  stm32f10x_it.o(i.TIM8_TRG_COM_IRQHandler)
    TIM8_UP_IRQHandler                       0x080039a9   Thumb Code    12  stm32f10x_it.o(i.TIM8_UP_IRQHandler)
    TIM_ARRPreloadConfig                     0x080039b9   Thumb Code    24  stm32f10x_tim.o(i.TIM_ARRPreloadConfig)
    TIM_ClearFlag                            0x080039d1   Thumb Code     6  stm32f10x_tim.o(i.TIM_ClearFlag)
    TIM_ClearITPendingBit                    0x080039d7   Thumb Code     6  stm32f10x_tim.o(i.TIM_ClearITPendingBit)
    TIM_Cmd                                  0x080039dd   Thumb Code    24  stm32f10x_tim.o(i.TIM_Cmd)
    TIM_DeInit                               0x080039f5   Thumb Code   214  stm32f10x_tim.o(i.TIM_DeInit)
    TIM_GetITStatus                          0x08003ad5   Thumb Code    34  stm32f10x_tim.o(i.TIM_GetITStatus)
    TIM_ITConfig                             0x08003af7   Thumb Code    24  stm32f10x_tim.o(i.TIM_ITConfig)
    TIM_OC1Init                              0x08003b11   Thumb Code   110  stm32f10x_tim.o(i.TIM_OC1Init)
    TIM_OC1PreloadConfig                     0x08003b89   Thumb Code    18  stm32f10x_tim.o(i.TIM_OC1PreloadConfig)
    TIM_OC2Init                              0x08003b9d   Thumb Code   140  stm32f10x_tim.o(i.TIM_OC2Init)
    TIM_OC2PreloadConfig                     0x08003c31   Thumb Code    22  stm32f10x_tim.o(i.TIM_OC2PreloadConfig)
    TIM_OC3Init                              0x08003c49   Thumb Code   136  stm32f10x_tim.o(i.TIM_OC3Init)
    TIM_OC3PreloadConfig                     0x08003cd9   Thumb Code    18  stm32f10x_tim.o(i.TIM_OC3PreloadConfig)
    TIM_OC4Init                              0x08003ced   Thumb Code    98  stm32f10x_tim.o(i.TIM_OC4Init)
    TIM_OC4PreloadConfig                     0x08003d59   Thumb Code    22  stm32f10x_tim.o(i.TIM_OC4PreloadConfig)
    TIM_SetCounter                           0x08003d6f   Thumb Code     4  stm32f10x_tim.o(i.TIM_SetCounter)
    TIM_TimeBaseInit                         0x08003d75   Thumb Code    50  stm32f10x_tim.o(i.TIM_TimeBaseInit)
    TaskStart                                0x08003db1   Thumb Code   188  taskinit.o(i.TaskStart)
    Timer2Init                               0x08003ea5   Thumb Code    80  timer2.o(i.Timer2Init)
    Timer3Init                               0x08003ef5   Thumb Code    90  timer3.o(i.Timer3Init)
    Timer3Start                              0x08003f55   Thumb Code    20  timer3.o(i.Timer3Start)
    UART4_IRQHandler                         0x08003f6d   Thumb Code     2  stm32f10x_it.o(i.UART4_IRQHandler)
    UART5_IRQHandler                         0x08003f6f   Thumb Code     2  stm32f10x_it.o(i.UART5_IRQHandler)
    USART1_IRQHandler                        0x08003f71   Thumb Code     8  stm32f10x_it.o(i.USART1_IRQHandler)
    USART2_IRQHandler                        0x08003f79   Thumb Code     2  stm32f10x_it.o(i.USART2_IRQHandler)
    USART3_IRQHandler                        0x08003f7b   Thumb Code     2  stm32f10x_it.o(i.USART3_IRQHandler)
    USART_ClearFlag                          0x08003f7d   Thumb Code     6  stm32f10x_usart.o(i.USART_ClearFlag)
    USART_Cmd                                0x08003f83   Thumb Code    24  stm32f10x_usart.o(i.USART_Cmd)
    USART_Config                             0x08003f9d   Thumb Code   200  hw_config.o(i.USART_Config)
    USART_Config_Default                     0x08004071   Thumb Code    50  hw_config.o(i.USART_Config_Default)
    USART_GetFlagStatus                      0x080040ad   Thumb Code    18  stm32f10x_usart.o(i.USART_GetFlagStatus)
    USART_ITConfig                           0x080040bf   Thumb Code    64  stm32f10x_usart.o(i.USART_ITConfig)
    USART_Init                               0x08004101   Thumb Code   150  stm32f10x_usart.o(i.USART_Init)
    USART_ReceiveData                        0x0800419d   Thumb Code    10  stm32f10x_usart.o(i.USART_ReceiveData)
    USART_SendData                           0x080041a7   Thumb Code     8  stm32f10x_usart.o(i.USART_SendData)
    USBWakeUp_IRQHandler                     0x080041af   Thumb Code     2  stm32f10x_it.o(i.USBWakeUp_IRQHandler)
    USB_Cable_Config                         0x080041b1   Thumb Code    30  hw_config.o(i.USB_Cable_Config)
    USB_HP_CAN_TX_IRQHandler                 0x080041d5   Thumb Code     2  stm32f10x_it.o(i.USB_HP_CAN_TX_IRQHandler)
    USB_Init                                 0x080041d9   Thumb Code    36  usb_init.o(i.USB_Init)
    USB_Interrupts_Config                    0x08004215   Thumb Code    58  hw_config.o(i.USB_Interrupts_Config)
    USB_Istr                                 0x08004251   Thumb Code    98  usb_istr.o(i.USB_Istr)
    USB_LP_CAN_RX0_IRQHandler                0x080042c9   Thumb Code    32  stm32f10x_it.o(i.USB_LP_CAN_RX0_IRQHandler)
    UserToPMABufferCopy                      0x080042f1   Thumb Code    52  usb_mem.o(i.UserToPMABufferCopy)
    Virtual_Com_Port_Data_Setup              0x08004329   Thumb Code    82  usb_prop.o(i.Virtual_Com_Port_Data_Setup)
    Virtual_Com_Port_GetConfigDescriptor     0x0800438d   Thumb Code    14  usb_prop.o(i.Virtual_Com_Port_GetConfigDescriptor)
    Virtual_Com_Port_GetDeviceDescriptor     0x080043a1   Thumb Code    14  usb_prop.o(i.Virtual_Com_Port_GetDeviceDescriptor)
    Virtual_Com_Port_GetLineCoding           0x080043b5   Thumb Code    20  usb_prop.o(i.Virtual_Com_Port_GetLineCoding)
    Virtual_Com_Port_GetStringDescriptor     0x080043d1   Thumb Code    32  usb_prop.o(i.Virtual_Com_Port_GetStringDescriptor)
    Virtual_Com_Port_Get_Interface_Setting   0x080043f9   Thumb Code    22  usb_prop.o(i.Virtual_Com_Port_Get_Interface_Setting)
    Virtual_Com_Port_NoData_Setup            0x08004411   Thumb Code    36  usb_prop.o(i.Virtual_Com_Port_NoData_Setup)
    Virtual_Com_Port_Reset                   0x08004439   Thumb Code   216  usb_prop.o(i.Virtual_Com_Port_Reset)
    Virtual_Com_Port_SetConfiguration        0x08004521   Thumb Code    14  usb_prop.o(i.Virtual_Com_Port_SetConfiguration)
    Virtual_Com_Port_SetDeviceAddress        0x08004539   Thumb Code     8  usb_prop.o(i.Virtual_Com_Port_SetDeviceAddress)
    Virtual_Com_Port_SetLineCoding           0x08004545   Thumb Code    20  usb_prop.o(i.Virtual_Com_Port_SetLineCoding)
    Virtual_Com_Port_Status_In               0x08004561   Thumb Code    22  usb_prop.o(i.Virtual_Com_Port_Status_In)
    Virtual_Com_Port_Status_Out              0x0800457d   Thumb Code     2  usb_prop.o(i.Virtual_Com_Port_Status_Out)
    Virtual_Com_Port_init                    0x08004581   Thumb Code    52  usb_prop.o(i.Virtual_Com_Port_init)
    WWDG_IRQHandler                          0x080045c9   Thumb Code     2  stm32f10x_it.o(i.WWDG_IRQHandler)
    absEncGetAngle                           0x080045cd   Thumb Code    24  absencoder.o(i.absEncGetAngle)
    absEncInit                               0x080045ed   Thumb Code    80  absencoder.o(i.absEncInit)
    absEncUpdateAngle                        0x08004645   Thumb Code   164  absencoder.o(i.absEncUpdateAngle)
    adcInit                                  0x080046f9   Thumb Code    32  adcdriver.o(i.adcInit)
    boardStatusCMD                           0x08004721   Thumb Code   140  common.o(i.boardStatusCMD)
    crcCheck                                 0x080047b1   Thumb Code    50  encrypt.o(i.crcCheck)
    dcmInit                                  0x080047ed   Thumb Code    74  dcmotor.o(i.dcmInit)
    dcmSetCMD                                0x08004841   Thumb Code   104  dcmotor.o(i.dcmSetCMD)
    dcmStartDCM                              0x080048b1   Thumb Code    92  dcmotor.o(i.dcmStartDCM)
    dcmStopDCM                               0x08004911   Thumb Code    48  dcmotor.o(i.dcmStopDCM)
    deviceIDCheck                            0x08004953   Thumb Code    40  encrypt.o(i.deviceIDCheck)
    encryptCMDDeal                           0x0800497b   Thumb Code   270  common.o(i.encryptCMDDeal)
    fanInit                                  0x08004a89   Thumb Code    38  common.o(i.fanInit)
    fanSet                                   0x08004ab5   Thumb Code    26  common.o(i.fanSet)
    frameCheck                               0x08004ad5   Thumb Code    38  frame.o(i.frameCheck)
    frameInit                                0x08004afb   Thumb Code    20  frame.o(i.frameInit)
    framePackage                             0x08004b0f   Thumb Code    26  frame.o(i.framePackage)
    getBufferVerify                          0x08004b29   Thumb Code    22  frame.o(i.getBufferVerify)
    getProgramCRC                            0x08004b41   Thumb Code    64  encrypt.o(i.getProgramCRC)
    iicAck                                   0x08004b89   Thumb Code    56  eeprom.o(i.iicAck)
    iicInit                                  0x08004bc5   Thumb Code    30  eeprom.o(i.iicInit)
    iicRead                                  0x08004be9   Thumb Code    92  eeprom.o(i.iicRead)
    iicReadByte                              0x08004c45   Thumb Code   130  eeprom.o(i.iicReadByte)
    iicStart                                 0x08004ccd   Thumb Code    46  eeprom.o(i.iicStart)
    iicStop                                  0x08004d01   Thumb Code    46  eeprom.o(i.iicStop)
    iicWrite                                 0x08004d35   Thumb Code    80  eeprom.o(i.iicWrite)
    iicWriteByte                             0x08004d85   Thumb Code   102  eeprom.o(i.iicWriteByte)
    ledINIT                                  0x08004df1   Thumb Code    36  common.o(i.ledINIT)
    main                                     0x08004e19   Thumb Code    26  main.o(i.main)
    pcRxQueueIn                              0x08004e3d   Thumb Code    36  pccomm.o(i.pcRxQueueIn)
    pcRxQueueLen                             0x08004e69   Thumb Code    10  pccomm.o(i.pcRxQueueLen)
    pcRxQueueOutFrame                        0x08004e79   Thumb Code   152  pccomm.o(i.pcRxQueueOutFrame)
    pcSendTxQueue                            0x08004f15   Thumb Code    50  pccomm.o(i.pcSendTxQueue)
    pcTxQueueAddFrame                        0x08004f4d   Thumb Code    70  pccomm.o(i.pcTxQueueAddFrame)
    pcTxQueueLen                             0x08004f9d   Thumb Code    10  pccomm.o(i.pcTxQueueLen)
    powerKeyDet                              0x08004fad   Thumb Code    40  common.o(i.powerKeyDet)
    powerON                                  0x08004fdd   Thumb Code    76  common.o(i.powerON)
    readDeviceID                             0x08005031   Thumb Code     4  encrypt.o(i.readDeviceID)
    readFlashData                            0x08005035   Thumb Code   190  encrypt.o(i.readFlashData)
    readFlashEncryptData                     0x080050f9   Thumb Code    90  encrypt.o(i.readFlashEncryptData)
    readSerialID                             0x08005159   Thumb Code    24  encrypt.o(i.readSerialID)
    serialIDCheck                            0x08005175   Thumb Code   122  encrypt.o(i.serialIDCheck)
    smClearRotate                            0x080051f9   Thumb Code    38  stepmotor.o(i.smClearRotate)
    smGetAngle                               0x08005225   Thumb Code    90  stepmotor.o(i.smGetAngle)
    smInit                                   0x0800528d   Thumb Code   168  stepmotor.o(i.smInit)
    smRotate                                 0x08005345   Thumb Code   170  stepmotor.o(i.smRotate)
    smRotateTick                             0x080053f9   Thumb Code   272  stepmotor.o(i.smRotateTick)
    smRunSM                                  0x08005515   Thumb Code   346  stepmotor.o(i.smRunSM)
    smSetCMD                                 0x08005691   Thumb Code   426  stepmotor.o(i.smSetCMD)
    smSlowDown                               0x0800584d   Thumb Code    46  stepmotor.o(i.smSlowDown)
    smSpeedUp                                0x08005881   Thumb Code    72  stepmotor.o(i.smSpeedUp)
    smStartSM                                0x080058cd   Thumb Code    72  stepmotor.o(i.smStartSM)
    smUniform                                0x08005919   Thumb Code    40  stepmotor.o(i.smUniform)
    smUpdateAngle                            0x08005945   Thumb Code    26  stepmotor.o(i.smUpdateAngle)
    smUploadAngle                            0x08005965   Thumb Code   142  stepmotor.o(i.smUploadAngle)
    task1                                    0x080059fd   Thumb Code   224  task.o(i.task1)
    task2                                    0x08005ae5   Thumb Code    54  task.o(i.task2)
    task3                                    0x08005b25   Thumb Code    52  task.o(i.task3)
    task4                                    0x08005b61   Thumb Code    48  task.o(i.task4)
    task5                                    0x08005b99   Thumb Code    54  task.o(i.task5)
    tchSWInit                                0x08005bd9   Thumb Code    96  dcmotor.o(i.tchSWInit)
    tchSWIsr                                 0x08005c3d   Thumb Code    54  dcmotor.o(i.tchSWIsr)
    temAppClear                              0x08005c79   Thumb Code    76  temcontrol.o(i.temAppClear)
    temAppGetTem                             0x08005cc9   Thumb Code   302  temcontrol.o(i.temAppGetTem)
    temAppInit                               0x08005e45   Thumb Code    62  temcontrol.o(i.temAppInit)
    temCMDDeal                               0x08005e89   Thumb Code   302  temcontrol.o(i.temCMDDeal)
    temCool                                  0x08005fc9   Thumb Code    86  temdriver.o(i.temCool)
    temGetHighTime                           0x08006029   Thumb Code   362  temcontrol.o(i.temGetHighTime)
    temHeat                                  0x080061b1   Thumb Code    86  temdriver.o(i.temHeat)
    temHeatCool                              0x08006211   Thumb Code   312  temcontrol.o(i.temHeatCool)
    temPinInit                               0x08006359   Thumb Code    62  temdriver.o(i.temPinInit)
    temStop                                  0x080063a1   Thumb Code    68  temdriver.o(i.temStop)
    temTaskDeal                              0x080063ed   Thumb Code   122  temcontrol.o(i.temTaskDeal)
    tim5ConfigPWM                            0x08006471   Thumb Code   124  timer5.o(i.tim5ConfigPWM)
    tim5SetPeriod                            0x080064f1   Thumb Code    60  timer5.o(i.tim5SetPeriod)
    tim5StartCounter                         0x08006531   Thumb Code    20  timer5.o(i.tim5StartCounter)
    uart1Init                                0x08006549   Thumb Code   130  uart1.o(i.uart1Init)
    uart1Isr                                 0x080065d5   Thumb Code    68  uart1.o(i.uart1Isr)
    uart1SendByte                            0x0800661d   Thumb Code    16  uart1.o(i.uart1SendByte)
    writeFlashData                           0x08006631   Thumb Code   190  encrypt.o(i.writeFlashData)
    writeFlashEncryptData                    0x080066f5   Thumb Code    38  encrypt.o(i.writeFlashEncryptData)
    __aeabi_d2f                              0x0800671d   Thumb Code     0  d2f.o(x$fpl$d2f)
    _d2f                                     0x0800671d   Thumb Code    98  d2f.o(x$fpl$d2f)
    __aeabi_dadd                             0x08006781   Thumb Code     0  daddsub_clz.o(x$fpl$dadd)
    _dadd                                    0x08006781   Thumb Code   328  daddsub_clz.o(x$fpl$dadd)
    __fpl_dcmp_Inf                           0x080068cd   Thumb Code    24  dcmpi.o(x$fpl$dcmpinf)
    __aeabi_ddiv                             0x080068e5   Thumb Code     0  ddiv.o(x$fpl$ddiv)
    _ddiv                                    0x080068e5   Thumb Code   552  ddiv.o(x$fpl$ddiv)
    __aeabi_d2iz                             0x08006b95   Thumb Code     0  dfix.o(x$fpl$dfix)
    _dfix                                    0x08006b95   Thumb Code    94  dfix.o(x$fpl$dfix)
    __aeabi_i2d                              0x08006bf3   Thumb Code     0  dflt_clz.o(x$fpl$dflt)
    _dflt                                    0x08006bf3   Thumb Code    46  dflt_clz.o(x$fpl$dflt)
    __aeabi_ui2d                             0x08006c21   Thumb Code     0  dflt_clz.o(x$fpl$dfltu)
    _dfltu                                   0x08006c21   Thumb Code    38  dflt_clz.o(x$fpl$dfltu)
    __aeabi_cdcmple                          0x08006c49   Thumb Code     0  dleqf.o(x$fpl$dleqf)
    _dcmple                                  0x08006c49   Thumb Code   120  dleqf.o(x$fpl$dleqf)
    __fpl_dcmple_InfNaN                      0x08006cab   Thumb Code     0  dleqf.o(x$fpl$dleqf)
    __aeabi_dmul                             0x08006cc1   Thumb Code     0  dmul.o(x$fpl$dmul)
    _dmul                                    0x08006cc1   Thumb Code   332  dmul.o(x$fpl$dmul)
    __fpl_dnaninf                            0x08006e15   Thumb Code   156  dnaninf.o(x$fpl$dnaninf)
    __fpl_dretinf                            0x08006eb1   Thumb Code    12  dretinf.o(x$fpl$dretinf)
    __aeabi_cdrcmple                         0x08006ebd   Thumb Code     0  drleqf.o(x$fpl$drleqf)
    _drcmple                                 0x08006ebd   Thumb Code   108  drleqf.o(x$fpl$drleqf)
    __aeabi_drsub                            0x08006f29   Thumb Code     0  daddsub_clz.o(x$fpl$drsb)
    _drsb                                    0x08006f29   Thumb Code    22  daddsub_clz.o(x$fpl$drsb)
    __aeabi_dsub                             0x08006f41   Thumb Code     0  daddsub_clz.o(x$fpl$dsub)
    _dsub                                    0x08006f41   Thumb Code   464  daddsub_clz.o(x$fpl$dsub)
    __aeabi_f2d                              0x08007115   Thumb Code     0  f2d.o(x$fpl$f2d)
    _f2d                                     0x08007115   Thumb Code    86  f2d.o(x$fpl$f2d)
    __aeabi_fadd                             0x0800716d   Thumb Code     0  faddsub_clz.o(x$fpl$fadd)
    _fadd                                    0x0800716d   Thumb Code   196  faddsub_clz.o(x$fpl$fadd)
    __fpl_fcmp_Inf                           0x08007231   Thumb Code    24  fcmpi.o(x$fpl$fcmpinf)
    __aeabi_fdiv                             0x08007249   Thumb Code     0  fdiv.o(x$fpl$fdiv)
    _fdiv                                    0x08007249   Thumb Code   384  fdiv.o(x$fpl$fdiv)
    __aeabi_f2iz                             0x080073cd   Thumb Code     0  ffix.o(x$fpl$ffix)
    _ffix                                    0x080073cd   Thumb Code    54  ffix.o(x$fpl$ffix)
    __aeabi_f2uiz                            0x08007405   Thumb Code     0  ffixu.o(x$fpl$ffixu)
    _ffixu                                   0x08007405   Thumb Code    62  ffixu.o(x$fpl$ffixu)
    __aeabi_i2f                              0x08007445   Thumb Code     0  fflt_clz.o(x$fpl$fflt)
    _fflt                                    0x08007445   Thumb Code    48  fflt_clz.o(x$fpl$fflt)
    __aeabi_cfcmple                          0x08007475   Thumb Code     0  fleqf.o(x$fpl$fleqf)
    _fcmple                                  0x08007475   Thumb Code   104  fleqf.o(x$fpl$fleqf)
    __fpl_fcmple_InfNaN                      0x080074c7   Thumb Code     0  fleqf.o(x$fpl$fleqf)
    __aeabi_fmul                             0x080074dd   Thumb Code     0  fmul.o(x$fpl$fmul)
    _fmul                                    0x080074dd   Thumb Code   258  fmul.o(x$fpl$fmul)
    __fpl_fnaninf                            0x080075df   Thumb Code   140  fnaninf.o(x$fpl$fnaninf)
    _fp_init                                 0x0800766b   Thumb Code    14  fpinit.o(x$fpl$fpinit)
    __fplib_config_pureend_doubles           0x08007677   Thumb Code     0  fpinit.o(x$fpl$fpinit)
    __fpl_fretinf                            0x08007679   Thumb Code    10  fretinf.o(x$fpl$fretinf)
    __aeabi_cfrcmple                         0x08007683   Thumb Code     0  frleqf.o(x$fpl$frleqf)
    _frcmple                                 0x08007683   Thumb Code    98  frleqf.o(x$fpl$frleqf)
    __aeabi_fsub                             0x080076e5   Thumb Code     0  faddsub_clz.o(x$fpl$fsub)
    _fsub                                    0x080076e5   Thumb Code   234  faddsub_clz.o(x$fpl$fsub)
    __I$use$fp                               0x080077cf   Thumb Code     0  usenofp.o(x$fpl$usenofp)
    g_dcm_rate                               0x080077ce   Data           6  dcmotor.o(.constdata)
    OSUnMapTbl                               0x080077d4   Data         256  os_core.o(.constdata)
    Virtual_Com_Port_DeviceDescriptor        0x080078d4   Data          18  usb_desc.o(.constdata)
    Virtual_Com_Port_ConfigDescriptor        0x080078e6   Data          67  usb_desc.o(.constdata)
    Virtual_Com_Port_StringLangID            0x08007929   Data           4  usb_desc.o(.constdata)
    Virtual_Com_Port_StringVendor            0x0800792d   Data          38  usb_desc.o(.constdata)
    Virtual_Com_Port_StringProduct           0x08007953   Data          50  usb_desc.o(.constdata)
    Region$$Table$$Base                      0x0800799c   Number         0  anon$$obj.o(Region$$Table)
    Region$$Table$$Limit                     0x080079bc   Number         0  anon$$obj.o(Region$$Table)
    g_u8StartOver                            0x20000000   Data           1  taskinit.o(.data)
    g_EventUSBRx                             0x20000004   Data           4  taskinit.o(.data)
    g_EventUSBTx                             0x20000008   Data           4  taskinit.o(.data)
    g_EventTemCtrl                           0x2000000c   Data           4  taskinit.o(.data)
    g_dcm                                    0x20000010   Data           4  dcmotor.o(.data)
    HSEStartUpStatus                         0x20000014   Data           1  bsp.o(.data)
    g_powerKey                               0x20000015   Data           1  common.o(.data)
    g_temx_io                                0x20000016   Data           6  temdriver.o(.data)
    g_ad                                     0x2000001c   Data           2  adcdriver.o(.data)
    g_spi1RxData                             0x2000001e   Data           2  spi1.o(.data)
    g_spi2RxData                             0x20000020   Data           2  spi2.o(.data)
    OSCtxSwCtr                               0x20000024   Data           4  os_core.o(.data)
    OSEventFreeList                          0x20000028   Data           4  os_core.o(.data)
    OSFlagFreeList                           0x2000002c   Data           4  os_core.o(.data)
    OSCPUUsage                               0x20000030   Data           1  os_core.o(.data)
    OSIdleCtrMax                             0x20000034   Data           4  os_core.o(.data)
    OSIdleCtrRun                             0x20000038   Data           4  os_core.o(.data)
    OSStatRdy                                0x2000003c   Data           1  os_core.o(.data)
    OSIntNesting                             0x2000003d   Data           1  os_core.o(.data)
    OSLockNesting                            0x2000003e   Data           1  os_core.o(.data)
    OSPrioCur                                0x2000003f   Data           1  os_core.o(.data)
    OSPrioHighRdy                            0x20000040   Data           1  os_core.o(.data)
    OSRdyGrp                                 0x20000041   Data           1  os_core.o(.data)
    OSRdyTbl                                 0x20000042   Data           8  os_core.o(.data)
    OSRunning                                0x2000004a   Data           1  os_core.o(.data)
    OSTaskCtr                                0x2000004b   Data           1  os_core.o(.data)
    OSIdleCtr                                0x2000004c   Data           4  os_core.o(.data)
    OSTCBCur                                 0x20000050   Data           4  os_core.o(.data)
    OSTCBFreeList                            0x20000054   Data           4  os_core.o(.data)
    OSTCBHighRdy                             0x20000058   Data           4  os_core.o(.data)
    OSTCBList                                0x2000005c   Data           4  os_core.o(.data)
    OSTickStepState                          0x20000060   Data           1  os_core.o(.data)
    OSMemFreeList                            0x20000064   Data           4  os_core.o(.data)
    OSQFreeList                              0x20000068   Data           4  os_core.o(.data)
    OSTime                                   0x2000006c   Data           4  os_core.o(.data)
    Virtual_Com_Port_StringSerial            0x20000070   Data          26  usb_desc.o(.data)
    g_USBRxCNT                               0x2000008c   Data           4  usb_endp.o(.data)
    count_in                                 0x20000090   Data           4  usb_endp.o(.data)
    bIntPackSOF                              0x20000094   Data           1  usb_istr.o(.data)
    pEpInt_IN                                0x20000098   Data          28  usb_istr.o(.data)
    pEpInt_OUT                               0x200000b4   Data          28  usb_istr.o(.data)
    wIstr                                    0x200000d0   Data           2  usb_istr.o(.data)
    Request                                  0x200000d4   Data           1  usb_prop.o(.data)
    linecoding                               0x200000d8   Data           8  usb_prop.o(.data)
    Device_Table                             0x200000e0   Data           2  usb_prop.o(.data)
    Device_Property                          0x200000e4   Data          48  usb_prop.o(.data)
    User_Standard_Requests                   0x20000114   Data          36  usb_prop.o(.data)
    Device_Descriptor                        0x20000138   Data           8  usb_prop.o(.data)
    Config_Descriptor                        0x20000140   Data           8  usb_prop.o(.data)
    String_Descriptor                        0x20000148   Data          32  usb_prop.o(.data)
    bDeviceState                             0x20000168   Data           4  usb_pwr.o(.data)
    fSuspendEnabled                          0x2000016c   Data           1  usb_pwr.o(.data)
    ResumeS                                  0x2000016d   Data           2  usb_pwr.o(.data)
    Data_Mul_MaxPacketSize                   0x20000170   Data           1  usb_core.o(.data)
    StatusInfo                               0x20000172   Data           2  usb_core.o(.data)
    EPindex                                  0x20000174   Data           1  usb_init.o(.data)
    pInformation                             0x20000178   Data           4  usb_init.o(.data)
    pProperty                                0x2000017c   Data           4  usb_init.o(.data)
    SaveState                                0x20000180   Data           2  usb_init.o(.data)
    wInterrupt_Mask                          0x20000182   Data           2  usb_init.o(.data)
    pUser_Standard_Requests                  0x20000184   Data           4  usb_init.o(.data)
    SaveRState                               0x20000188   Data           2  usb_int.o(.data)
    SaveTState                               0x2000018a   Data           2  usb_int.o(.data)
    TaskStart_STK                            0x20000194   Data        2048  taskinit.o(.bss)
    TASK1_STK                                0x20000994   Data        4096  taskinit.o(.bss)
    TASK2_STK                                0x20001994   Data        4096  taskinit.o(.bss)
    TASK3_STK                                0x20002994   Data        4096  taskinit.o(.bss)
    TASK4_STK                                0x20003994   Data        4096  taskinit.o(.bss)
    TASK5_STK                                0x20004994   Data        4096  taskinit.o(.bss)
    g_PCTxQueue                              0x20005994   Data         264  pccomm.o(.bss)
    g_PCRxQueue                              0x20005a9c   Data         264  pccomm.o(.bss)
    g_sm                                     0x20005ba4   Data         128  stepmotor.o(.bss)
    g_tem                                    0x20005c24   Data          28  temcontrol.o(.bss)
    g_absEnc                                 0x20005c40   Data          24  absencoder.o(.bss)
    OSEventTbl                               0x20005c58   Data        1152  os_core.o(.bss)
    OSFlagTbl                                0x200060d8   Data         140  os_core.o(.bss)
    OSTaskStatStk                            0x20006164   Data         512  os_core.o(.bss)
    OSTaskIdleStk                            0x20006364   Data         512  os_core.o(.bss)
    OSTCBPrioTbl                             0x20006564   Data         256  os_core.o(.bss)
    OSTCBTbl                                 0x20006664   Data        1936  os_core.o(.bss)
    OSMemTbl                                 0x20006df4   Data         180  os_core.o(.bss)
    OSQTbl                                   0x20006ea8   Data          96  os_core.o(.bss)
    USART_InitStructure                      0x20006f08   Data          16  hw_config.o(.bss)
    buffer_in                                0x20006f18   Data          64  hw_config.o(.bss)
    g_USBRxBuff                              0x20006f58   Data          64  usb_endp.o(.bss)
    Device_Info                              0x20006f98   Data          28  usb_init.o(.bss)
    __libspace_start                         0x20006fb4   Data          96  libspace.o(.bss)
    __temporary_stack_top$libspace           0x20007014   Data           0  libspace.o(.bss)



==============================================================================

Memory Map of the image

  Image Entry point : 0x08000149

  Load Region LR_IROM1 (Base: 0x08000000, Size: 0x00007b50, Max: 0x00040000, ABSOLUTE, COMPRESSED[0x00007a3c])

    Execution Region ER_IROM1 (Base: 0x08000000, Size: 0x000079bc, Max: 0x00040000, ABSOLUTE)

    Base Addr    Size         Type   Attr      Idx    E Section Name        Object

    0x08000000   0x00000148   Code   RO         5929    RESET               stm32f10x_startup.o
    0x08000148   0x00000008   Code   RO         5944  * !!!main             c_w.l(__main.o)(c_w.l)
    0x08000150   0x00000034   Code   RO         6181    !!!scatter          c_w.l(__scatter.o)(c_w.l)
    0x08000184   0x0000005a   Code   RO         6179    !!dczerorl2         c_w.l(__dczerorl2.o)(c_w.l)
    0x080001de   0x00000002   PAD
    0x080001e0   0x0000001c   Code   RO         6183    !!handler_zi        c_w.l(__scatter_zi.o)(c_w.l)
    0x080001fc   0x00000006   Code   RO         6049    .ARM.Collect$$libinit$$00000000  c_w.l(libinit.o)(c_w.l)
    0x08000202   0x00000000   Code   RO         6057    .ARM.Collect$$libinit$$00000006  c_w.l(libinit2.o)(c_w.l)
    0x08000202   0x00000000   Code   RO         6059    .ARM.Collect$$libinit$$00000008  c_w.l(libinit2.o)(c_w.l)
    0x08000202   0x00000000   Code   RO         6061    .ARM.Collect$$libinit$$0000000A  c_w.l(libinit2.o)(c_w.l)
    0x08000202   0x00000000   Code   RO         6064    .ARM.Collect$$libinit$$0000000D  c_w.l(libinit2.o)(c_w.l)
    0x08000202   0x00000000   Code   RO         6066    .ARM.Collect$$libinit$$0000000F  c_w.l(libinit2.o)(c_w.l)
    0x08000202   0x00000000   Code   RO         6068    .ARM.Collect$$libinit$$00000011  c_w.l(libinit2.o)(c_w.l)
    0x08000202   0x00000000   Code   RO         6070    .ARM.Collect$$libinit$$00000013  c_w.l(libinit2.o)(c_w.l)
    0x08000202   0x00000000   Code   RO         6072    .ARM.Collect$$libinit$$00000015  c_w.l(libinit2.o)(c_w.l)
    0x08000202   0x00000000   Code   RO         6074    .ARM.Collect$$libinit$$00000017  c_w.l(libinit2.o)(c_w.l)
    0x08000202   0x00000000   Code   RO         6076    .ARM.Collect$$libinit$$00000019  c_w.l(libinit2.o)(c_w.l)
    0x08000202   0x00000000   Code   RO         6078    .ARM.Collect$$libinit$$0000001B  c_w.l(libinit2.o)(c_w.l)
    0x08000202   0x00000000   Code   RO         6080    .ARM.Collect$$libinit$$0000001D  c_w.l(libinit2.o)(c_w.l)
    0x08000202   0x00000000   Code   RO         6082    .ARM.Collect$$libinit$$0000001F  c_w.l(libinit2.o)(c_w.l)
    0x08000202   0x00000000   Code   RO         6084    .ARM.Collect$$libinit$$00000021  c_w.l(libinit2.o)(c_w.l)
    0x08000202   0x00000000   Code   RO         6088    .ARM.Collect$$libinit$$00000028  c_w.l(libinit2.o)(c_w.l)
    0x08000202   0x00000000   Code   RO         6090    .ARM.Collect$$libinit$$0000002A  c_w.l(libinit2.o)(c_w.l)
    0x08000202   0x00000000   Code   RO         6092    .ARM.Collect$$libinit$$0000002C  c_w.l(libinit2.o)(c_w.l)
    0x08000202   0x00000000   Code   RO         6094    .ARM.Collect$$libinit$$0000002E  c_w.l(libinit2.o)(c_w.l)
    0x08000202   0x00000002   Code   RO         6095    .ARM.Collect$$libinit$$0000002F  c_w.l(libinit2.o)(c_w.l)
    0x08000204   0x00000002   Code   RO         6121    .ARM.Collect$$libshutdown$$00000000  c_w.l(libshutdown.o)(c_w.l)
    0x08000206   0x00000000   Code   RO         6134    .ARM.Collect$$libshutdown$$00000003  c_w.l(libshutdown2.o)(c_w.l)
    0x08000206   0x00000000   Code   RO         6137    .ARM.Collect$$libshutdown$$00000006  c_w.l(libshutdown2.o)(c_w.l)
    0x08000206   0x00000000   Code   RO         6140    .ARM.Collect$$libshutdown$$00000009  c_w.l(libshutdown2.o)(c_w.l)
    0x08000206   0x00000000   Code   RO         6142    .ARM.Collect$$libshutdown$$0000000B  c_w.l(libshutdown2.o)(c_w.l)
    0x08000206   0x00000000   Code   RO         6145    .ARM.Collect$$libshutdown$$0000000E  c_w.l(libshutdown2.o)(c_w.l)
    0x08000206   0x00000002   Code   RO         6146    .ARM.Collect$$libshutdown$$0000000F  c_w.l(libshutdown2.o)(c_w.l)
    0x08000208   0x00000000   Code   RO         6006    .ARM.Collect$$rtentry$$00000000  c_w.l(rtentry.o)(c_w.l)
    0x08000208   0x00000000   Code   RO         6022    .ARM.Collect$$rtentry$$00000002  c_w.l(rtentry2.o)(c_w.l)
    0x08000208   0x00000006   Code   RO         6037    .ARM.Collect$$rtentry$$00000004  c_w.l(rtentry4.o)(c_w.l)
    0x0800020e   0x00000000   Code   RO         6024    .ARM.Collect$$rtentry$$00000009  c_w.l(rtentry2.o)(c_w.l)
    0x0800020e   0x00000004   Code   RO         6025    .ARM.Collect$$rtentry$$0000000A  c_w.l(rtentry2.o)(c_w.l)
    0x08000212   0x00000000   Code   RO         6027    .ARM.Collect$$rtentry$$0000000C  c_w.l(rtentry2.o)(c_w.l)
    0x08000212   0x00000008   Code   RO         6028    .ARM.Collect$$rtentry$$0000000D  c_w.l(rtentry2.o)(c_w.l)
    0x0800021a   0x00000002   Code   RO         6053    .ARM.Collect$$rtexit$$00000000  c_w.l(rtexit.o)(c_w.l)
    0x0800021c   0x00000000   Code   RO         6099    .ARM.Collect$$rtexit$$00000002  c_w.l(rtexit2.o)(c_w.l)
    0x0800021c   0x00000004   Code   RO         6100    .ARM.Collect$$rtexit$$00000003  c_w.l(rtexit2.o)(c_w.l)
    0x08000220   0x00000006   Code   RO         6101    .ARM.Collect$$rtexit$$00000004  c_w.l(rtexit2.o)(c_w.l)
    0x08000226   0x00000002   PAD
    0x08000228   0x000000a8   Code   RO         2354    .text               os_cpu_a.o
    0x080002d0   0x0000001c   Code   RO         5930    .text               stm32f10x_startup.o
    0x080002ec   0x00000006   Code   RO         5942    .text               c_w.l(heapauxi.o)(c_w.l)
    0x080002f2   0x0000004a   Code   RO         6039    .text               c_w.l(sys_stackheap_outer.o)(c_w.l)
    0x0800033c   0x0000000c   Code   RO         6041    .text               c_w.l(exit.o)(c_w.l)
    0x08000348   0x00000008   Code   RO         6050    .text               c_w.l(libspace.o)(c_w.l)
    0x08000350   0x0000000c   Code   RO         6109    .text               c_w.l(rt_fp_status_addr_intlibspace.o)(c_w.l)
    0x0800035c   0x0000000c   Code   RO         6113    .text               c_w.l(sys_exit.o)(c_w.l)
    0x08000368   0x00000002   Code   RO         6124    .text               c_w.l(use_no_semi.o)(c_w.l)
    0x0800036a   0x00000002   Code   RO          530    i.ADC3_IRQHandler   stm32f10x_it.o
    0x0800036c   0x00000016   Code   RO         3280    i.ADC_Cmd           stm32f10x_adc.o
    0x08000382   0x00000016   Code   RO         3281    i.ADC_DMACmd        stm32f10x_adc.o
    0x08000398   0x00000060   Code   RO         3282    i.ADC_DeInit        stm32f10x_adc.o
    0x080003f8   0x00000014   Code   RO         3288    i.ADC_GetCalibrationStatus  stm32f10x_adc.o
    0x0800040c   0x00000014   Code   RO         3294    i.ADC_GetResetCalibrationStatus  stm32f10x_adc.o
    0x08000420   0x00000002   Code   RO          531    i.ADC_IRQHandler    stm32f10x_it.o
    0x08000422   0x00000002   PAD
    0x08000424   0x00000050   Code   RO         3298    i.ADC_Init          stm32f10x_adc.o
    0x08000474   0x000000b8   Code   RO         3302    i.ADC_RegularChannelConfig  stm32f10x_adc.o
    0x0800052c   0x0000000a   Code   RO         3303    i.ADC_ResetCalibration  stm32f10x_adc.o
    0x08000536   0x00000016   Code   RO         3305    i.ADC_SoftwareStartConvCmd  stm32f10x_adc.o
    0x0800054c   0x0000000a   Code   RO         3307    i.ADC_StartCalibration  stm32f10x_adc.o
    0x08000556   0x00000002   PAD
    0x08000558   0x00000078   Code   RO         1392    i.AD_DeviceInit     adcdriver.o
    0x080005d0   0x0000001c   Code   RO         1393    i.AD_IOInit         adcdriver.o
    0x080005ec   0x00000092   Code   RO          419    i.BSP_Init          bsp.o
    0x0800067e   0x0000000c   Code   RO         2914    i.ByteSwap          usb_regs.o
    0x0800068a   0x00000002   Code   RO          533    i.CAN_RX1_IRQHandler  stm32f10x_it.o
    0x0800068c   0x00000002   Code   RO          534    i.CAN_SCE_IRQHandler  stm32f10x_it.o
    0x0800068e   0x0000006a   Code   RO          988    i.CMDTestDeal       common.o
    0x080006f8   0x00000330   Code   RO         2867    i.CTR_LP            usb_int.o
    0x08000a28   0x00000038   Code   RO         2915    i.ClearDTOG_RX      usb_regs.o
    0x08000a60   0x00000038   Code   RO         2916    i.ClearDTOG_TX      usb_regs.o
    0x08000a98   0x00000024   Code   RO         2921    i.Clear_Status_Out  usb_regs.o
    0x08000abc   0x00000002   Code   RO          535    i.DMA2_Channel1_IRQHandler  stm32f10x_it.o
    0x08000abe   0x00000002   Code   RO          536    i.DMA2_Channel2_IRQHandler  stm32f10x_it.o
    0x08000ac0   0x00000002   Code   RO          537    i.DMA2_Channel3_IRQHandler  stm32f10x_it.o
    0x08000ac2   0x00000002   Code   RO          538    i.DMA2_Channel4_5_IRQHandler  stm32f10x_it.o
    0x08000ac4   0x00000002   Code   RO          539    i.DMAChannel1_IRQHandler  stm32f10x_it.o
    0x08000ac6   0x00000002   Code   RO          540    i.DMAChannel2_IRQHandler  stm32f10x_it.o
    0x08000ac8   0x00000002   Code   RO          541    i.DMAChannel3_IRQHandler  stm32f10x_it.o
    0x08000aca   0x00000002   Code   RO          542    i.DMAChannel4_IRQHandler  stm32f10x_it.o
    0x08000acc   0x00000002   Code   RO          543    i.DMAChannel5_IRQHandler  stm32f10x_it.o
    0x08000ace   0x00000002   Code   RO          544    i.DMAChannel6_IRQHandler  stm32f10x_it.o
    0x08000ad0   0x00000002   Code   RO          545    i.DMAChannel7_IRQHandler  stm32f10x_it.o
    0x08000ad2   0x00000016   Code   RO         3720    i.DMA_Cmd           stm32f10x_dma.o
    0x08000ae8   0x00000050   Code   RO         1394    i.DMA_Configuration  adcdriver.o
    0x08000b38   0x00000150   Code   RO         3721    i.DMA_DeInit        stm32f10x_dma.o
    0x08000c88   0x0000003c   Code   RO         3726    i.DMA_Init          stm32f10x_dma.o
    0x08000cc4   0x000000c4   Code   RO         2724    i.DataStageIn       usb_core.o
    0x08000d88   0x000000c0   Code   RO         2725    i.DataStageOut      usb_core.o
    0x08000e48   0x0000028c   Code   RO         2726    i.Data_Setup0       usb_core.o
    0x080010d4   0x0000000c   Code   RO         2538    i.EP1_IN_Callback   usb_endp.o
    0x080010e0   0x0000002c   Code   RO         2539    i.EP3_OUT_Callback  usb_endp.o
    0x0800110c   0x0000000a   Code   RO          547    i.EXTI0_IRQHandler  stm32f10x_it.o
    0x08001116   0x00000002   Code   RO          548    i.EXTI15_10_IRQHandler  stm32f10x_it.o
    0x08001118   0x0000000e   Code   RO          549    i.EXTI1_IRQHandler  stm32f10x_it.o
    0x08001126   0x00000002   Code   RO          550    i.EXTI2_IRQHandler  stm32f10x_it.o
    0x08001128   0x00000002   Code   RO          551    i.EXTI3_IRQHandler  stm32f10x_it.o
    0x0800112a   0x00000002   Code   RO          552    i.EXTI4_IRQHandler  stm32f10x_it.o
    0x0800112c   0x00000002   Code   RO          553    i.EXTI9_5_IRQHandler  stm32f10x_it.o
    0x0800112e   0x00000002   PAD
    0x08001130   0x0000000c   Code   RO         3785    i.EXTI_ClearITPendingBit  stm32f10x_exti.o
    0x0800113c   0x000000cc   Code   RO         3790    i.EXTI_Init         stm32f10x_exti.o
    0x08001208   0x00000050   Code   RO         3842    i.FLASH_ErasePage   stm32f10x_flash.o
    0x08001258   0x00000038   Code   RO         3846    i.FLASH_GetStatus   stm32f10x_flash.o
    0x08001290   0x00000002   Code   RO          554    i.FLASH_IRQHandler  stm32f10x_it.o
    0x08001292   0x00000002   PAD
    0x08001294   0x00000014   Code   RO         3851    i.FLASH_Lock        stm32f10x_flash.o
    0x080012a8   0x0000001c   Code   RO         3852    i.FLASH_PrefetchBufferCmd  stm32f10x_flash.o
    0x080012c4   0x00000068   Code   RO         3855    i.FLASH_ProgramWord  stm32f10x_flash.o
    0x0800132c   0x00000018   Code   RO         3857    i.FLASH_SetLatency  stm32f10x_flash.o
    0x08001344   0x00000018   Code   RO         3858    i.FLASH_Unlock      stm32f10x_flash.o
    0x0800135c   0x0000002a   Code   RO         3860    i.FLASH_WaitForLastOperation  stm32f10x_flash.o
    0x08001386   0x00000002   Code   RO          555    i.FSMC_IRQHandler   stm32f10x_it.o
    0x08001388   0x00000040   Code   RO         3989    i.GPIO_EXTILineConfig  stm32f10x_gpio.o
    0x080013c8   0x00000110   Code   RO         3992    i.GPIO_Init         stm32f10x_gpio.o
    0x080014d8   0x00000012   Code   RO         3996    i.GPIO_ReadInputDataBit  stm32f10x_gpio.o
    0x080014ea   0x00000004   Code   RO         3999    i.GPIO_ResetBits    stm32f10x_gpio.o
    0x080014ee   0x00000004   Code   RO         4000    i.GPIO_SetBits      stm32f10x_gpio.o
    0x080014f2   0x00000002   PAD
    0x080014f4   0x00000024   Code   RO         2933    i.GetEPRxAddr       usb_regs.o
    0x08001518   0x00000024   Code   RO         2934    i.GetEPRxCount      usb_regs.o
    0x0800153c   0x00000020   Code   RO         2936    i.GetEPTxAddr       usb_regs.o
    0x0800155c   0x00000050   Code   RO         2441    i.Get_SerialNum     hw_config.o
    0x080015ac   0x00000002   Code   RO          557    i.I2C1_ER_IRQHandler  stm32f10x_it.o
    0x080015ae   0x00000002   Code   RO          558    i.I2C1_EV_IRQHandler  stm32f10x_it.o
    0x080015b0   0x00000002   Code   RO          559    i.I2C2_ER_IRQHandler  stm32f10x_it.o
    0x080015b2   0x00000002   Code   RO          560    i.I2C2_EV_IRQHandler  stm32f10x_it.o
    0x080015b4   0x00000070   Code   RO         2727    i.In0_Process       usb_core.o
    0x08001624   0x00000014   Code   RO          989    i.LEDOFF            common.o
    0x08001638   0x00000014   Code   RO          990    i.LEDON             common.o
    0x0800164c   0x00000020   Code   RO          991    i.LEDREV            common.o
    0x0800166c   0x00000002   Code   RO         2728    i.NOP_Process       usb_core.o
    0x0800166e   0x000000c0   Code   RO          476    i.NVIC_Configuration  nvic.o
    0x0800172e   0x00000002   PAD
    0x08001730   0x000000cc   Code   RO         4318    i.NVIC_Init         stm32f10x_nvic.o
    0x080017fc   0x00000014   Code   RO         4319    i.NVIC_PriorityGroupConfig  stm32f10x_nvic.o
    0x08001810   0x00000144   Code   RO         2729    i.NoData_Setup0     usb_core.o
    0x08001954   0x00000030   Code   RO         1692    i.OSInit            os_core.o
    0x08001984   0x00000002   Code   RO         2358    i.OSInitHookBegin   os_cpu_c.o
    0x08001986   0x00000002   Code   RO         2359    i.OSInitHookEnd     os_cpu_c.o
    0x08001988   0x00000094   Code   RO         1694    i.OSIntExit         os_core.o
    0x08001a1c   0x00000058   Code   RO         2187    i.OSSemCreate       os_sem.o
    0x08001a74   0x000000f8   Code   RO         2189    i.OSSemPend         os_sem.o
    0x08001b6c   0x0000005e   Code   RO         2191    i.OSSemPost         os_sem.o
    0x08001bca   0x00000002   PAD
    0x08001bcc   0x00000048   Code   RO         1697    i.OSStart           os_core.o
    0x08001c14   0x00000002   Code   RO         2360    i.OSTCBInitHook     os_cpu_c.o
    0x08001c16   0x00000002   PAD
    0x08001c18   0x000000a8   Code   RO         2240    i.OSTaskCreate      os_task.o
    0x08001cc0   0x000000b8   Code   RO         2241    i.OSTaskCreateExt   os_task.o
    0x08001d78   0x00000002   Code   RO         2361    i.OSTaskCreateHook  os_cpu_c.o
    0x08001d7a   0x00000002   Code   RO         2363    i.OSTaskIdleHook    os_cpu_c.o
    0x08001d7c   0x000000ac   Code   RO         2245    i.OSTaskNameSet     os_task.o
    0x08001e28   0x00000002   Code   RO         2364    i.OSTaskStatHook    os_cpu_c.o
    0x08001e2a   0x0000009a   Code   RO         2365    i.OSTaskStkInit     os_cpu_c.o
    0x08001ec4   0x00000002   Code   RO         2366    i.OSTaskSwHook      os_cpu_c.o
    0x08001ec6   0x00000002   PAD
    0x08001ec8   0x00000070   Code   RO         2312    i.OSTimeDly         os_time.o
    0x08001f38   0x000000f4   Code   RO         1699    i.OSTimeTick        os_core.o
    0x0800202c   0x00000002   Code   RO         2367    i.OSTimeTickHook    os_cpu_c.o
    0x0800202e   0x00000002   PAD
    0x08002030   0x00000050   Code   RO         1702    i.OS_EventTOAbort   os_core.o
    0x08002080   0x000000dc   Code   RO         1703    i.OS_EventTaskRdy   os_core.o
    0x0800215c   0x0000007c   Code   RO         1704    i.OS_EventTaskWait  os_core.o
    0x080021d8   0x0000001c   Code   RO         1705    i.OS_EventWaitListInit  os_core.o
    0x080021f4   0x0000004c   Code   RO         1893    i.OS_FlagInit       os_flag.o
    0x08002240   0x00000050   Code   RO         1706    i.OS_InitEventList  os_core.o
    0x08002290   0x00000054   Code   RO         1707    i.OS_InitMisc       os_core.o
    0x080022e4   0x00000048   Code   RO         1708    i.OS_InitRdyList    os_core.o
    0x0800232c   0x00000068   Code   RO         1709    i.OS_InitTCBList    os_core.o
    0x08002394   0x00000050   Code   RO         1710    i.OS_InitTaskIdle   os_core.o
    0x080023e4   0x00000050   Code   RO         1711    i.OS_InitTaskStat   os_core.o
    0x08002434   0x00000012   Code   RO         1712    i.OS_MemClr         os_core.o
    0x08002446   0x00000002   PAD
    0x08002448   0x0000004c   Code   RO         2025    i.OS_MemInit        os_mem.o
    0x08002494   0x00000038   Code   RO         2124    i.OS_QInit          os_q.o
    0x080024cc   0x00000074   Code   RO         1714    i.OS_Sched          os_core.o
    0x08002540   0x0000002c   Code   RO         1715    i.OS_SchedNew       os_core.o
    0x0800256c   0x0000001c   Code   RO         1716    i.OS_StrCopy        os_core.o
    0x08002588   0x00000014   Code   RO         1717    i.OS_StrLen         os_core.o
    0x0800259c   0x0000012c   Code   RO         1718    i.OS_TCBInit        os_core.o
    0x080026c8   0x00000024   Code   RO         1719    i.OS_TaskIdle       os_core.o
    0x080026ec   0x0000008c   Code   RO         1720    i.OS_TaskStat       os_core.o
    0x08002778   0x00000050   Code   RO         2730    i.Out0_Process      usb_core.o
    0x080027c8   0x00000024   Code   RO         2896    i.PMAToUserBufferCopy  usb_mem.o
    0x080027ec   0x00000002   Code   RO          563    i.PVD_IRQHandler    stm32f10x_it.o
    0x080027ee   0x00000002   PAD
    0x080027f0   0x00000048   Code   RO         2731    i.Post0_Process     usb_core.o
    0x08002838   0x00000050   Code   RO         2683    i.PowerOn           usb_pwr.o
    0x08002888   0x00000020   Code   RO          488    i.QueueGetLen       queue.o
    0x080028a8   0x0000003e   Code   RO          489    i.QueueIn           queue.o
    0x080028e6   0x0000003a   Code   RO          492    i.QueueOut          queue.o
    0x08002920   0x0000002a   Code   RO          493    i.QueueOutByte      queue.o
    0x0800294a   0x00000002   PAD
    0x0800294c   0x00000018   Code   RO         4548    i.RCC_ADCCLKConfig  stm32f10x_rcc.o
    0x08002964   0x00000020   Code   RO         4549    i.RCC_AHBPeriphClockCmd  stm32f10x_rcc.o
    0x08002984   0x00000020   Code   RO         4550    i.RCC_APB1PeriphClockCmd  stm32f10x_rcc.o
    0x080029a4   0x00000020   Code   RO         4551    i.RCC_APB1PeriphResetCmd  stm32f10x_rcc.o
    0x080029c4   0x00000020   Code   RO         4552    i.RCC_APB2PeriphClockCmd  stm32f10x_rcc.o
    0x080029e4   0x00000020   Code   RO         4553    i.RCC_APB2PeriphResetCmd  stm32f10x_rcc.o
    0x08002a04   0x00000014   Code   RO         4556    i.RCC_ClearFlag     stm32f10x_rcc.o
    0x08002a18   0x0000005c   Code   RO          420    i.RCC_Configuration  bsp.o
    0x08002a74   0x000000d4   Code   RO         4560    i.RCC_GetClocksFreq  stm32f10x_rcc.o
    0x08002b48   0x0000003c   Code   RO         4561    i.RCC_GetFlagStatus  stm32f10x_rcc.o
    0x08002b84   0x00000018   Code   RO         4564    i.RCC_HCLKConfig    stm32f10x_rcc.o
    0x08002b9c   0x0000004c   Code   RO         4565    i.RCC_HSEConfig     stm32f10x_rcc.o
    0x08002be8   0x00000002   Code   RO          565    i.RCC_IRQHandler    stm32f10x_it.o
    0x08002bea   0x00000002   PAD
    0x08002bec   0x00000018   Code   RO         4571    i.RCC_PCLK1Config   stm32f10x_rcc.o
    0x08002c04   0x00000018   Code   RO         4572    i.RCC_PCLK2Config   stm32f10x_rcc.o
    0x08002c1c   0x0000000c   Code   RO         4573    i.RCC_PLLCmd        stm32f10x_rcc.o
    0x08002c28   0x0000001c   Code   RO         4574    i.RCC_PLLConfig     stm32f10x_rcc.o
    0x08002c44   0x0000000c   Code   RO         4578    i.RCC_USBCLKConfig  stm32f10x_rcc.o
    0x08002c50   0x00000048   Code   RO         4579    i.RCC_WaitForHSEStartUp  stm32f10x_rcc.o
    0x08002c98   0x00000002   Code   RO          566    i.RTCAlarm_IRQHandler  stm32f10x_it.o
    0x08002c9a   0x00000002   PAD
    0x08002c9c   0x00000020   Code   RO         5838    i.RTC_ClearITPendingBit  stm32f10x_rtc.o
    0x08002cbc   0x0000002c   Code   RO         5844    i.RTC_GetITStatus   stm32f10x_rtc.o
    0x08002ce8   0x00000050   Code   RO          567    i.RTC_IRQHandler    stm32f10x_it.o
    0x08002d38   0x00000014   Code   RO         5849    i.RTC_WaitForLastTask  stm32f10x_rtc.o
    0x08002d4c   0x00000002   Code   RO          568    i.SDIO_IRQHandler   stm32f10x_it.o
    0x08002d4e   0x00000002   PAD
    0x08002d50   0x000000a4   Code   RO         1548    i.SPI1Init          spi1.o
    0x08002df4   0x0000002c   Code   RO         1549    i.SPI1Isr           spi1.o
    0x08002e20   0x00000040   Code   RO         1550    i.SPI1Send          spi1.o
    0x08002e60   0x00000008   Code   RO          569    i.SPI1_IRQHandler   stm32f10x_it.o
    0x08002e68   0x000000a8   Code   RO         1620    i.SPI2Init          spi2.o
    0x08002f10   0x0000002c   Code   RO         1621    i.SPI2Isr           spi2.o
    0x08002f3c   0x00000040   Code   RO         1622    i.SPI2Send          spi2.o
    0x08002f7c   0x00000008   Code   RO          570    i.SPI2_IRQHandler   stm32f10x_it.o
    0x08002f84   0x00000002   Code   RO          571    i.SPI3_IRQHandler   stm32f10x_it.o
    0x08002f86   0x00000018   Code   RO         4940    i.SPI_Cmd           stm32f10x_spi.o
    0x08002f9e   0x00000030   Code   RO         4945    i.SPI_I2S_ClearITPendingBit  stm32f10x_spi.o
    0x08002fce   0x00000012   Code   RO         4948    i.SPI_I2S_GetFlagStatus  stm32f10x_spi.o
    0x08002fe0   0x00000024   Code   RO         4950    i.SPI_I2S_ITConfig  stm32f10x_spi.o
    0x08003004   0x00000006   Code   RO         4951    i.SPI_I2S_ReceiveData  stm32f10x_spi.o
    0x0800300a   0x00000004   Code   RO         4952    i.SPI_I2S_SendData  stm32f10x_spi.o
    0x0800300e   0x0000003c   Code   RO         4953    i.SPI_Init          stm32f10x_spi.o
    0x0800304a   0x00000002   PAD
    0x0800304c   0x00000010   Code   RO         2944    i.SetBTABLE         usb_regs.o
    0x0800305c   0x0000004c   Code   RO         2732    i.SetDeviceAddress  usb_core.o
    0x080030a8   0x00000024   Code   RO         2958    i.SetEPRxAddr       usb_regs.o
    0x080030cc   0x00000050   Code   RO         2959    i.SetEPRxCount      usb_regs.o
    0x0800311c   0x0000003c   Code   RO         2960    i.SetEPRxStatus     usb_regs.o
    0x08003158   0x0000002c   Code   RO         2961    i.SetEPRxValid      usb_regs.o
    0x08003184   0x00000020   Code   RO         2962    i.SetEPTxAddr       usb_regs.o
    0x080031a4   0x00000020   Code   RO         2963    i.SetEPTxCount      usb_regs.o
    0x080031c4   0x0000003c   Code   RO         2964    i.SetEPTxStatus     usb_regs.o
    0x08003200   0x0000002c   Code   RO         2965    i.SetEPTxValid      usb_regs.o
    0x0800322c   0x00000024   Code   RO         2966    i.SetEPType         usb_regs.o
    0x08003250   0x00000008   Code   RO          963    i.SetSysClock       system_stm32f10x.o
    0x08003258   0x000000d0   Code   RO          964    i.SetSysClockTo72   system_stm32f10x.o
    0x08003328   0x000000b0   Code   RO         2733    i.Setup0_Process    usb_core.o
    0x080033d8   0x00000160   Code   RO         2734    i.Standard_ClearFeature  usb_core.o
    0x08003538   0x0000002c   Code   RO         2735    i.Standard_GetConfiguration  usb_core.o
    0x08003564   0x00000024   Code   RO         2736    i.Standard_GetDescriptorData  usb_core.o
    0x08003588   0x0000002c   Code   RO         2737    i.Standard_GetInterface  usb_core.o
    0x080035b4   0x000000f0   Code   RO         2738    i.Standard_GetStatus  usb_core.o
    0x080036a4   0x00000048   Code   RO         2739    i.Standard_SetConfiguration  usb_core.o
    0x080036ec   0x00000028   Code   RO         2740    i.Standard_SetDeviceFeature  usb_core.o
    0x08003714   0x000000c4   Code   RO         2741    i.Standard_SetEndPointFeature  usb_core.o
    0x080037d8   0x0000006c   Code   RO         2742    i.Standard_SetInterface  usb_core.o
    0x08003844   0x00000002   Code   RO          573    i.SysTickHandler    stm32f10x_it.o
    0x08003846   0x00000002   PAD
    0x08003848   0x00000054   Code   RO          965    i.SystemInit        system_stm32f10x.o
    0x0800389c   0x00000002   Code   RO          574    i.TAMPER_IRQHandler  stm32f10x_it.o
    0x0800389e   0x00000002   Code   RO          575    i.TIM1_BRK_IRQHandler  stm32f10x_it.o
    0x080038a0   0x00000002   Code   RO          576    i.TIM1_CC_IRQHandler  stm32f10x_it.o
    0x080038a2   0x00000002   Code   RO          577    i.TIM1_TRG_COM_IRQHandler  stm32f10x_it.o
    0x080038a4   0x00000010   Code   RO          578    i.TIM1_UP_IRQHandler  stm32f10x_it.o
    0x080038b4   0x00000038   Code   RO          579    i.TIM2_IRQHandler   stm32f10x_it.o
    0x080038ec   0x0000005c   Code   RO          580    i.TIM3_IRQHandler   stm32f10x_it.o
    0x08003948   0x00000054   Code   RO          581    i.TIM4_IRQHandler   stm32f10x_it.o
    0x0800399c   0x00000002   Code   RO          582    i.TIM5_IRQHandler   stm32f10x_it.o
    0x0800399e   0x00000002   Code   RO          583    i.TIM6_IRQHandler   stm32f10x_it.o
    0x080039a0   0x00000002   Code   RO          584    i.TIM7_IRQHandler   stm32f10x_it.o
    0x080039a2   0x00000002   Code   RO          585    i.TIM8_BRK_IRQHandler  stm32f10x_it.o
    0x080039a4   0x00000002   Code   RO          586    i.TIM8_CC_IRQHandler  stm32f10x_it.o
    0x080039a6   0x00000002   Code   RO          587    i.TIM8_TRG_COM_IRQHandler  stm32f10x_it.o
    0x080039a8   0x00000010   Code   RO          588    i.TIM8_UP_IRQHandler  stm32f10x_it.o
    0x080039b8   0x00000018   Code   RO         5125    i.TIM_ARRPreloadConfig  stm32f10x_tim.o
    0x080039d0   0x00000006   Code   RO         5131    i.TIM_ClearFlag     stm32f10x_tim.o
    0x080039d6   0x00000006   Code   RO         5132    i.TIM_ClearITPendingBit  stm32f10x_tim.o
    0x080039dc   0x00000018   Code   RO         5137    i.TIM_Cmd           stm32f10x_tim.o
    0x080039f4   0x000000e0   Code   RO         5142    i.TIM_DeInit        stm32f10x_tim.o
    0x08003ad4   0x00000022   Code   RO         5158    i.TIM_GetITStatus   stm32f10x_tim.o
    0x08003af6   0x00000018   Code   RO         5162    i.TIM_ITConfig      stm32f10x_tim.o
    0x08003b0e   0x00000002   PAD
    0x08003b10   0x00000078   Code   RO         5166    i.TIM_OC1Init       stm32f10x_tim.o
    0x08003b88   0x00000012   Code   RO         5169    i.TIM_OC1PreloadConfig  stm32f10x_tim.o
    0x08003b9a   0x00000002   PAD
    0x08003b9c   0x00000094   Code   RO         5171    i.TIM_OC2Init       stm32f10x_tim.o
    0x08003c30   0x00000016   Code   RO         5174    i.TIM_OC2PreloadConfig  stm32f10x_tim.o
    0x08003c46   0x00000002   PAD
    0x08003c48   0x00000090   Code   RO         5176    i.TIM_OC3Init       stm32f10x_tim.o
    0x08003cd8   0x00000012   Code   RO         5179    i.TIM_OC3PreloadConfig  stm32f10x_tim.o
    0x08003cea   0x00000002   PAD
    0x08003cec   0x0000006c   Code   RO         5181    i.TIM_OC4Init       stm32f10x_tim.o
    0x08003d58   0x00000016   Code   RO         5183    i.TIM_OC4PreloadConfig  stm32f10x_tim.o
    0x08003d6e   0x00000004   Code   RO         5202    i.TIM_SetCounter    stm32f10x_tim.o
    0x08003d72   0x00000002   PAD
    0x08003d74   0x0000003c   Code   RO         5208    i.TIM_TimeBaseInit  stm32f10x_tim.o
    0x08003db0   0x000000f4   Code   RO          166    i.TaskStart         taskinit.o
    0x08003ea4   0x00000050   Code   RO          951    i.Timer2Init        timer2.o
    0x08003ef4   0x00000060   Code   RO         1251    i.Timer3Init        timer3.o
    0x08003f54   0x00000018   Code   RO         1253    i.Timer3Start       timer3.o
    0x08003f6c   0x00000002   Code   RO          589    i.UART4_IRQHandler  stm32f10x_it.o
    0x08003f6e   0x00000002   Code   RO          590    i.UART5_IRQHandler  stm32f10x_it.o
    0x08003f70   0x00000008   Code   RO          591    i.USART1_IRQHandler  stm32f10x_it.o
    0x08003f78   0x00000002   Code   RO          592    i.USART2_IRQHandler  stm32f10x_it.o
    0x08003f7a   0x00000002   Code   RO          593    i.USART3_IRQHandler  stm32f10x_it.o
    0x08003f7c   0x00000006   Code   RO         5669    i.USART_ClearFlag   stm32f10x_usart.o
    0x08003f82   0x00000018   Code   RO         5673    i.USART_Cmd         stm32f10x_usart.o
    0x08003f9a   0x00000002   PAD
    0x08003f9c   0x000000d4   Code   RO         2445    i.USART_Config      hw_config.o
    0x08004070   0x0000003c   Code   RO         2446    i.USART_Config_Default  hw_config.o
    0x080040ac   0x00000012   Code   RO         5676    i.USART_GetFlagStatus  stm32f10x_usart.o
    0x080040be   0x00000040   Code   RO         5679    i.USART_ITConfig    stm32f10x_usart.o
    0x080040fe   0x00000002   PAD
    0x08004100   0x0000009c   Code   RO         5680    i.USART_Init        stm32f10x_usart.o
    0x0800419c   0x0000000a   Code   RO         5685    i.USART_ReceiveData  stm32f10x_usart.o
    0x080041a6   0x00000008   Code   RO         5688    i.USART_SendData    stm32f10x_usart.o
    0x080041ae   0x00000002   Code   RO          594    i.USBWakeUp_IRQHandler  stm32f10x_it.o
    0x080041b0   0x00000024   Code   RO         2448    i.USB_Cable_Config  hw_config.o
    0x080041d4   0x00000002   Code   RO          595    i.USB_HP_CAN_TX_IRQHandler  stm32f10x_it.o
    0x080041d6   0x00000002   PAD
    0x080041d8   0x0000003c   Code   RO         2843    i.USB_Init          usb_init.o
    0x08004214   0x0000003a   Code   RO         2449    i.USB_Interrupts_Config  hw_config.o
    0x0800424e   0x00000002   PAD
    0x08004250   0x00000078   Code   RO         2563    i.USB_Istr          usb_istr.o
    0x080042c8   0x00000028   Code   RO          596    i.USB_LP_CAN_RX0_IRQHandler  stm32f10x_it.o
    0x080042f0   0x00000038   Code   RO         2897    i.UserToPMABufferCopy  usb_mem.o
    0x08004328   0x00000064   Code   RO         2581    i.Virtual_Com_Port_Data_Setup  usb_prop.o
    0x0800438c   0x00000014   Code   RO         2582    i.Virtual_Com_Port_GetConfigDescriptor  usb_prop.o
    0x080043a0   0x00000014   Code   RO         2583    i.Virtual_Com_Port_GetDeviceDescriptor  usb_prop.o
    0x080043b4   0x0000001c   Code   RO         2584    i.Virtual_Com_Port_GetLineCoding  usb_prop.o
    0x080043d0   0x00000028   Code   RO         2585    i.Virtual_Com_Port_GetStringDescriptor  usb_prop.o
    0x080043f8   0x00000016   Code   RO         2586    i.Virtual_Com_Port_Get_Interface_Setting  usb_prop.o
    0x0800440e   0x00000002   PAD
    0x08004410   0x00000028   Code   RO         2587    i.Virtual_Com_Port_NoData_Setup  usb_prop.o
    0x08004438   0x000000e8   Code   RO         2588    i.Virtual_Com_Port_Reset  usb_prop.o
    0x08004520   0x00000018   Code   RO         2589    i.Virtual_Com_Port_SetConfiguration  usb_prop.o
    0x08004538   0x0000000c   Code   RO         2590    i.Virtual_Com_Port_SetDeviceAddress  usb_prop.o
    0x08004544   0x0000001c   Code   RO         2591    i.Virtual_Com_Port_SetLineCoding  usb_prop.o
    0x08004560   0x0000001c   Code   RO         2592    i.Virtual_Com_Port_Status_In  usb_prop.o
    0x0800457c   0x00000002   Code   RO         2593    i.Virtual_Com_Port_Status_Out  usb_prop.o
    0x0800457e   0x00000002   PAD
    0x08004580   0x00000048   Code   RO         2594    i.Virtual_Com_Port_init  usb_prop.o
    0x080045c8   0x00000002   Code   RO          598    i.WWDG_IRQHandler   stm32f10x_it.o
    0x080045ca   0x00000002   PAD
    0x080045cc   0x00000020   Code   RO         1578    i.absEncGetAngle    absencoder.o
    0x080045ec   0x00000058   Code   RO         1579    i.absEncInit        absencoder.o
    0x08004644   0x000000b4   Code   RO         1581    i.absEncUpdateAngle  absencoder.o
    0x080046f8   0x00000028   Code   RO         1395    i.adcInit           adcdriver.o
    0x08004720   0x00000090   Code   RO          992    i.boardStatusCMD    common.o
    0x080047b0   0x0000003c   Code   RO         1482    i.crcCheck          encrypt.o
    0x080047ec   0x00000054   Code   RO          367    i.dcmInit           dcmotor.o
    0x08004840   0x00000070   Code   RO          368    i.dcmSetCMD         dcmotor.o
    0x080048b0   0x00000060   Code   RO          369    i.dcmStartDCM       dcmotor.o
    0x08004910   0x00000034   Code   RO          370    i.dcmStopDCM        dcmotor.o
    0x08004944   0x0000000e   Code   RO         3861    i.delay             stm32f10x_flash.o
    0x08004952   0x00000028   Code   RO         1483    i.deviceIDCheck     encrypt.o
    0x0800497a   0x0000010e   Code   RO          993    i.encryptCMDDeal    common.o
    0x08004a88   0x0000002c   Code   RO          994    i.fanInit           common.o
    0x08004ab4   0x00000020   Code   RO          995    i.fanSet            common.o
    0x08004ad4   0x00000026   Code   RO          443    i.frameCheck        frame.o
    0x08004afa   0x00000014   Code   RO          444    i.frameInit         frame.o
    0x08004b0e   0x0000001a   Code   RO          445    i.framePackage      frame.o
    0x08004b28   0x00000016   Code   RO          446    i.getBufferVerify   frame.o
    0x08004b3e   0x00000002   PAD
    0x08004b40   0x00000048   Code   RO         1484    i.getProgramCRC     encrypt.o
    0x08004b88   0x0000003c   Code   RO         1428    i.iicAck            eeprom.o
    0x08004bc4   0x00000024   Code   RO         1429    i.iicInit           eeprom.o
    0x08004be8   0x0000005c   Code   RO         1430    i.iicRead           eeprom.o
    0x08004c44   0x00000088   Code   RO         1431    i.iicReadByte       eeprom.o
    0x08004ccc   0x00000034   Code   RO         1432    i.iicStart          eeprom.o
    0x08004d00   0x00000034   Code   RO         1433    i.iicStop           eeprom.o
    0x08004d34   0x00000050   Code   RO         1434    i.iicWrite          eeprom.o
    0x08004d84   0x0000006c   Code   RO         1435    i.iicWriteByte      eeprom.o
    0x08004df0   0x00000028   Code   RO          996    i.ledINIT           common.o
    0x08004e18   0x00000024   Code   RO            1    i.main              main.o
    0x08004e3c   0x0000002c   Code   RO         1067    i.pcRxQueueIn       pccomm.o
    0x08004e68   0x00000010   Code   RO         1068    i.pcRxQueueLen      pccomm.o
    0x08004e78   0x0000009c   Code   RO         1069    i.pcRxQueueOutFrame  pccomm.o
    0x08004f14   0x00000038   Code   RO         1072    i.pcSendTxQueue     pccomm.o
    0x08004f4c   0x00000050   Code   RO         1073    i.pcTxQueueAddFrame  pccomm.o
    0x08004f9c   0x00000010   Code   RO         1074    i.pcTxQueueLen      pccomm.o
    0x08004fac   0x00000030   Code   RO          997    i.powerKeyDet       common.o
    0x08004fdc   0x00000054   Code   RO          998    i.powerON           common.o
    0x08005030   0x00000004   Code   RO         1485    i.readDeviceID      encrypt.o
    0x08005034   0x000000c4   Code   RO         1486    i.readFlashData     encrypt.o
    0x080050f8   0x00000060   Code   RO         1487    i.readFlashEncryptData  encrypt.o
    0x08005158   0x0000001c   Code   RO         1488    i.readSerialID      encrypt.o
    0x08005174   0x00000084   Code   RO         1489    i.serialIDCheck     encrypt.o
    0x080051f8   0x0000002c   Code   RO         1140    i.smClearRotate     stepmotor.o
    0x08005224   0x00000068   Code   RO         1141    i.smGetAngle        stepmotor.o
    0x0800528c   0x000000b8   Code   RO         1142    i.smInit            stepmotor.o
    0x08005344   0x000000b4   Code   RO         1144    i.smRotate          stepmotor.o
    0x080053f8   0x0000011c   Code   RO         1145    i.smRotateTick      stepmotor.o
    0x08005514   0x0000017c   Code   RO         1146    i.smRunSM           stepmotor.o
    0x08005690   0x000001bc   Code   RO         1147    i.smSetCMD          stepmotor.o
    0x0800584c   0x00000034   Code   RO         1148    i.smSlowDown        stepmotor.o
    0x08005880   0x0000004c   Code   RO         1149    i.smSpeedUp         stepmotor.o
    0x080058cc   0x0000004c   Code   RO         1150    i.smStartSM         stepmotor.o
    0x08005918   0x0000002c   Code   RO         1152    i.smUniform         stepmotor.o
    0x08005944   0x00000020   Code   RO         1153    i.smUpdateAngle     stepmotor.o
    0x08005964   0x00000098   Code   RO         1154    i.smUploadAngle     stepmotor.o
    0x080059fc   0x000000e8   Code   RO          328    i.task1             task.o
    0x08005ae4   0x00000040   Code   RO          329    i.task2             task.o
    0x08005b24   0x0000003c   Code   RO          330    i.task3             task.o
    0x08005b60   0x00000038   Code   RO          331    i.task4             task.o
    0x08005b98   0x00000040   Code   RO          332    i.task5             task.o
    0x08005bd8   0x00000064   Code   RO          371    i.tchSWInit         dcmotor.o
    0x08005c3c   0x0000003c   Code   RO          372    i.tchSWIsr          dcmotor.o
    0x08005c78   0x00000050   Code   RO         1305    i.temAppClear       temcontrol.o
    0x08005cc8   0x0000017c   Code   RO         1306    i.temAppGetTem      temcontrol.o
    0x08005e44   0x00000044   Code   RO         1307    i.temAppInit        temcontrol.o
    0x08005e88   0x00000140   Code   RO         1308    i.temCMDDeal        temcontrol.o
    0x08005fc8   0x00000060   Code   RO         1359    i.temCool           temdriver.o
    0x08006028   0x00000188   Code   RO         1309    i.temGetHighTime    temcontrol.o
    0x080061b0   0x00000060   Code   RO         1360    i.temHeat           temdriver.o
    0x08006210   0x00000148   Code   RO         1310    i.temHeatCool       temcontrol.o
    0x08006358   0x00000048   Code   RO         1361    i.temPinInit        temdriver.o
    0x080063a0   0x0000004c   Code   RO         1362    i.temStop           temdriver.o
    0x080063ec   0x00000084   Code   RO         1311    i.temTaskDeal       temcontrol.o
    0x08006470   0x00000080   Code   RO         1281    i.tim5ConfigPWM     timer5.o
    0x080064f0   0x00000040   Code   RO         1282    i.tim5SetPeriod     timer5.o
    0x08006530   0x00000018   Code   RO         1283    i.tim5StartCounter  timer5.o
    0x08006548   0x0000008c   Code   RO         1650    i.uart1Init         uart1.o
    0x080065d4   0x00000048   Code   RO         1651    i.uart1Isr          uart1.o
    0x0800661c   0x00000014   Code   RO         1652    i.uart1SendByte     uart1.o
    0x08006630   0x000000c4   Code   RO         1490    i.writeFlashData    encrypt.o
    0x080066f4   0x00000026   Code   RO         1491    i.writeFlashEncryptData  encrypt.o
    0x0800671a   0x00000002   PAD
    0x0800671c   0x00000062   Code   RO         5946    x$fpl$d2f           fz_ws.l(d2f.o)(fz_ws.l)
    0x0800677e   0x00000002   PAD
    0x08006780   0x0000014c   Code   RO         5948    x$fpl$dadd          fz_ws.l(daddsub_clz.o)(fz_ws.l)
    0x080068cc   0x00000018   Code   RO         6008    x$fpl$dcmpinf       fz_ws.l(dcmpi.o)(fz_ws.l)
    0x080068e4   0x000002b0   Code   RO         5955    x$fpl$ddiv          fz_ws.l(ddiv.o)(fz_ws.l)
    0x08006b94   0x0000005e   Code   RO         5958    x$fpl$dfix          fz_ws.l(dfix.o)(fz_ws.l)
    0x08006bf2   0x0000002e   Code   RO         5963    x$fpl$dflt          fz_ws.l(dflt_clz.o)(fz_ws.l)
    0x08006c20   0x00000026   Code   RO         5962    x$fpl$dfltu         fz_ws.l(dflt_clz.o)(fz_ws.l)
    0x08006c46   0x00000002   PAD
    0x08006c48   0x00000078   Code   RO         5968    x$fpl$dleqf         fz_ws.l(dleqf.o)(fz_ws.l)
    0x08006cc0   0x00000154   Code   RO         5970    x$fpl$dmul          fz_ws.l(dmul.o)(fz_ws.l)
    0x08006e14   0x0000009c   Code   RO         6010    x$fpl$dnaninf       fz_ws.l(dnaninf.o)(fz_ws.l)
    0x08006eb0   0x0000000c   Code   RO         6012    x$fpl$dretinf       fz_ws.l(dretinf.o)(fz_ws.l)
    0x08006ebc   0x0000006c   Code   RO         5972    x$fpl$drleqf        fz_ws.l(drleqf.o)(fz_ws.l)
    0x08006f28   0x00000016   Code   RO         5949    x$fpl$drsb          fz_ws.l(daddsub_clz.o)(fz_ws.l)
    0x08006f3e   0x00000002   PAD
    0x08006f40   0x000001d4   Code   RO         5950    x$fpl$dsub          fz_ws.l(daddsub_clz.o)(fz_ws.l)
    0x08007114   0x00000056   Code   RO         5974    x$fpl$f2d           fz_ws.l(f2d.o)(fz_ws.l)
    0x0800716a   0x00000002   PAD
    0x0800716c   0x000000c4   Code   RO         5976    x$fpl$fadd          fz_ws.l(faddsub_clz.o)(fz_ws.l)
    0x08007230   0x00000018   Code   RO         6014    x$fpl$fcmpinf       fz_ws.l(fcmpi.o)(fz_ws.l)
    0x08007248   0x00000184   Code   RO         5983    x$fpl$fdiv          fz_ws.l(fdiv.o)(fz_ws.l)
    0x080073cc   0x00000036   Code   RO         5986    x$fpl$ffix          fz_ws.l(ffix.o)(fz_ws.l)
    0x08007402   0x00000002   PAD
    0x08007404   0x0000003e   Code   RO         5990    x$fpl$ffixu         fz_ws.l(ffixu.o)(fz_ws.l)
    0x08007442   0x00000002   PAD
    0x08007444   0x00000030   Code   RO         5995    x$fpl$fflt          fz_ws.l(fflt_clz.o)(fz_ws.l)
    0x08007474   0x00000068   Code   RO         6000    x$fpl$fleqf         fz_ws.l(fleqf.o)(fz_ws.l)
    0x080074dc   0x00000102   Code   RO         6002    x$fpl$fmul          fz_ws.l(fmul.o)(fz_ws.l)
    0x080075de   0x0000008c   Code   RO         6016    x$fpl$fnaninf       fz_ws.l(fnaninf.o)(fz_ws.l)
    0x0800766a   0x0000000e   Code   RO         6096    x$fpl$fpinit        fz_ws.l(fpinit.o)(fz_ws.l)
    0x08007678   0x0000000a   Code   RO         6018    x$fpl$fretinf       fz_ws.l(fretinf.o)(fz_ws.l)
    0x08007682   0x00000062   Code   RO         6004    x$fpl$frleqf        fz_ws.l(frleqf.o)(fz_ws.l)
    0x080076e4   0x000000ea   Code   RO         5978    x$fpl$fsub          fz_ws.l(faddsub_clz.o)(fz_ws.l)
    0x080077ce   0x00000000   Code   RO         6020    x$fpl$usenofp       fz_ws.l(usenofp.o)(fz_ws.l)
    0x080077ce   0x00000006   Data   RO          373    .constdata          dcmotor.o
    0x080077d4   0x00000100   Data   RO         1722    .constdata          os_core.o
    0x080078d4   0x000000b1   Data   RO         2525    .constdata          usb_desc.o
    0x08007985   0x00000014   Data   RO         4580    .constdata          stm32f10x_rcc.o
    0x08007999   0x00000003   PAD
    0x0800799c   0x00000020   Data   RO         6177    Region$$Table       anon$$obj.o


    Execution Region RW_IRAM1 (Base: 0x20000000, Size: 0x00007618, Max: 0x0000c000, ABSOLUTE, COMPRESSED[0x00000080])

    Base Addr    Size         Type   Attr      Idx    E Section Name        Object

    0x20000000   0x00000010   Data   RW          168    .data               taskinit.o
    0x20000010   0x00000004   Data   RW          374    .data               dcmotor.o
    0x20000014   0x00000001   Data   RW          421    .data               bsp.o
    0x20000015   0x00000001   Data   RW          999    .data               common.o
    0x20000016   0x00000006   Data   RW         1363    .data               temdriver.o
    0x2000001c   0x00000002   Data   RW         1396    .data               adcdriver.o
    0x2000001e   0x00000002   Data   RW         1551    .data               spi1.o
    0x20000020   0x00000002   Data   RW         1623    .data               spi2.o
    0x20000022   0x00000002   PAD
    0x20000024   0x0000004c   Data   RW         1723    .data               os_core.o
    0x20000070   0x0000001a   Data   RW         2526    .data               usb_desc.o
    0x2000008a   0x00000002   PAD
    0x2000008c   0x00000008   Data   RW         2541    .data               usb_endp.o
    0x20000094   0x0000003e   Data   RW         2564    .data               usb_istr.o
    0x200000d2   0x00000002   PAD
    0x200000d4   0x00000094   Data   RW         2595    .data               usb_prop.o
    0x20000168   0x00000007   Data   RW         2687    .data               usb_pwr.o
    0x2000016f   0x00000001   PAD
    0x20000170   0x00000004   Data   RW         2743    .data               usb_core.o
    0x20000174   0x00000014   Data   RW         2845    .data               usb_init.o
    0x20000188   0x00000004   Data   RW         2868    .data               usb_int.o
    0x2000018c   0x00000005   Data   RW         4581    .data               stm32f10x_rcc.o
    0x20000191   0x00000003   PAD
    0x20000194   0x00005800   Zero   RW          167    .bss                taskinit.o
    0x20005994   0x00000210   Zero   RW         1075    .bss                pccomm.o
    0x20005ba4   0x00000080   Zero   RW         1155    .bss                stepmotor.o
    0x20005c24   0x0000001c   Zero   RW         1312    .bss                temcontrol.o
    0x20005c40   0x00000018   Zero   RW         1583    .bss                absencoder.o
    0x20005c58   0x000012b0   Zero   RW         1721    .bss                os_core.o
    0x20006f08   0x00000050   Zero   RW         2451    .bss                hw_config.o
    0x20006f58   0x00000040   Zero   RW         2540    .bss                usb_endp.o
    0x20006f98   0x0000001c   Zero   RW         2844    .bss                usb_init.o
    0x20006fb4   0x00000060   Zero   RW         6051    .bss                c_w.l(libspace.o)(c_w.l)
    0x20007014   0x00000004   PAD
    0x20007018   0x00000200   Zero   RW         5928    HEAP                stm32f10x_startup.o
    0x20007218   0x00000400   Zero   RW         5927    STACK               stm32f10x_startup.o


==============================================================================

Image component sizes


      Code (inc. data)   RO Data    RW Data    ZI Data      Debug   Object Name

       300         32          0          0         24          0   absencoder.o
       268         30          0          2          0          0   adcdriver.o
       238          6          0          1          0          0   bsp.o
       840         70          0          1          0          0   common.o
       504         36          6          4          0          0   dcmotor.o
       616         34          0          0          0          0   eeprom.o
       862         56          0          0          0          0   encrypt.o
       106          0          0          0          0          0   frame.o
       446         44          0          0         80          0   hw_config.o
        36         10          0          0          0          0   main.o
       192          0          0          0          0          0   nvic.o
      2166        354        256         76       4784          0   os_core.o
       168         40          0          0          0          0   os_cpu_a.o
       170          0          0          0          0          0   os_cpu_c.o
        76          8          0          0          0          0   os_flag.o
        76          8          0          0          0          0   os_mem.o
        56         10          0          0          0          0   os_q.o
       430         24          0          0          0          0   os_sem.o
       524         36          0          0          0          0   os_task.o
       112         16          0          0          0          0   os_time.o
       368         40          0          0        528          0   pccomm.o
       194          0          0          0          0          0   queue.o
       272         38          0          2          0          0   spi1.o
       276         32          0          2          0          0   spi2.o
      2052        150          0          0        128          0   stepmotor.o
       486         16          0          0          0          0   stm32f10x_adc.o
       418         20          0          0          0          0   stm32f10x_dma.o
       216         20          0          0          0          0   stm32f10x_exti.o
       392         44          0          0          0          0   stm32f10x_flash.o
       362          4          0          0          0          0   stm32f10x_gpio.o
       530         46          0          0          0          0   stm32f10x_it.o
       224         22          0          0          0          0   stm32f10x_nvic.o
       748        114         20          5          0          0   stm32f10x_rcc.o
        96         26          0          0          0          0   stm32f10x_rtc.o
       196          0          0          0          0          0   stm32f10x_spi.o
       356        328          0          0       1536          0   stm32f10x_startup.o
      1006         56          0          0          0          0   stm32f10x_tim.o
       286          6          0          0          0          0   stm32f10x_usart.o
       300         22          0          0          0          0   system_stm32f10x.o
       476         44          0          0          0          0   task.o
       244         56          0         16      22528          0   taskinit.o
      1700        162          0          0         28          0   temcontrol.o
       340         38          0          6          0          0   temdriver.o
        80          0          0          0          0          0   timer2.o
       120         10          0          0          0          0   timer3.o
       216         12          0          0          0          0   timer5.o
       232         18          0          0          0          0   uart1.o
      3014        278          0          4          0          0   usb_core.o
         0          0        177         26          0          0   usb_desc.o
        56         12          0          8         64          0   usb_endp.o
        60         24          0         20         28          0   usb_init.o
       816         38          0          4          0          0   usb_int.o
       120         22          0         62          0          0   usb_istr.o
        92          8          0          0          0          0   usb_mem.o
       668        114          0        148          0          0   usb_prop.o
        80         16          0          7          0          0   usb_pwr.o
       704        110          0          0          0          0   usb_regs.o

    ----------------------------------------------------------------------
     26046       2760        494        404      29728          0   Object Totals
         0          0         32          0          0          0   (incl. Generated)
        64          0          3         10          0          2   (incl. Padding)

    ----------------------------------------------------------------------

      Code (inc. data)   RO Data    RW Data    ZI Data      Debug   Library Member Name

        90          0          0          0          0          0   __dczerorl2.o
         8          0          0          0          0          0   __main.o
        52          8          0          0          0          0   __scatter.o
        28          0          0          0          0          0   __scatter_zi.o
        12          0          0          0          0          0   exit.o
         6          0          0          0          0          0   heapauxi.o
         6          0          0          0          0          0   libinit.o
         2          0          0          0          0          0   libinit2.o
         2          0          0          0          0          0   libshutdown.o
         2          0          0          0          0          0   libshutdown2.o
         8          4          0          0         96          0   libspace.o
        12          4          0          0          0          0   rt_fp_status_addr_intlibspace.o
         0          0          0          0          0          0   rtentry.o
        12          0          0          0          0          0   rtentry2.o
         6          0          0          0          0          0   rtentry4.o
         2          0          0          0          0          0   rtexit.o
        10          0          0          0          0          0   rtexit2.o
        12          4          0          0          0          0   sys_exit.o
        74          0          0          0          0          0   sys_stackheap_outer.o
         2          0          0          0          0          0   use_no_semi.o
        98          4          0          0          0          0   d2f.o
       822         16          0          0          0          0   daddsub_clz.o
        24          0          0          0          0          0   dcmpi.o
       688        140          0          0          0          0   ddiv.o
        94          4          0          0          0          0   dfix.o
        84          0          0          0          0          0   dflt_clz.o
       120          4          0          0          0          0   dleqf.o
       340         12          0          0          0          0   dmul.o
       156          4          0          0          0          0   dnaninf.o
        12          0          0          0          0          0   dretinf.o
       108          0          0          0          0          0   drleqf.o
        86          4          0          0          0          0   f2d.o
       430          8          0          0          0          0   faddsub_clz.o
        24          0          0          0          0          0   fcmpi.o
       388         76          0          0          0          0   fdiv.o
        54          4          0          0          0          0   ffix.o
        62          4          0          0          0          0   ffixu.o
        48          0          0          0          0          0   fflt_clz.o
       104          4          0          0          0          0   fleqf.o
       258          4          0          0          0          0   fmul.o
       140          4          0          0          0          0   fnaninf.o
        14          0          0          0          0          0   fpinit.o
        10          0          0          0          0          0   fretinf.o
        98          0          0          0          0          0   frleqf.o
         0          0          0          0          0          0   usenofp.o

    ----------------------------------------------------------------------
      4624        312          0          0        100          0   Library Totals
        16          0          0          0          4          0   (incl. Padding)

    ----------------------------------------------------------------------

      Code (inc. data)   RO Data    RW Data    ZI Data      Debug   Library Name

       346         20          0          0         96        640   c_w.l
      4262        292          0          0          0       2500   fz_ws.l

    ----------------------------------------------------------------------
      4624        312          0          0        100          0   Library Totals

    ----------------------------------------------------------------------

==============================================================================


      Code (inc. data)   RO Data    RW Data    ZI Data      Debug   

     30670       3072        494        404      29828     356432   Grand Totals
     30670       3072        494        128      29828     356432   ELF Image Totals (compressed)
     30670       3072        494        128          0          0   ROM Totals

==============================================================================

    Total RO  Size (Code + RO Data)                31164 (  30.43kB)
    Total RW  Size (RW Data + ZI Data)             30232 (  29.52kB)
    Total ROM Size (Code + RO Data + RW Data)      31292 (  30.56kB)

==============================================================================

