ARM Linker, 5.03 [Build 76] [MDK-ARM Professional]

==============================================================================

Section Cross References

    main.o(i.TaskStart) refers to bsp.o(i.BSP_Init) for BSP_Init
    main.o(i.TaskStart) refers to os_sem.o(i.OSSemCreate) for OSSemCreate
    main.o(i.TaskStart) refers to os_task.o(i.OSTaskCreate) for OSTaskCreate
    main.o(i.TaskStart) refers to os_time.o(i.OSTimeDlyHMSM) for OSTimeDlyHMSM
    main.o(i.TaskStart) refers to common.o(i.powerKeyDet) for powerKeyDet
    main.o(i.TaskStart) refers to common.o(i.cswKeyDet) for cswKeyDet
    main.o(i.TaskStart) refers to main.o(.data) for g_u8StartOver
    main.o(i.TaskStart) refers to main.o(.bss) for TASK1_STK
    main.o(i.TaskStart) refers to task.o(i.task1) for task1
    main.o(i.TaskStart) refers to task.o(i.task2) for task2
    main.o(i.TaskStart) refers to task.o(i.task3) for task3
    main.o(i.TaskStart) refers to task.o(i.task4) for task4
    main.o(i.TaskStart) refers to task.o(i.task5) for task5
    main.o(i.main) refers to os_core.o(i.OSInit) for OSInit
    main.o(i.main) refers to os_task.o(i.OSTaskCreate) for OSTaskCreate
    main.o(i.main) refers to os_core.o(i.OSStart) for OSStart
    main.o(i.main) refers to main.o(.bss) for TaskStart_STK
    main.o(i.main) refers to main.o(i.TaskStart) for TaskStart
    task.o(i.task1) refers to os_time.o(i.OSTimeDly) for OSTimeDly
    task.o(i.task1) refers to pccomm.o(i.pcRxQueueOutFrame) for pcRxQueueOutFrame
    task.o(i.task1) refers to os_sem.o(i.OSSemPend) for OSSemPend
    task.o(i.task1) refers to common.o(i.CMDTestDeal) for CMDTestDeal
    task.o(i.task1) refers to stepmotor.o(i.smSetCMD) for smSetCMD
    task.o(i.task1) refers to pccomm.o(i.pcTxQueueAddFrame) for pcTxQueueAddFrame
    task.o(i.task1) refers to dcmotor.o(i.dcmSetCMD) for dcmSetCMD
    task.o(i.task1) refers to temcontrol.o(i.temCMDDeal) for temCMDDeal
    task.o(i.task1) refers to common.o(i.boardStatusCMD) for boardStatusCMD
    task.o(i.task1) refers to common.o(i.encryptCMDDeal) for encryptCMDDeal
    task.o(i.task1) refers to main.o(.data) for g_u8StartOver
    task.o(i.task2) refers to os_time.o(i.OSTimeDly) for OSTimeDly
    task.o(i.task2) refers to os_sem.o(i.OSSemPend) for OSSemPend
    task.o(i.task2) refers to common.o(i.LEDREV) for LEDREV
    task.o(i.task2) refers to pccomm.o(i.pcSendTxQueue) for pcSendTxQueue
    task.o(i.task2) refers to pccomm.o(i.pcTxQueueLen) for pcTxQueueLen
    task.o(i.task2) refers to main.o(.data) for g_u8StartOver
    task.o(i.task3) refers to os_time.o(i.OSTimeDly) for OSTimeDly
    task.o(i.task3) refers to timer3.o(i.Timer3Start) for Timer3Start
    task.o(i.task3) refers to os_sem.o(i.OSSemPend) for OSSemPend
    task.o(i.task3) refers to stepmotor.o(i.smUpdateAngle) for smUpdateAngle
    task.o(i.task3) refers to stepmotor.o(i.smRotate) for smRotate
    task.o(i.task3) refers to main.o(.data) for g_u8StartOver
    task.o(i.task3) refers to stepmotor.o(.bss) for g_sm
    task.o(i.task4) refers to os_time.o(i.OSTimeDly) for OSTimeDly
    task.o(i.task4) refers to os_sem.o(i.OSSemPend) for OSSemPend
    task.o(i.task4) refers to stepmotor.o(i.smUpdateAngle) for smUpdateAngle
    task.o(i.task4) refers to stepmotor.o(i.smRotate) for smRotate
    task.o(i.task4) refers to main.o(.data) for g_u8StartOver
    task.o(i.task4) refers to stepmotor.o(.bss) for g_sm
    task.o(i.task5) refers to os_time.o(i.OSTimeDly) for OSTimeDly
    task.o(i.task5) refers to os_sem.o(i.OSSemPend) for OSSemPend
    task.o(i.task5) refers to temcontrol.o(i.temAppGetTem) for temAppGetTem
    task.o(i.task5) refers to temcontrol.o(i.temTaskDeal) for temTaskDeal
    task.o(i.task5) refers to main.o(.data) for g_u8StartOver
    task.o(i.task5) refers to temcontrol.o(.bss) for g_tem
    dcmotor.o(i.dcmInit) refers to stm32f10x_gpio.o(i.GPIO_Init) for GPIO_Init
    dcmotor.o(i.dcmInit) refers to dcmotor.o(i.dcmStopDCM) for dcmStopDCM
    dcmotor.o(i.dcmInit) refers to timer5.o(i.tim5SetPeriod) for tim5SetPeriod
    dcmotor.o(i.dcmInit) refers to dcmotor.o(i.tchSWInit) for tchSWInit
    dcmotor.o(i.dcmInit) refers to dcmotor.o(.data) for g_dcm
    dcmotor.o(i.dcmSetCMD) refers to dcmotor.o(i.dcmStartDCM) for dcmStartDCM
    dcmotor.o(i.dcmSetCMD) refers to dcmotor.o(i.dcmStopDCM) for dcmStopDCM
    dcmotor.o(i.dcmSetCMD) refers to dcmotor.o(.constdata) for g_dcm_rate
    dcmotor.o(i.dcmSetCMD) refers to dcmotor.o(.data) for g_dcm
    dcmotor.o(i.dcmStartDCM) refers to timer5.o(i.tim5ConfigPWM) for tim5ConfigPWM
    dcmotor.o(i.dcmStartDCM) refers to timer5.o(i.tim5StartCounter) for tim5StartCounter
    dcmotor.o(i.dcmStartDCM) refers to dcmotor.o(.data) for g_dcm
    dcmotor.o(i.dcmStopDCM) refers to timer5.o(i.tim5ConfigPWM) for tim5ConfigPWM
    dcmotor.o(i.dcmStopDCM) refers to timer5.o(i.tim5StartCounter) for tim5StartCounter
    dcmotor.o(i.dcmStopDCM) refers to dcmotor.o(.data) for g_dcm
[...]
    PowerOn                                  0x0800285d   Thumb Code    54  usb_pwr.o(i.PowerOn)
    QueueGetLen                              0x0800289d   Thumb Code    32  queue.o(i.QueueGetLen)
    QueueIn                                  0x080028bd   Thumb Code    62  queue.o(i.QueueIn)
    QueueOut                                 0x080028fb   Thumb Code    58  queue.o(i.QueueOut)
    QueueOutByte                             0x08002935   Thumb Code    42  queue.o(i.QueueOutByte)
    RCC_ADCCLKConfig                         0x08002961   Thumb Code    18  stm32f10x_rcc.o(i.RCC_ADCCLKConfig)
    RCC_AHBPeriphClockCmd                    0x08002979   Thumb Code    26  stm32f10x_rcc.o(i.RCC_AHBPeriphClockCmd)
    RCC_APB1PeriphClockCmd                   0x08002999   Thumb Code    26  stm32f10x_rcc.o(i.RCC_APB1PeriphClockCmd)
    RCC_APB1PeriphResetCmd                   0x080029b9   Thumb Code    26  stm32f10x_rcc.o(i.RCC_APB1PeriphResetCmd)
    RCC_APB2PeriphClockCmd                   0x080029d9   Thumb Code    26  stm32f10x_rcc.o(i.RCC_APB2PeriphClockCmd)
    RCC_APB2PeriphResetCmd                   0x080029f9   Thumb Code    26  stm32f10x_rcc.o(i.RCC_APB2PeriphResetCmd)
    RCC_ClearFlag                            0x08002a19   Thumb Code    14  stm32f10x_rcc.o(i.RCC_ClearFlag)
    RCC_Configuration                        0x08002a2d   Thumb Code    86  bsp.o(i.RCC_Configuration)
    RCC_GetClocksFreq                        0x08002a89   Thumb Code   192  stm32f10x_rcc.o(i.RCC_GetClocksFreq)
    RCC_GetFlagStatus                        0x08002b5d   Thumb Code    56  stm32f10x_rcc.o(i.RCC_GetFlagStatus)
    RCC_HCLKConfig                           0x08002b99   Thumb Code    18  stm32f10x_rcc.o(i.RCC_HCLKConfig)
    RCC_HSEConfig                            0x08002bb1   Thumb Code    70  stm32f10x_rcc.o(i.RCC_HSEConfig)
    RCC_IRQHandler                           0x08002bfd   Thumb Code     2  stm32f10x_it.o(i.RCC_IRQHandler)
    RCC_PCLK1Config                          0x08002c01   Thumb Code    18  stm32f10x_rcc.o(i.RCC_PCLK1Config)
    RCC_PCLK2Config                          0x08002c19   Thumb Code    20  stm32f10x_rcc.o(i.RCC_PCLK2Config)
    RCC_PLLCmd                               0x08002c31   Thumb Code     6  stm32f10x_rcc.o(i.RCC_PLLCmd)
    RCC_PLLConfig                            0x08002c3d   Thumb Code    24  stm32f10x_rcc.o(i.RCC_PLLConfig)
    RCC_USBCLKConfig                         0x08002c59   Thumb Code     6  stm32f10x_rcc.o(i.RCC_USBCLKConfig)
    RCC_WaitForHSEStartUp                    0x08002c65   Thumb Code    62  stm32f10x_rcc.o(i.RCC_WaitForHSEStartUp)
    RTCAlarm_IRQHandler                      0x08002cad   Thumb Code     2  stm32f10x_it.o(i.RTCAlarm_IRQHandler)
    RTC_ClearITPendingBit                    0x08002cb1   Thumb Code    12  stm32f10x_rtc.o(i.RTC_ClearITPendingBit)
    RTC_GetITStatus                          0x08002cc1   Thumb Code    32  stm32f10x_rtc.o(i.RTC_GetITStatus)
    RTC_IRQHandler                           0x08002ce5   Thumb Code    74  stm32f10x_it.o(i.RTC_IRQHandler)
    RTC_WaitForLastTask                      0x08002d35   Thumb Code    14  stm32f10x_rtc.o(i.RTC_WaitForLastTask)
    SDIO_IRQHandler                          0x08002d49   Thumb Code     2  stm32f10x_it.o(i.SDIO_IRQHandler)
    SPI1Init                                 0x08002d4d   Thumb Code   154  spi1.o(i.SPI1Init)
    SPI1Isr                                  0x08002df9   Thumb Code    36  spi1.o(i.SPI1Isr)
    SPI1Send                                 0x08002e2d   Thumb Code    80  spi1.o(i.SPI1Send)
    SPI1_IRQHandler                          0x08002e89   Thumb Code     8  stm32f10x_it.o(i.SPI1_IRQHandler)
    SPI2Init                                 0x08002e91   Thumb Code   160  spi2.o(i.SPI2Init)
    SPI2Isr                                  0x08002f41   Thumb Code    38  spi2.o(i.SPI2Isr)
    SPI2Send                                 0x08002f79   Thumb Code    82  spi2.o(i.SPI2Send)
    SPI2_IRQHandler                          0x08002fd9   Thumb Code     8  stm32f10x_it.o(i.SPI2_IRQHandler)
    SPI3_IRQHandler                          0x08002fe1   Thumb Code     2  stm32f10x_it.o(i.SPI3_IRQHandler)
    SPI_Cmd                                  0x08002fe3   Thumb Code    24  stm32f10x_spi.o(i.SPI_Cmd)
    SPI_I2S_ClearITPendingBit                0x08002ffb   Thumb Code    48  stm32f10x_spi.o(i.SPI_I2S_ClearITPendingBit)
    SPI_I2S_GetFlagStatus                    0x0800302b   Thumb Code    18  stm32f10x_spi.o(i.SPI_I2S_GetFlagStatus)
    SPI_I2S_ITConfig                         0x0800303d   Thumb Code    32  stm32f10x_spi.o(i.SPI_I2S_ITConfig)
    SPI_I2S_ReceiveData                      0x0800305d   Thumb Code     6  stm32f10x_spi.o(i.SPI_I2S_ReceiveData)
    SPI_I2S_SendData                         0x08003063   Thumb Code     4  stm32f10x_spi.o(i.SPI_I2S_SendData)
    SPI_Init                                 0x08003067   Thumb Code    60  stm32f10x_spi.o(i.SPI_Init)
    SetBTABLE                                0x080030a5   Thumb Code    12  usb_regs.o(i.SetBTABLE)
    SetDeviceAddress                         0x080030b5   Thumb Code    56  usb_core.o(i.SetDeviceAddress)
    SetEPRxAddr                              0x080030f5   Thumb Code    26  usb_regs.o(i.SetEPRxAddr)
    SetEPRxCount                             0x08003119   Thumb Code    68  usb_regs.o(i.SetEPRxCount)
    SetEPRxStatus                            0x08003165   Thumb Code    44  usb_regs.o(i.SetEPRxStatus)
    SetEPRxValid                             0x08003195   Thumb Code    30  usb_regs.o(i.SetEPRxValid)
    SetEPTxAddr                              0x080031b9   Thumb Code    24  usb_regs.o(i.SetEPTxAddr)
    SetEPTxCount                             0x080031d9   Thumb Code    20  usb_regs.o(i.SetEPTxCount)
    SetEPTxStatus                            0x080031f5   Thumb Code    44  usb_regs.o(i.SetEPTxStatus)
    SetEPTxValid                             0x08003225   Thumb Code    30  usb_regs.o(i.SetEPTxValid)
    SetEPType                                0x08003249   Thumb Code    22  usb_regs.o(i.SetEPType)
    Setup0_Process                           0x08003351   Thumb Code   162  usb_core.o(i.Setup0_Process)
    Standard_ClearFeature                    0x08003401   Thumb Code   292  usb_core.o(i.Standard_ClearFeature)
    Standard_GetConfiguration                0x08003539   Thumb Code    34  usb_core.o(i.Standard_GetConfiguration)
    Standard_GetDescriptorData               0x08003565   Thumb Code    32  usb_core.o(i.Standard_GetDescriptorData)
    Standard_GetInterface                    0x08003589   Thumb Code    34  usb_core.o(i.Standard_GetInterface)
    Standard_GetStatus                       0x080035b5   Thumb Code   216  usb_core.o(i.Standard_GetStatus)
    Standard_SetConfiguration                0x0800369d   Thumb Code    60  usb_core.o(i.Standard_SetConfiguration)
    Standard_SetDeviceFeature                0x080036e5   Thumb Code    30  usb_core.o(i.Standard_SetDeviceFeature)
    Standard_SetEndPointFeature              0x0800370d   Thumb Code   152  usb_core.o(i.Standard_SetEndPointFeature)
    Standard_SetInterface                    0x080037b5   Thumb Code    96  usb_core.o(i.Standard_SetInterface)
    SysTickHandler                           0x08003821   Thumb Code     2  stm32f10x_it.o(i.SysTickHandler)
    SystemInit                               0x08003825   Thumb Code    70  system_stm32f10x.o(i.SystemInit)
    TAMPER_IRQHandler                        0x08003879   Thumb Code     2  stm32f10x_it.o(i.TAMPER_IRQHandler)
    TIM1_BRK_IRQHandler                      0x0800387b   Thumb Code     2  stm32f10x_it.o(i.TIM1_BRK_IRQHandler)
    TIM1_CC_IRQHandler                       0x0800387d   Thumb Code     2  stm32f10x_it.o(i.TIM1_CC_IRQHandler)
    TIM1_TRG_COM_IRQHandler                  0x0800387f   Thumb Code     2  stm32f10x_it.o(i.TIM1_TRG_COM_IRQHandler)
    TIM1_UP_IRQHandler                       0x08003881   Thumb Code    12  stm32f10x_it.o(i.TIM1_UP_IRQHandler)
    TIM2_IRQHandler                          0x08003891   Thumb Code    52  stm32f10x_it.o(i.TIM2_IRQHandler)
    TIM3_IRQHandler                          0x080038c9   Thumb Code    82  stm32f10x_it.o(i.TIM3_IRQHandler)
    TIM4_IRQHandler                          0x08003925   Thumb Code    74  stm32f10x_it.o(i.TIM4_IRQHandler)
    TIM5_IRQHandler                          0x08003979   Thumb Code     2  stm32f10x_it.o(i.TIM5_IRQHandler)
    TIM6_IRQHandler                          0x0800397b   Thumb Code     2  stm32f10x_it.o(i.TIM6_IRQHandler)
    TIM7_IRQHandler                          0x0800397d   Thumb Code     2  stm32f10x_it.o(i.TIM7_IRQHandler)
    TIM8_BRK_IRQHandler                      0x0800397f   Thumb Code     2  stm32f10x_it.o(i.TIM8_BRK_IRQHandler)
    TIM8_CC_IRQHandler                       0x08003981   Thumb Code     2  stm32f10x_it.o(i.TIM8_CC_IRQHandler)
    TIM8_TRG_COM_IRQHandler                  0x08003983   Thumb Code     2  stm32f10x_it.o(i.TIM8_TRG_COM_IRQHandler)
    TIM8_UP_IRQHandler                       0x08003985   Thumb Code    12  stm32f10x_it.o(i.TIM8_UP_IRQHandler)
    TIM_ARRPreloadConfig                     0x08003995   Thumb Code    24  stm32f10x_tim.o(i.TIM_ARRPreloadConfig)
    TIM_ClearFlag                            0x080039ad   Thumb Code     6  stm32f10x_tim.o(i.TIM_ClearFlag)
    TIM_ClearITPendingBit                    0x080039b3   Thumb Code     6  stm32f10x_tim.o(i.TIM_ClearITPendingBit)
    TIM_Cmd                                  0x080039b9   Thumb Code    24  stm32f10x_tim.o(i.TIM_Cmd)
    TIM_DeInit                               0x080039d1   Thumb Code   214  stm32f10x_tim.o(i.TIM_DeInit)
    TIM_GetITStatus                          0x08003ab1   Thumb Code    34  stm32f10x_tim.o(i.TIM_GetITStatus)
    TIM_ITConfig                             0x08003ad3   Thumb Code    18  stm32f10x_tim.o(i.TIM_ITConfig)
    TIM_OC1Init                              0x08003ae5   Thumb Code   110  stm32f10x_tim.o(i.TIM_OC1Init)
    TIM_OC1PreloadConfig                     0x08003b5d   Thumb Code    18  stm32f10x_tim.o(i.TIM_OC1PreloadConfig)
    TIM_OC2Init                              0x08003b71   Thumb Code   148  stm32f10x_tim.o(i.TIM_OC2Init)
    TIM_OC2PreloadConfig                     0x08003c0d   Thumb Code    26  stm32f10x_tim.o(i.TIM_OC2PreloadConfig)
    TIM_OC3Init                              0x08003c29   Thumb Code   144  stm32f10x_tim.o(i.TIM_OC3Init)
    TIM_OC3PreloadConfig                     0x08003cc1   Thumb Code    18  stm32f10x_tim.o(i.TIM_OC3PreloadConfig)
    TIM_OC4Init                              0x08003cd5   Thumb Code   106  stm32f10x_tim.o(i.TIM_OC4Init)
    TIM_OC4PreloadConfig                     0x08003d49   Thumb Code    26  stm32f10x_tim.o(i.TIM_OC4PreloadConfig)
    TIM_SetCounter                           0x08003d63   Thumb Code     4  stm32f10x_tim.o(i.TIM_SetCounter)
    TIM_TimeBaseInit                         0x08003d69   Thumb Code    50  stm32f10x_tim.o(i.TIM_TimeBaseInit)
    TaskStart                                0x08003da5   Thumb Code   144  main.o(i.TaskStart)
    Timer2Init                               0x08003e69   Thumb Code    80  timer2.o(i.Timer2Init)
    Timer3Init                               0x08003eb9   Thumb Code    90  timer3.o(i.Timer3Init)
    Timer3Start                              0x08003f19   Thumb Code    20  timer3.o(i.Timer3Start)
    UART4_IRQHandler                         0x08003f31   Thumb Code     2  stm32f10x_it.o(i.UART4_IRQHandler)
    UART5_IRQHandler                         0x08003f33   Thumb Code     2  stm32f10x_it.o(i.UART5_IRQHandler)
    USART1_IRQHandler                        0x08003f35   Thumb Code     8  stm32f10x_it.o(i.USART1_IRQHandler)
    USART2_IRQHandler                        0x08003f3d   Thumb Code     2  stm32f10x_it.o(i.USART2_IRQHandler)
    USART3_IRQHandler                        0x08003f3f   Thumb Code     2  stm32f10x_it.o(i.USART3_IRQHandler)
    USART_ClearFlag                          0x08003f41   Thumb Code     6  stm32f10x_usart.o(i.USART_ClearFlag)
    USART_Cmd                                0x08003f47   Thumb Code    24  stm32f10x_usart.o(i.USART_Cmd)
    USART_Config                             0x08003f61   Thumb Code   200  hw_config.o(i.USART_Config)
    USART_Config_Default                     0x08004035   Thumb Code    50  hw_config.o(i.USART_Config_Default)
    USART_GetFlagStatus                      0x08004071   Thumb Code    18  stm32f10x_usart.o(i.USART_GetFlagStatus)
    USART_ITConfig                           0x08004083   Thumb Code    64  stm32f10x_usart.o(i.USART_ITConfig)
    USART_Init                               0x080040c5   Thumb Code   150  stm32f10x_usart.o(i.USART_Init)
    USART_ReceiveData                        0x08004161   Thumb Code    10  stm32f10x_usart.o(i.USART_ReceiveData)
    USART_SendData                           0x0800416b   Thumb Code     8  stm32f10x_usart.o(i.USART_SendData)
    USBWakeUp_IRQHandler                     0x08004173   Thumb Code     2  stm32f10x_it.o(i.USBWakeUp_IRQHandler)
    USB_Cable_Config                         0x08004175   Thumb Code    30  hw_config.o(i.USB_Cable_Config)
    USB_HP_CAN_TX_IRQHandler                 0x08004199   Thumb Code     2  stm32f10x_it.o(i.USB_HP_CAN_TX_IRQHandler)
    USB_Init                                 0x0800419d   Thumb Code    36  usb_init.o(i.USB_Init)
    USB_Interrupts_Config                    0x080041d9   Thumb Code    58  hw_config.o(i.USB_Interrupts_Config)
    USB_Istr                                 0x08004215   Thumb Code    96  usb_istr.o(i.USB_Istr)
    USB_LP_CAN_RX0_IRQHandler                0x08004289   Thumb Code    32  stm32f10x_it.o(i.USB_LP_CAN_RX0_IRQHandler)
    UserToPMABufferCopy                      0x080042b1   Thumb Code    52  usb_mem.o(i.UserToPMABufferCopy)
    Virtual_Com_Port_Data_Setup              0x080042e9   Thumb Code    82  usb_prop.o(i.Virtual_Com_Port_Data_Setup)
    Virtual_Com_Port_GetConfigDescriptor     0x0800434d   Thumb Code    14  usb_prop.o(i.Virtual_Com_Port_GetConfigDescriptor)
    Virtual_Com_Port_GetDeviceDescriptor     0x08004361   Thumb Code    14  usb_prop.o(i.Virtual_Com_Port_GetDeviceDescriptor)
    Virtual_Com_Port_GetLineCoding           0x08004375   Thumb Code    20  usb_prop.o(i.Virtual_Com_Port_GetLineCoding)
    Virtual_Com_Port_GetStringDescriptor     0x08004391   Thumb Code    32  usb_prop.o(i.Virtual_Com_Port_GetStringDescriptor)
    Virtual_Com_Port_Get_Interface_Setting   0x080043b9   Thumb Code    22  usb_prop.o(i.Virtual_Com_Port_Get_Interface_Setting)
    Virtual_Com_Port_NoData_Setup            0x080043d1   Thumb Code    36  usb_prop.o(i.Virtual_Com_Port_NoData_Setup)
    Virtual_Com_Port_Reset                   0x080043f9   Thumb Code   216  usb_prop.o(i.Virtual_Com_Port_Reset)
    Virtual_Com_Port_SetConfiguration        0x080044e1   Thumb Code    14  usb_prop.o(i.Virtual_Com_Port_SetConfiguration)
    Virtual_Com_Port_SetDeviceAddress        0x080044f9   Thumb Code     8  usb_prop.o(i.Virtual_Com_Port_SetDeviceAddress)
    Virtual_Com_Port_SetLineCoding           0x08004505   Thumb Code    20  usb_prop.o(i.Virtual_Com_Port_SetLineCoding)
    Virtual_Com_Port_Status_In               0x08004521   Thumb Code    22  usb_prop.o(i.Virtual_Com_Port_Status_In)
    Virtual_Com_Port_Status_Out              0x0800453d   Thumb Code     2  usb_prop.o(i.Virtual_Com_Port_Status_Out)
    Virtual_Com_Port_init                    0x08004541   Thumb Code    50  usb_prop.o(i.Virtual_Com_Port_init)
    WWDG_IRQHandler                          0x08004585   Thumb Code     2  stm32f10x_it.o(i.WWDG_IRQHandler)
    absEncGetAngle                           0x08004589   Thumb Code    20  absencoder.o(i.absEncGetAngle)
    absEncGetLogicZero                       0x080045a5   Thumb Code    12  absencoder.o(i.absEncGetLogicZero)
    absEncInit                               0x080045b5   Thumb Code   152  absencoder.o(i.absEncInit)
    absEncSetLogicZero                       0x08004659   Thumb Code    84  absencoder.o(i.absEncSetLogicZero)
    absEncUpdateAngle                        0x080046b5   Thumb Code   262  absencoder.o(i.absEncUpdateAngle)
    adcInit                                  0x080047d1   Thumb Code    32  adcdriver.o(i.adcInit)
    boardStatusCMD                           0x080047f9   Thumb Code   178  common.o(i.boardStatusCMD)
    cswKeyDet                                0x080048b1   Thumb Code    70  common.o(i.cswKeyDet)
    dcmInit                                  0x08004901   Thumb Code    74  dcmotor.o(i.dcmInit)
    dcmSetCMD                                0x08004955   Thumb Code   104  dcmotor.o(i.dcmSetCMD)
    dcmStartDCM                              0x080049c5   Thumb Code    92  dcmotor.o(i.dcmStartDCM)
    dcmStopDCM                               0x08004a25   Thumb Code    48  dcmotor.o(i.dcmStopDCM)
    delayMS                                  0x08004a73   Thumb Code    18  common.o(i.delayMS)
    encryptCMDDeal                           0x08004a85   Thumb Code   270  common.o(i.encryptCMDDeal)
    fanInit                                  0x08004b95   Thumb Code    38  common.o(i.fanInit)
    fanSet                                   0x08004bc1   Thumb Code    26  common.o(i.fanSet)
    frameCheck                               0x08004be1   Thumb Code    38  frame.o(i.frameCheck)
    frameInit                                0x08004c07   Thumb Code    24  frame.o(i.frameInit)
    framePackage                             0x08004c1f   Thumb Code    26  frame.o(i.framePackage)
    getBufferVerify                          0x08004c39   Thumb Code    22  frame.o(i.getBufferVerify)
    getProgramCRC                            0x08004c51   Thumb Code    64  encrypt.o(i.getProgramCRC)
    iicAck                                   0x08004c99   Thumb Code    56  eeprom.o(i.iicAck)
    iicInit                                  0x08004cd5   Thumb Code    30  eeprom.o(i.iicInit)
    iicRead                                  0x08004cf9   Thumb Code    92  eeprom.o(i.iicRead)
    iicReadByte                              0x08004d55   Thumb Code   124  eeprom.o(i.iicReadByte)
    iicStart                                 0x08004dd5   Thumb Code    46  eeprom.o(i.iicStart)
    iicStop                                  0x08004e09   Thumb Code    46  eeprom.o(i.iicStop)
    iicWrite                                 0x08004e3d   Thumb Code    80  eeprom.o(i.iicWrite)
    iicWriteByte                             0x08004e8d   Thumb Code   102  eeprom.o(i.iicWriteByte)
    ledINIT                                  0x08004ef9   Thumb Code    36  common.o(i.ledINIT)
    main                                     0x08004f21   Thumb Code    26  main.o(i.main)
    pcRxQueueIn                              0x08004f45   Thumb Code    68  pccomm.o(i.pcRxQueueIn)
    pcRxQueueLen                             0x08004f95   Thumb Code    10  pccomm.o(i.pcRxQueueLen)
    pcRxQueueOutFrame                        0x08004fa5   Thumb Code   152  pccomm.o(i.pcRxQueueOutFrame)
    pcSendTxQueue                            0x08005041   Thumb Code    50  pccomm.o(i.pcSendTxQueue)
    pcTxQueueAddFrame                        0x08005079   Thumb Code    70  pccomm.o(i.pcTxQueueAddFrame)
    pcTxQueueLen                             0x080050c9   Thumb Code    10  pccomm.o(i.pcTxQueueLen)
    powerKeyDet                              0x080050d9   Thumb Code    34  common.o(i.powerKeyDet)
    powerON                                  0x08005105   Thumb Code    76  common.o(i.powerON)
    readDeviceID                             0x08005159   Thumb Code     4  encrypt.o(i.readDeviceID)
    readFlashData                            0x08005161   Thumb Code   190  encrypt.o(i.readFlashData)
    readFlashEncryptData                     0x08005225   Thumb Code    90  encrypt.o(i.readFlashEncryptData)
    readSerialID                             0x08005285   Thumb Code    22  encrypt.o(i.readSerialID)
    smClearRotate                            0x080052a1   Thumb Code    48  stepmotor.o(i.smClearRotate)
    smGetAngle                               0x080052d5   Thumb Code   306  stepmotor.o(i.smGetAngle)
    smInit                                   0x08005419   Thumb Code   180  stepmotor.o(i.smInit)
    smJudgeEqualAngle                        0x080054dd   Thumb Code    86  stepmotor.o(i.smJudgeEqualAngle)
    smRotate                                 0x08005541   Thumb Code   218  stepmotor.o(i.smRotate)
    smRotateTick                             0x08005625   Thumb Code   356  stepmotor.o(i.smRotateTick)
    smRunSM                                  0x08005791   Thumb Code   380  stepmotor.o(i.smRunSM)
    smSetCMD                                 0x0800592d   Thumb Code   324  stepmotor.o(i.smSetCMD)
    smSlowDown                               0x08005a81   Thumb Code    54  stepmotor.o(i.smSlowDown)
    smSpeedUp                                0x08005abd   Thumb Code    86  stepmotor.o(i.smSpeedUp)
    smStartSM                                0x08005b19   Thumb Code    90  stepmotor.o(i.smStartSM)
    smUniform                                0x08005b79   Thumb Code    44  stepmotor.o(i.smUniform)
    smUpdateAngle                            0x08005ba9   Thumb Code    30  stepmotor.o(i.smUpdateAngle)
    smUploadAngle                            0x08005bcd   Thumb Code   146  stepmotor.o(i.smUploadAngle)
    smUploadLogicZero                        0x08005c69   Thumb Code    96  stepmotor.o(i.smUploadLogicZero)
    task1                                    0x08005cc9   Thumb Code   224  task.o(i.task1)
    task2                                    0x08005db1   Thumb Code    62  task.o(i.task2)
    task3                                    0x08005df9   Thumb Code    58  task.o(i.task3)
    task4                                    0x08005e3d   Thumb Code    54  task.o(i.task4)
    task5                                    0x08005e7d   Thumb Code    54  task.o(i.task5)
    tchSWInit                                0x08005ebd   Thumb Code    96  dcmotor.o(i.tchSWInit)
    tchSWIsr                                 0x08005f21   Thumb Code    54  dcmotor.o(i.tchSWIsr)
    temAppClear                              0x08005f5d   Thumb Code    76  temcontrol.o(i.temAppClear)
    temAppGetTem                             0x08005fad   Thumb Code   332  temcontrol.o(i.temAppGetTem)
    temAppInit                               0x08006145   Thumb Code    62  temcontrol.o(i.temAppInit)
    temCMDDeal                               0x08006189   Thumb Code   292  temcontrol.o(i.temCMDDeal)
    temCool                                  0x080062c1   Thumb Code    86  temdriver.o(i.temCool)
    temGetHighTime                           0x08006321   Thumb Code   366  temcontrol.o(i.temGetHighTime)
    temHeat                                  0x080064b1   Thumb Code    86  temdriver.o(i.temHeat)
    temHeatCool                              0x08006511   Thumb Code   316  temcontrol.o(i.temHeatCool)
    temPinInit                               0x08006661   Thumb Code    62  temdriver.o(i.temPinInit)
    temStop                                  0x080066a9   Thumb Code    68  temdriver.o(i.temStop)
    temTaskDeal                              0x080066f5   Thumb Code   118  temcontrol.o(i.temTaskDeal)
    tim5ConfigPWM                            0x08006779   Thumb Code   124  timer5.o(i.tim5ConfigPWM)
    tim5SetPeriod                            0x080067f9   Thumb Code    60  timer5.o(i.tim5SetPeriod)
    tim5StartCounter                         0x08006839   Thumb Code    20  timer5.o(i.tim5StartCounter)
    uart1Init                                0x08006851   Thumb Code   130  uart1.o(i.uart1Init)
    uart1Isr                                 0x080068dd   Thumb Code    68  uart1.o(i.uart1Isr)
    uart1SendByte                            0x08006925   Thumb Code    16  uart1.o(i.uart1SendByte)
    writeFlashData                           0x08006939   Thumb Code   190  encrypt.o(i.writeFlashData)
    writeFlashEncryptData                    0x080069fd   Thumb Code    38  encrypt.o(i.writeFlashEncryptData)
    __aeabi_d2f                              0x08006a25   Thumb Code     0  d2f.o(x$fpl$d2f)
    _d2f                                     0x08006a25   Thumb Code    98  d2f.o(x$fpl$d2f)
    __aeabi_dadd                             0x08006a89   Thumb Code     0  daddsub_clz.o(x$fpl$dadd)
    _dadd                                    0x08006a89   Thumb Code   332  daddsub_clz.o(x$fpl$dadd)
    __fpl_dcmp_Inf                           0x08006bd9   Thumb Code    24  dcmpi.o(x$fpl$dcmpinf)
    __aeabi_ddiv                             0x08006bf1   Thumb Code     0  ddiv.o(x$fpl$ddiv)
    _ddiv                                    0x08006bf1   Thumb Code   552  ddiv.o(x$fpl$ddiv)
    __aeabi_d2iz                             0x08006ea1   Thumb Code     0  dfix.o(x$fpl$dfix)
    _dfix                                    0x08006ea1   Thumb Code    94  dfix.o(x$fpl$dfix)
    __aeabi_i2d                              0x08006eff   Thumb Code     0  dflt_clz.o(x$fpl$dflt)
    _dflt                                    0x08006eff   Thumb Code    46  dflt_clz.o(x$fpl$dflt)
    __aeabi_ui2d                             0x08006f2d   Thumb Code     0  dflt_clz.o(x$fpl$dfltu)
    _dfltu                                   0x08006f2d   Thumb Code    38  dflt_clz.o(x$fpl$dfltu)
    __aeabi_cdcmple                          0x08006f55   Thumb Code     0  dleqf.o(x$fpl$dleqf)
    _dcmple                                  0x08006f55   Thumb Code   120  dleqf.o(x$fpl$dleqf)
    __fpl_dcmple_InfNaN                      0x08006fb7   Thumb Code     0  dleqf.o(x$fpl$dleqf)
    __aeabi_dmul                             0x08006fcd   Thumb Code     0  dmul.o(x$fpl$dmul)
    _dmul                                    0x08006fcd   Thumb Code   332  dmul.o(x$fpl$dmul)
    __fpl_dnaninf                            0x08007121   Thumb Code   156  dnaninf.o(x$fpl$dnaninf)
    __fpl_dretinf                            0x080071bd   Thumb Code    12  dretinf.o(x$fpl$dretinf)
    __aeabi_cdrcmple                         0x080071c9   Thumb Code     0  drleqf.o(x$fpl$drleqf)
    _drcmple                                 0x080071c9   Thumb Code   108  drleqf.o(x$fpl$drleqf)
    __aeabi_drsub                            0x08007235   Thumb Code     0  daddsub_clz.o(x$fpl$drsb)
    _drsb                                    0x08007235   Thumb Code    22  daddsub_clz.o(x$fpl$drsb)
    __aeabi_dsub                             0x0800724d   Thumb Code     0  daddsub_clz.o(x$fpl$dsub)
    _dsub                                    0x0800724d   Thumb Code   464  daddsub_clz.o(x$fpl$dsub)
    __aeabi_f2d                              0x08007421   Thumb Code     0  f2d.o(x$fpl$f2d)
    _f2d                                     0x08007421   Thumb Code    86  f2d.o(x$fpl$f2d)
    __aeabi_fadd                             0x08007479   Thumb Code     0  faddsub_clz.o(x$fpl$fadd)
    _fadd                                    0x08007479   Thumb Code   196  faddsub_clz.o(x$fpl$fadd)
    __fpl_fcmp_Inf                           0x0800753d   Thumb Code    24  fcmpi.o(x$fpl$fcmpinf)
    __aeabi_fdiv                             0x08007555   Thumb Code     0  fdiv.o(x$fpl$fdiv)
    _fdiv                                    0x08007555   Thumb Code   384  fdiv.o(x$fpl$fdiv)
    __aeabi_f2iz                             0x080076d9   Thumb Code     0  ffix.o(x$fpl$ffix)
    _ffix                                    0x080076d9   Thumb Code    54  ffix.o(x$fpl$ffix)
    __aeabi_f2uiz                            0x08007711   Thumb Code     0  ffixu.o(x$fpl$ffixu)
    _ffixu                                   0x08007711   Thumb Code    62  ffixu.o(x$fpl$ffixu)
    __aeabi_cfcmple                          0x08007751   Thumb Code     0  fleqf.o(x$fpl$fleqf)
    _fcmple                                  0x08007751   Thumb Code   104  fleqf.o(x$fpl$fleqf)
    __fpl_fcmple_InfNaN                      0x080077a3   Thumb Code     0  fleqf.o(x$fpl$fleqf)
    __aeabi_fmul                             0x080077b9   Thumb Code     0  fmul.o(x$fpl$fmul)
    _fmul                                    0x080077b9   Thumb Code   258  fmul.o(x$fpl$fmul)
    __fpl_fnaninf                            0x080078bb   Thumb Code   140  fnaninf.o(x$fpl$fnaninf)
    __fpl_fretinf                            0x08007947   Thumb Code    10  fretinf.o(x$fpl$fretinf)
    __aeabi_cfrcmple                         0x08007951   Thumb Code     0  frleqf.o(x$fpl$frleqf)
    _frcmple                                 0x08007951   Thumb Code    98  frleqf.o(x$fpl$frleqf)
    __aeabi_frsub                            0x080079b3   Thumb Code     0  faddsub_clz.o(x$fpl$frsb)
    _frsb                                    0x080079b3   Thumb Code    20  faddsub_clz.o(x$fpl$frsb)
    __aeabi_fsub                             0x080079c9   Thumb Code     0  faddsub_clz.o(x$fpl$fsub)
    _fsub                                    0x080079c9   Thumb Code   234  faddsub_clz.o(x$fpl$fsub)
    __I$use$fp                               0x08007ab2   Number         0  usenofp.o(x$fpl$usenofp)
    g_dcm_rate                               0x08007ab2   Data           6  dcmotor.o(.constdata)
    OSUnMapTbl                               0x08007ab8   Data         256  os_core.o(.constdata)
    Virtual_Com_Port_DeviceDescriptor        0x08007bb8   Data          18  usb_desc.o(.constdata)
    Virtual_Com_Port_ConfigDescriptor        0x08007bca   Data          67  usb_desc.o(.constdata)
    Virtual_Com_Port_StringLangID            0x08007c0d   Data           4  usb_desc.o(.constdata)
    Virtual_Com_Port_StringVendor            0x08007c11   Data          38  usb_desc.o(.constdata)
    Virtual_Com_Port_StringProduct           0x08007c37   Data          50  usb_desc.o(.constdata)
    Region$$Table$$Base                      0x08007c80   Number         0  anon$$obj.o(Region$$Table)
    Region$$Table$$Limit                     0x08007ca0   Number         0  anon$$obj.o(Region$$Table)
    g_u8StartOver                            0x20000000   Data           1  main.o(.data)
    g_EventUSBRx                             0x20000004   Data           4  main.o(.data)
    g_EventUSBTx                             0x20000008   Data           4  main.o(.data)
    g_dcm                                    0x2000000c   Data           4  dcmotor.o(.data)
    HSEStartUpStatus                         0x20000010   Data           1  bsp.o(.data)
    g_powerKey                               0x20000011   Data           1  common.o(.data)
    g_controlShutdown                        0x20000012   Data           1  common.o(.data)
    g_cswKey                                 0x20000013   Data           1  common.o(.data)
    g_pcRxTimeOut                            0x20000014   Data           4  pccomm.o(.data)
    g_temUpload                              0x20000018   Data           4  temcontrol.o(.data)
    g_temx_io                                0x2000001c   Data           6  temdriver.o(.data)
    g_ad                                     0x20000022   Data           2  adcdriver.o(.data)
    g_spi1RxData                             0x20000024   Data           2  spi1.o(.data)
    g_spi1Flag                               0x20000026   Data           1  spi1.o(.data)
    g_spi2RxData                             0x20000028   Data           2  spi2.o(.data)
    g_spi2Flag                               0x2000002a   Data           1  spi2.o(.data)
    OSCtxSwCtr                               0x2000002c   Data           4  os_core.o(.data)
    OSEventFreeList                          0x20000030   Data           4  os_core.o(.data)
    OSFlagFreeList                           0x20000034   Data           4  os_core.o(.data)
    OSCPUUsage                               0x20000038   Data           1  os_core.o(.data)
    OSIdleCtrMax                             0x2000003c   Data           4  os_core.o(.data)
    OSIdleCtrRun                             0x20000040   Data           4  os_core.o(.data)
    OSStatRdy                                0x20000044   Data           1  os_core.o(.data)
    OSIntNesting                             0x20000045   Data           1  os_core.o(.data)
    OSLockNesting                            0x20000046   Data           1  os_core.o(.data)
    OSPrioCur                                0x20000047   Data           1  os_core.o(.data)
    OSPrioHighRdy                            0x20000048   Data           1  os_core.o(.data)
    OSRdyGrp                                 0x20000049   Data           1  os_core.o(.data)
    OSRdyTbl                                 0x2000004a   Data           8  os_core.o(.data)
    OSRunning                                0x20000052   Data           1  os_core.o(.data)
    OSTaskCtr                                0x20000053   Data           1  os_core.o(.data)
    OSIdleCtr                                0x20000054   Data           4  os_core.o(.data)
    OSTCBCur                                 0x20000058   Data           4  os_core.o(.data)
    OSTCBFreeList                            0x2000005c   Data           4  os_core.o(.data)
    OSTCBHighRdy                             0x20000060   Data           4  os_core.o(.data)
    OSTCBList                                0x20000064   Data           4  os_core.o(.data)
    OSTickStepState                          0x20000068   Data           1  os_core.o(.data)
    OSMemFreeList                            0x2000006c   Data           4  os_core.o(.data)
    OSQFreeList                              0x20000070   Data           4  os_core.o(.data)
    OSTime                                   0x20000074   Data           4  os_core.o(.data)
    Virtual_Com_Port_StringSerial            0x20000078   Data          26  usb_desc.o(.data)
    g_USBRxCNT                               0x20000094   Data           4  usb_endp.o(.data)
    count_in                                 0x20000098   Data           4  usb_endp.o(.data)
    bIntPackSOF                              0x2000009c   Data           1  usb_istr.o(.data)
    pEpInt_IN                                0x200000a0   Data          28  usb_istr.o(.data)
    pEpInt_OUT                               0x200000bc   Data          28  usb_istr.o(.data)
    wIstr                                    0x200000d8   Data           2  usb_istr.o(.data)
    Request                                  0x200000dc   Data           1  usb_prop.o(.data)
    linecoding                               0x200000e0   Data           8  usb_prop.o(.data)
    Device_Table                             0x200000e8   Data           2  usb_prop.o(.data)
    Device_Property                          0x200000ec   Data          48  usb_prop.o(.data)
    User_Standard_Requests                   0x2000011c   Data          36  usb_prop.o(.data)
    Device_Descriptor                        0x20000140   Data           8  usb_prop.o(.data)
    Config_Descriptor                        0x20000148   Data           8  usb_prop.o(.data)
    String_Descriptor                        0x20000150   Data          32  usb_prop.o(.data)
    bDeviceState                             0x20000170   Data           4  usb_pwr.o(.data)
    fSuspendEnabled                          0x20000174   Data           1  usb_pwr.o(.data)
    ResumeS                                  0x20000175   Data           2  usb_pwr.o(.data)
    Data_Mul_MaxPacketSize                   0x20000178   Data           1  usb_core.o(.data)
    StatusInfo                               0x2000017a   Data           2  usb_core.o(.data)
    EPindex                                  0x2000017c   Data           1  usb_init.o(.data)
    pInformation                             0x20000180   Data           4  usb_init.o(.data)
    pProperty                                0x20000184   Data           4  usb_init.o(.data)
    SaveState                                0x20000188   Data           2  usb_init.o(.data)
    wInterrupt_Mask                          0x2000018a   Data           2  usb_init.o(.data)
    pUser_Standard_Requests                  0x2000018c   Data           4  usb_init.o(.data)
    SaveRState                               0x20000190   Data           2  usb_int.o(.data)
    SaveTState                               0x20000192   Data           2  usb_int.o(.data)
    TaskStart_STK                            0x2000019c   Data        2048  main.o(.bss)
    TASK1_STK                                0x2000099c   Data        4096  main.o(.bss)
    TASK2_STK                                0x2000199c   Data        4096  main.o(.bss)
    TASK3_STK                                0x2000299c   Data        4096  main.o(.bss)
    TASK4_STK                                0x2000399c   Data        4096  main.o(.bss)
    TASK5_STK                                0x2000499c   Data        4096  main.o(.bss)
    g_PCTxQueue                              0x2000599c   Data         264  pccomm.o(.bss)
    g_PCRxQueue                              0x20005aa4   Data         264  pccomm.o(.bss)
    g_sm                                     0x20005bac   Data         120  stepmotor.o(.bss)
    g_tem                                    0x20005c24   Data          28  temcontrol.o(.bss)
    g_absEnc                                 0x20005c40   Data          32  absencoder.o(.bss)
    OSEventTbl                               0x20005c60   Data        1152  os_core.o(.bss)
    OSFlagTbl                                0x200060e0   Data         140  os_core.o(.bss)
    OSTaskStatStk                            0x2000616c   Data         512  os_core.o(.bss)
    OSTaskIdleStk                            0x2000636c   Data         512  os_core.o(.bss)
    OSTCBPrioTbl                             0x2000656c   Data         256  os_core.o(.bss)
    OSTCBTbl                                 0x2000666c   Data        1936  os_core.o(.bss)
    OSMemTbl                                 0x20006dfc   Data         180  os_core.o(.bss)
    OSQTbl                                   0x20006eb0   Data          96  os_core.o(.bss)
    USART_InitStructure                      0x20006f10   Data          16  hw_config.o(.bss)
    buffer_in                                0x20006f20   Data          64  hw_config.o(.bss)
    g_USBRxBuff                              0x20006f60   Data          64  usb_endp.o(.bss)
    Device_Info                              0x20006fa0   Data          28  usb_init.o(.bss)
    __libspace_start                         0x20006fbc   Data          96  libspace.o(.bss)
    __temporary_stack_top$libspace           0x2000701c   Data           0  libspace.o(.bss)



==============================================================================

Memory Map of the image

  Image Entry point : 0x08000149

  Load Region LR_IROM1 (Base: 0x08000000, Size: 0x00007e3c, Max: 0x00040000, ABSOLUTE, COMPRESSED[0x00007d20])

    Execution Region ER_IROM1 (Base: 0x08000000, Size: 0x00007ca0, Max: 0x00040000, ABSOLUTE)

    Base Addr    Size         Type   Attr      Idx    E Section Name        Object

    0x08000000   0x00000148   Code   RO         5944    RESET               stm32f10x_startup.o
    0x08000148   0x00000008   Code   RO         5959  * !!!main             c_w.l(__main.o)
    0x08000150   0x00000034   Code   RO         6182    !!!scatter          c_w.l(__scatter.o)
    0x08000184   0x0000005a   Code   RO         6180    !!dczerorl2         c_w.l(__dczerorl2.o)
    0x080001de   0x00000002   PAD
    0x080001e0   0x0000001c   Code   RO         6184    !!handler_zi        c_w.l(__scatter_zi.o)
    0x080001fc   0x00000002   Code   RO         6053    .ARM.Collect$$libinit$$00000000  c_w.l(libinit.o)
    0x080001fe   0x00000000   Code   RO         6060    .ARM.Collect$$libinit$$00000002  c_w.l(libinit2.o)
    0x080001fe   0x00000000   Code   RO         6063    .ARM.Collect$$libinit$$00000008  c_w.l(libinit2.o)
    0x080001fe   0x00000000   Code   RO         6065    .ARM.Collect$$libinit$$0000000A  c_w.l(libinit2.o)
    0x080001fe   0x00000000   Code   RO         6067    .ARM.Collect$$libinit$$0000000C  c_w.l(libinit2.o)
    0x080001fe   0x00000000   Code   RO         6070    .ARM.Collect$$libinit$$0000000F  c_w.l(libinit2.o)
    0x080001fe   0x00000000   Code   RO         6072    .ARM.Collect$$libinit$$00000011  c_w.l(libinit2.o)
    0x080001fe   0x00000000   Code   RO         6074    .ARM.Collect$$libinit$$00000013  c_w.l(libinit2.o)
    0x080001fe   0x00000000   Code   RO         6076    .ARM.Collect$$libinit$$00000015  c_w.l(libinit2.o)
    0x080001fe   0x00000000   Code   RO         6078    .ARM.Collect$$libinit$$00000017  c_w.l(libinit2.o)
    0x080001fe   0x00000000   Code   RO         6080    .ARM.Collect$$libinit$$00000019  c_w.l(libinit2.o)
    0x080001fe   0x00000000   Code   RO         6082    .ARM.Collect$$libinit$$0000001B  c_w.l(libinit2.o)
    0x080001fe   0x00000000   Code   RO         6084    .ARM.Collect$$libinit$$0000001D  c_w.l(libinit2.o)
    0x080001fe   0x00000000   Code   RO         6086    .ARM.Collect$$libinit$$0000001F  c_w.l(libinit2.o)
    0x080001fe   0x00000000   Code   RO         6088    .ARM.Collect$$libinit$$00000021  c_w.l(libinit2.o)
    0x080001fe   0x00000000   Code   RO         6090    .ARM.Collect$$libinit$$00000023  c_w.l(libinit2.o)
    0x080001fe   0x00000000   Code   RO         6094    .ARM.Collect$$libinit$$0000002A  c_w.l(libinit2.o)
    0x080001fe   0x00000000   Code   RO         6096    .ARM.Collect$$libinit$$0000002C  c_w.l(libinit2.o)
    0x080001fe   0x00000000   Code   RO         6098    .ARM.Collect$$libinit$$0000002E  c_w.l(libinit2.o)
    0x080001fe   0x00000000   Code   RO         6100    .ARM.Collect$$libinit$$00000030  c_w.l(libinit2.o)
    0x080001fe   0x00000002   Code   RO         6101    .ARM.Collect$$libinit$$00000031  c_w.l(libinit2.o)
    0x08000200   0x00000002   Code   RO         6121    .ARM.Collect$$libshutdown$$00000000  c_w.l(libshutdown.o)
    0x08000202   0x00000000   Code   RO         6135    .ARM.Collect$$libshutdown$$00000003  c_w.l(libshutdown2.o)
    0x08000202   0x00000000   Code   RO         6138    .ARM.Collect$$libshutdown$$00000006  c_w.l(libshutdown2.o)
    0x08000202   0x00000000   Code   RO         6141    .ARM.Collect$$libshutdown$$00000009  c_w.l(libshutdown2.o)
    0x08000202   0x00000000   Code   RO         6143    .ARM.Collect$$libshutdown$$0000000B  c_w.l(libshutdown2.o)
    0x08000202   0x00000000   Code   RO         6146    .ARM.Collect$$libshutdown$$0000000E  c_w.l(libshutdown2.o)
    0x08000202   0x00000002   Code   RO         6147    .ARM.Collect$$libshutdown$$0000000F  c_w.l(libshutdown2.o)
    0x08000204   0x00000000   Code   RO         6015    .ARM.Collect$$rtentry$$00000000  c_w.l(rtentry.o)
    0x08000204   0x00000000   Code   RO         6030    .ARM.Collect$$rtentry$$00000002  c_w.l(rtentry2.o)
    0x08000204   0x00000006   Code   RO         6042    .ARM.Collect$$rtentry$$00000004  c_w.l(rtentry4.o)
    0x0800020a   0x00000000   Code   RO         6032    .ARM.Collect$$rtentry$$00000009  c_w.l(rtentry2.o)
    0x0800020a   0x00000004   Code   RO         6033    .ARM.Collect$$rtentry$$0000000A  c_w.l(rtentry2.o)
    0x0800020e   0x00000000   Code   RO         6035    .ARM.Collect$$rtentry$$0000000C  c_w.l(rtentry2.o)
    0x0800020e   0x00000008   Code   RO         6036    .ARM.Collect$$rtentry$$0000000D  c_w.l(rtentry2.o)
    0x08000216   0x00000002   Code   RO         6057    .ARM.Collect$$rtexit$$00000000  c_w.l(rtexit.o)
    0x08000218   0x00000000   Code   RO         6103    .ARM.Collect$$rtexit$$00000002  c_w.l(rtexit2.o)
    0x08000218   0x00000004   Code   RO         6104    .ARM.Collect$$rtexit$$00000003  c_w.l(rtexit2.o)
    0x0800021c   0x00000006   Code   RO         6105    .ARM.Collect$$rtexit$$00000004  c_w.l(rtexit2.o)
    0x08000222   0x00000002   PAD
    0x08000224   0x000000a8   Code   RO         2369    .text               os_cpu_a.o
    0x080002cc   0x0000001c   Code   RO         5945    .text               stm32f10x_startup.o
    0x080002e8   0x00000006   Code   RO         5957    .text               c_w.l(heapauxi.o)
    0x080002ee   0x0000004a   Code   RO         6044    .text               c_w.l(sys_stackheap_outer.o)
    0x08000338   0x0000000c   Code   RO         6046    .text               c_w.l(exit.o)
    0x08000344   0x00000008   Code   RO         6054    .text               c_w.l(libspace.o)
    0x0800034c   0x0000000c   Code   RO         6113    .text               c_w.l(sys_exit.o)
    0x08000358   0x00000002   Code   RO         6124    .text               c_w.l(use_no_semi.o)
    0x0800035a   0x00000000   Code   RO         6126    .text               c_w.l(indicate_semi.o)
    0x0800035a   0x00000002   Code   RO          510    i.ADC3_IRQHandler   stm32f10x_it.o
    0x0800035c   0x00000016   Code   RO         3295    i.ADC_Cmd           stm32f10x_adc.o
    0x08000372   0x00000016   Code   RO         3296    i.ADC_DMACmd        stm32f10x_adc.o
    0x08000388   0x00000060   Code   RO         3297    i.ADC_DeInit        stm32f10x_adc.o
    0x080003e8   0x00000014   Code   RO         3303    i.ADC_GetCalibrationStatus  stm32f10x_adc.o
    0x080003fc   0x00000014   Code   RO         3309    i.ADC_GetResetCalibrationStatus  stm32f10x_adc.o
    0x08000410   0x00000002   Code   RO          511    i.ADC_IRQHandler    stm32f10x_it.o
    0x08000412   0x00000002   PAD
    0x08000414   0x00000050   Code   RO         3313    i.ADC_Init          stm32f10x_adc.o
    0x08000464   0x000000b8   Code   RO         3317    i.ADC_RegularChannelConfig  stm32f10x_adc.o
    0x0800051c   0x0000000a   Code   RO         3318    i.ADC_ResetCalibration  stm32f10x_adc.o
    0x08000526   0x00000016   Code   RO         3320    i.ADC_SoftwareStartConvCmd  stm32f10x_adc.o
    0x0800053c   0x0000000a   Code   RO         3322    i.ADC_StartCalibration  stm32f10x_adc.o
    0x08000546   0x00000002   PAD
    0x08000548   0x00000078   Code   RO         1401    i.AD_DeviceInit     adcdriver.o
    0x080005c0   0x0000001c   Code   RO         1402    i.AD_IOInit         adcdriver.o
    0x080005dc   0x00000092   Code   RO          399    i.BSP_Init          bsp.o
    0x0800066e   0x0000000c   Code   RO         2929    i.ByteSwap          usb_regs.o
    0x0800067a   0x00000002   Code   RO          513    i.CAN_RX1_IRQHandler  stm32f10x_it.o
    0x0800067c   0x00000002   Code   RO          514    i.CAN_SCE_IRQHandler  stm32f10x_it.o
    0x0800067e   0x00000002   PAD
    0x08000680   0x00000080   Code   RO          968    i.CMDTestDeal       common.o
    0x08000700   0x0000030c   Code   RO         2882    i.CTR_LP            usb_int.o
    0x08000a0c   0x00000028   Code   RO         2930    i.ClearDTOG_RX      usb_regs.o
    0x08000a34   0x00000028   Code   RO         2931    i.ClearDTOG_TX      usb_regs.o
    0x08000a5c   0x00000018   Code   RO         2936    i.Clear_Status_Out  usb_regs.o
    0x08000a74   0x00000002   Code   RO          515    i.DMA2_Channel1_IRQHandler  stm32f10x_it.o
    0x08000a76   0x00000002   Code   RO          516    i.DMA2_Channel2_IRQHandler  stm32f10x_it.o
    0x08000a78   0x00000002   Code   RO          517    i.DMA2_Channel3_IRQHandler  stm32f10x_it.o
    0x08000a7a   0x00000002   Code   RO          518    i.DMA2_Channel4_5_IRQHandler  stm32f10x_it.o
    0x08000a7c   0x00000002   Code   RO          519    i.DMAChannel1_IRQHandler  stm32f10x_it.o
    0x08000a7e   0x00000002   Code   RO          520    i.DMAChannel2_IRQHandler  stm32f10x_it.o
    0x08000a80   0x00000002   Code   RO          521    i.DMAChannel3_IRQHandler  stm32f10x_it.o
    0x08000a82   0x00000002   Code   RO          522    i.DMAChannel4_IRQHandler  stm32f10x_it.o
    0x08000a84   0x00000002   Code   RO          523    i.DMAChannel5_IRQHandler  stm32f10x_it.o
    0x08000a86   0x00000002   Code   RO          524    i.DMAChannel6_IRQHandler  stm32f10x_it.o
    0x08000a88   0x00000002   Code   RO          525    i.DMAChannel7_IRQHandler  stm32f10x_it.o
    0x08000a8a   0x00000016   Code   RO         3735    i.DMA_Cmd           stm32f10x_dma.o
    0x08000aa0   0x00000050   Code   RO         1403    i.DMA_Configuration  adcdriver.o
    0x08000af0   0x00000144   Code   RO         3736    i.DMA_DeInit        stm32f10x_dma.o
    0x08000c34   0x0000003c   Code   RO         3741    i.DMA_Init          stm32f10x_dma.o
    0x08000c70   0x000000c0   Code   RO         2739    i.DataStageIn       usb_core.o
    0x08000d30   0x000000bc   Code   RO         2740    i.DataStageOut      usb_core.o
    0x08000dec   0x0000028c   Code   RO         2741    i.Data_Setup0       usb_core.o
    0x08001078   0x0000000c   Code   RO         2553    i.EP1_IN_Callback   usb_endp.o
    0x08001084   0x0000002c   Code   RO         2554    i.EP3_OUT_Callback  usb_endp.o
    0x080010b0   0x0000000a   Code   RO          527    i.EXTI0_IRQHandler  stm32f10x_it.o
    0x080010ba   0x00000002   Code   RO          528    i.EXTI15_10_IRQHandler  stm32f10x_it.o
    0x080010bc   0x0000000e   Code   RO          529    i.EXTI1_IRQHandler  stm32f10x_it.o
    0x080010ca   0x00000002   Code   RO          530    i.EXTI2_IRQHandler  stm32f10x_it.o
    0x080010cc   0x00000002   Code   RO          531    i.EXTI3_IRQHandler  stm32f10x_it.o
    0x080010ce   0x00000002   Code   RO          532    i.EXTI4_IRQHandler  stm32f10x_it.o
    0x080010d0   0x00000002   Code   RO          533    i.EXTI9_5_IRQHandler  stm32f10x_it.o
    0x080010d2   0x00000002   PAD
    0x080010d4   0x0000000c   Code   RO         3800    i.EXTI_ClearITPendingBit  stm32f10x_exti.o
    0x080010e0   0x0000009c   Code   RO         3805    i.EXTI_Init         stm32f10x_exti.o
    0x0800117c   0x00000050   Code   RO         3857    i.FLASH_ErasePage   stm32f10x_flash.o
    0x080011cc   0x00000034   Code   RO         3861    i.FLASH_GetStatus   stm32f10x_flash.o
    0x08001200   0x00000002   Code   RO          534    i.FLASH_IRQHandler  stm32f10x_it.o
    0x08001202   0x00000002   PAD
    0x08001204   0x00000014   Code   RO         3866    i.FLASH_Lock        stm32f10x_flash.o
    0x08001218   0x0000001c   Code   RO         3867    i.FLASH_PrefetchBufferCmd  stm32f10x_flash.o
    0x08001234   0x00000068   Code   RO         3870    i.FLASH_ProgramWord  stm32f10x_flash.o
    0x0800129c   0x00000018   Code   RO         3872    i.FLASH_SetLatency  stm32f10x_flash.o
    0x080012b4   0x00000018   Code   RO         3873    i.FLASH_Unlock      stm32f10x_flash.o
    0x080012cc   0x0000002a   Code   RO         3875    i.FLASH_WaitForLastOperation  stm32f10x_flash.o
    0x080012f6   0x00000002   Code   RO          535    i.FSMC_IRQHandler   stm32f10x_it.o
    0x080012f8   0x00000040   Code   RO         4004    i.GPIO_EXTILineConfig  stm32f10x_gpio.o
    0x08001338   0x00000110   Code   RO         4007    i.GPIO_Init         stm32f10x_gpio.o
    0x08001448   0x00000012   Code   RO         4011    i.GPIO_ReadInputDataBit  stm32f10x_gpio.o
    0x0800145a   0x00000004   Code   RO         4014    i.GPIO_ResetBits    stm32f10x_gpio.o
    0x0800145e   0x00000004   Code   RO         4015    i.GPIO_SetBits      stm32f10x_gpio.o
    0x08001462   0x00000002   PAD
    0x08001464   0x00000020   Code   RO         2948    i.GetEPRxAddr       usb_regs.o
    0x08001484   0x00000024   Code   RO         2949    i.GetEPRxCount      usb_regs.o
    0x080014a8   0x00000020   Code   RO         2951    i.GetEPTxAddr       usb_regs.o
    0x080014c8   0x00000048   Code   RO         2456    i.Get_SerialNum     hw_config.o
    0x08001510   0x00000002   Code   RO          537    i.I2C1_ER_IRQHandler  stm32f10x_it.o
    0x08001512   0x00000002   Code   RO          538    i.I2C1_EV_IRQHandler  stm32f10x_it.o
    0x08001514   0x00000002   Code   RO          539    i.I2C2_ER_IRQHandler  stm32f10x_it.o
    0x08001516   0x00000002   Code   RO          540    i.I2C2_EV_IRQHandler  stm32f10x_it.o
    0x08001518   0x00000070   Code   RO         2742    i.In0_Process       usb_core.o
    0x08001588   0x00000014   Code   RO          969    i.LEDOFF            common.o
    0x0800159c   0x00000014   Code   RO          970    i.LEDON             common.o
    0x080015b0   0x00000020   Code   RO          971    i.LEDREV            common.o
    0x080015d0   0x00000002   Code   RO         2743    i.NOP_Process       usb_core.o
    0x080015d2   0x000000e6   Code   RO          456    i.NVIC_Configuration  nvic.o
    0x080016b8   0x000000a4   Code   RO         4333    i.NVIC_Init         stm32f10x_nvic.o
    0x0800175c   0x00000014   Code   RO         4334    i.NVIC_PriorityGroupConfig  stm32f10x_nvic.o
    0x08001770   0x00000140   Code   RO         2744    i.NoData_Setup0     usb_core.o
    0x080018b0   0x00000030   Code   RO         1707    i.OSInit            os_core.o
    0x080018e0   0x00000002   Code   RO         2373    i.OSInitHookBegin   os_cpu_c.o
    0x080018e2   0x00000002   Code   RO         2374    i.OSInitHookEnd     os_cpu_c.o
    0x080018e4   0x00000094   Code   RO         1709    i.OSIntExit         os_core.o
    0x08001978   0x00000058   Code   RO         2202    i.OSSemCreate       os_sem.o
    0x080019d0   0x000000f8   Code   RO         2204    i.OSSemPend         os_sem.o
    0x08001ac8   0x0000005e   Code   RO         2206    i.OSSemPost         os_sem.o
    0x08001b26   0x00000002   PAD
    0x08001b28   0x00000048   Code   RO         1712    i.OSStart           os_core.o
    0x08001b70   0x00000002   Code   RO         2375    i.OSTCBInitHook     os_cpu_c.o
    0x08001b72   0x00000002   PAD
    0x08001b74   0x000000ac   Code   RO         2255    i.OSTaskCreate      os_task.o
    0x08001c20   0x000000b8   Code   RO         2256    i.OSTaskCreateExt   os_task.o
    0x08001cd8   0x00000002   Code   RO         2376    i.OSTaskCreateHook  os_cpu_c.o
    0x08001cda   0x00000002   Code   RO         2378    i.OSTaskIdleHook    os_cpu_c.o
    0x08001cdc   0x000000ac   Code   RO         2260    i.OSTaskNameSet     os_task.o
    0x08001d88   0x00000002   Code   RO         2379    i.OSTaskStatHook    os_cpu_c.o
    0x08001d8a   0x0000009a   Code   RO         2380    i.OSTaskStkInit     os_cpu_c.o
    0x08001e24   0x00000002   Code   RO         2381    i.OSTaskSwHook      os_cpu_c.o
    0x08001e26   0x00000002   PAD
    0x08001e28   0x00000070   Code   RO         2327    i.OSTimeDly         os_time.o
    0x08001e98   0x000000a4   Code   RO         2328    i.OSTimeDlyHMSM     os_time.o
    0x08001f3c   0x0000001c   Code   RO         2330    i.OSTimeGet         os_time.o
    0x08001f58   0x000000f4   Code   RO         1714    i.OSTimeTick        os_core.o
    0x0800204c   0x00000002   Code   RO         2382    i.OSTimeTickHook    os_cpu_c.o
    0x0800204e   0x00000002   PAD
    0x08002050   0x00000050   Code   RO         1717    i.OS_EventTOAbort   os_core.o
    0x080020a0   0x000000dc   Code   RO         1718    i.OS_EventTaskRdy   os_core.o
    0x0800217c   0x0000007c   Code   RO         1719    i.OS_EventTaskWait  os_core.o
    0x080021f8   0x0000001c   Code   RO         1720    i.OS_EventWaitListInit  os_core.o
    0x08002214   0x0000004c   Code   RO         1908    i.OS_FlagInit       os_flag.o
    0x08002260   0x00000050   Code   RO         1721    i.OS_InitEventList  os_core.o
    0x080022b0   0x00000054   Code   RO         1722    i.OS_InitMisc       os_core.o
    0x08002304   0x00000048   Code   RO         1723    i.OS_InitRdyList    os_core.o
    0x0800234c   0x00000068   Code   RO         1724    i.OS_InitTCBList    os_core.o
    0x080023b4   0x00000050   Code   RO         1725    i.OS_InitTaskIdle   os_core.o
    0x08002404   0x00000050   Code   RO         1726    i.OS_InitTaskStat   os_core.o
    0x08002454   0x00000012   Code   RO         1727    i.OS_MemClr         os_core.o
    0x08002466   0x00000002   PAD
    0x08002468   0x0000004c   Code   RO         2040    i.OS_MemInit        os_mem.o
    0x080024b4   0x00000038   Code   RO         2139    i.OS_QInit          os_q.o
    0x080024ec   0x00000074   Code   RO         1729    i.OS_Sched          os_core.o
    0x08002560   0x0000002c   Code   RO         1730    i.OS_SchedNew       os_core.o
    0x0800258c   0x0000001c   Code   RO         1731    i.OS_StrCopy        os_core.o
    0x080025a8   0x00000014   Code   RO         1732    i.OS_StrLen         os_core.o
    0x080025bc   0x0000012c   Code   RO         1733    i.OS_TCBInit        os_core.o
    0x080026e8   0x00000024   Code   RO         1734    i.OS_TaskIdle       os_core.o
    0x0800270c   0x0000008c   Code   RO         1735    i.OS_TaskStat       os_core.o
    0x08002798   0x00000050   Code   RO         2745    i.Out0_Process      usb_core.o
    0x080027e8   0x00000028   Code   RO         2911    i.PMAToUserBufferCopy  usb_mem.o
    0x08002810   0x00000002   Code   RO          543    i.PVD_IRQHandler    stm32f10x_it.o
    0x08002812   0x00000002   PAD
    0x08002814   0x00000048   Code   RO         2746    i.Post0_Process     usb_core.o
    0x0800285c   0x00000040   Code   RO         2698    i.PowerOn           usb_pwr.o
    0x0800289c   0x00000020   Code   RO          468    i.QueueGetLen       queue.o
    0x080028bc   0x0000003e   Code   RO          469    i.QueueIn           queue.o
    0x080028fa   0x0000003a   Code   RO          472    i.QueueOut          queue.o
    0x08002934   0x0000002a   Code   RO          473    i.QueueOutByte      queue.o
    0x0800295e   0x00000002   PAD
    0x08002960   0x00000018   Code   RO         4563    i.RCC_ADCCLKConfig  stm32f10x_rcc.o
    0x08002978   0x00000020   Code   RO         4564    i.RCC_AHBPeriphClockCmd  stm32f10x_rcc.o
    0x08002998   0x00000020   Code   RO         4565    i.RCC_APB1PeriphClockCmd  stm32f10x_rcc.o
    0x080029b8   0x00000020   Code   RO         4566    i.RCC_APB1PeriphResetCmd  stm32f10x_rcc.o
    0x080029d8   0x00000020   Code   RO         4567    i.RCC_APB2PeriphClockCmd  stm32f10x_rcc.o
    0x080029f8   0x00000020   Code   RO         4568    i.RCC_APB2PeriphResetCmd  stm32f10x_rcc.o
    0x08002a18   0x00000014   Code   RO         4571    i.RCC_ClearFlag     stm32f10x_rcc.o
    0x08002a2c   0x0000005c   Code   RO          400    i.RCC_Configuration  bsp.o
    0x08002a88   0x000000d4   Code   RO         4575    i.RCC_GetClocksFreq  stm32f10x_rcc.o
    0x08002b5c   0x0000003c   Code   RO         4576    i.RCC_GetFlagStatus  stm32f10x_rcc.o
    0x08002b98   0x00000018   Code   RO         4579    i.RCC_HCLKConfig    stm32f10x_rcc.o
    0x08002bb0   0x0000004c   Code   RO         4580    i.RCC_HSEConfig     stm32f10x_rcc.o
    0x08002bfc   0x00000002   Code   RO          545    i.RCC_IRQHandler    stm32f10x_it.o
    0x08002bfe   0x00000002   PAD
    0x08002c00   0x00000018   Code   RO         4586    i.RCC_PCLK1Config   stm32f10x_rcc.o
    0x08002c18   0x00000018   Code   RO         4587    i.RCC_PCLK2Config   stm32f10x_rcc.o
    0x08002c30   0x0000000c   Code   RO         4588    i.RCC_PLLCmd        stm32f10x_rcc.o
    0x08002c3c   0x0000001c   Code   RO         4589    i.RCC_PLLConfig     stm32f10x_rcc.o
    0x08002c58   0x0000000c   Code   RO         4593    i.RCC_USBCLKConfig  stm32f10x_rcc.o
    0x08002c64   0x00000048   Code   RO         4594    i.RCC_WaitForHSEStartUp  stm32f10x_rcc.o
    0x08002cac   0x00000002   Code   RO          546    i.RTCAlarm_IRQHandler  stm32f10x_it.o
    0x08002cae   0x00000002   PAD
    0x08002cb0   0x00000010   Code   RO         5853    i.RTC_ClearITPendingBit  stm32f10x_rtc.o
    0x08002cc0   0x00000024   Code   RO         5859    i.RTC_GetITStatus   stm32f10x_rtc.o
    0x08002ce4   0x00000050   Code   RO          547    i.RTC_IRQHandler    stm32f10x_it.o
    0x08002d34   0x00000014   Code   RO         5864    i.RTC_WaitForLastTask  stm32f10x_rtc.o
    0x08002d48   0x00000002   Code   RO          548    i.SDIO_IRQHandler   stm32f10x_it.o
    0x08002d4a   0x00000002   PAD
    0x08002d4c   0x000000ac   Code   RO         1491    i.SPI1Init          spi1.o
    0x08002df8   0x00000034   Code   RO         1492    i.SPI1Isr           spi1.o
    0x08002e2c   0x0000005c   Code   RO         1493    i.SPI1Send          spi1.o
    0x08002e88   0x00000008   Code   RO          549    i.SPI1_IRQHandler   stm32f10x_it.o
    0x08002e90   0x000000b0   Code   RO         1563    i.SPI2Init          spi2.o
    0x08002f40   0x00000038   Code   RO         1564    i.SPI2Isr           spi2.o
    0x08002f78   0x00000060   Code   RO         1565    i.SPI2Send          spi2.o
    0x08002fd8   0x00000008   Code   RO          550    i.SPI2_IRQHandler   stm32f10x_it.o
    0x08002fe0   0x00000002   Code   RO          551    i.SPI3_IRQHandler   stm32f10x_it.o
    0x08002fe2   0x00000018   Code   RO         4955    i.SPI_Cmd           stm32f10x_spi.o
    0x08002ffa   0x00000030   Code   RO         4960    i.SPI_I2S_ClearITPendingBit  stm32f10x_spi.o
    0x0800302a   0x00000012   Code   RO         4963    i.SPI_I2S_GetFlagStatus  stm32f10x_spi.o
    0x0800303c   0x00000020   Code   RO         4965    i.SPI_I2S_ITConfig  stm32f10x_spi.o
    0x0800305c   0x00000006   Code   RO         4966    i.SPI_I2S_ReceiveData  stm32f10x_spi.o
    0x08003062   0x00000004   Code   RO         4967    i.SPI_I2S_SendData  stm32f10x_spi.o
    0x08003066   0x0000003c   Code   RO         4968    i.SPI_Init          stm32f10x_spi.o
    0x080030a2   0x00000002   PAD
    0x080030a4   0x00000010   Code   RO         2959    i.SetBTABLE         usb_regs.o
    0x080030b4   0x00000040   Code   RO         2747    i.SetDeviceAddress  usb_core.o
    0x080030f4   0x00000024   Code   RO         2973    i.SetEPRxAddr       usb_regs.o
    0x08003118   0x0000004c   Code   RO         2974    i.SetEPRxCount      usb_regs.o
    0x08003164   0x00000030   Code   RO         2975    i.SetEPRxStatus     usb_regs.o
    0x08003194   0x00000024   Code   RO         2976    i.SetEPRxValid      usb_regs.o
    0x080031b8   0x00000020   Code   RO         2977    i.SetEPTxAddr       usb_regs.o
    0x080031d8   0x0000001c   Code   RO         2978    i.SetEPTxCount      usb_regs.o
    0x080031f4   0x00000030   Code   RO         2979    i.SetEPTxStatus     usb_regs.o
    0x08003224   0x00000024   Code   RO         2980    i.SetEPTxValid      usb_regs.o
    0x08003248   0x0000001c   Code   RO         2981    i.SetEPType         usb_regs.o
    0x08003264   0x00000008   Code   RO          943    i.SetSysClock       system_stm32f10x.o
    0x0800326c   0x000000e4   Code   RO          944    i.SetSysClockTo72   system_stm32f10x.o
    0x08003350   0x000000b0   Code   RO         2748    i.Setup0_Process    usb_core.o
    0x08003400   0x00000138   Code   RO         2749    i.Standard_ClearFeature  usb_core.o
    0x08003538   0x0000002c   Code   RO         2750    i.Standard_GetConfiguration  usb_core.o
    0x08003564   0x00000024   Code   RO         2751    i.Standard_GetDescriptorData  usb_core.o
    0x08003588   0x0000002c   Code   RO         2752    i.Standard_GetInterface  usb_core.o
    0x080035b4   0x000000e8   Code   RO         2753    i.Standard_GetStatus  usb_core.o
    0x0800369c   0x00000048   Code   RO         2754    i.Standard_SetConfiguration  usb_core.o
    0x080036e4   0x00000028   Code   RO         2755    i.Standard_SetDeviceFeature  usb_core.o
    0x0800370c   0x000000a8   Code   RO         2756    i.Standard_SetEndPointFeature  usb_core.o
    0x080037b4   0x0000006c   Code   RO         2757    i.Standard_SetInterface  usb_core.o
    0x08003820   0x00000002   Code   RO          553    i.SysTickHandler    stm32f10x_it.o
    0x08003822   0x00000002   PAD
    0x08003824   0x00000054   Code   RO          945    i.SystemInit        system_stm32f10x.o
    0x08003878   0x00000002   Code   RO          554    i.TAMPER_IRQHandler  stm32f10x_it.o
    0x0800387a   0x00000002   Code   RO          555    i.TIM1_BRK_IRQHandler  stm32f10x_it.o
    0x0800387c   0x00000002   Code   RO          556    i.TIM1_CC_IRQHandler  stm32f10x_it.o
    0x0800387e   0x00000002   Code   RO          557    i.TIM1_TRG_COM_IRQHandler  stm32f10x_it.o
    0x08003880   0x00000010   Code   RO          558    i.TIM1_UP_IRQHandler  stm32f10x_it.o
    0x08003890   0x00000038   Code   RO          559    i.TIM2_IRQHandler   stm32f10x_it.o
    0x080038c8   0x0000005c   Code   RO          560    i.TIM3_IRQHandler   stm32f10x_it.o
    0x08003924   0x00000054   Code   RO          561    i.TIM4_IRQHandler   stm32f10x_it.o
    0x08003978   0x00000002   Code   RO          562    i.TIM5_IRQHandler   stm32f10x_it.o
    0x0800397a   0x00000002   Code   RO          563    i.TIM6_IRQHandler   stm32f10x_it.o
    0x0800397c   0x00000002   Code   RO          564    i.TIM7_IRQHandler   stm32f10x_it.o
    0x0800397e   0x00000002   Code   RO          565    i.TIM8_BRK_IRQHandler  stm32f10x_it.o
    0x08003980   0x00000002   Code   RO          566    i.TIM8_CC_IRQHandler  stm32f10x_it.o
    0x08003982   0x00000002   Code   RO          567    i.TIM8_TRG_COM_IRQHandler  stm32f10x_it.o
    0x08003984   0x00000010   Code   RO          568    i.TIM8_UP_IRQHandler  stm32f10x_it.o
    0x08003994   0x00000018   Code   RO         5140    i.TIM_ARRPreloadConfig  stm32f10x_tim.o
    0x080039ac   0x00000006   Code   RO         5146    i.TIM_ClearFlag     stm32f10x_tim.o
    0x080039b2   0x00000006   Code   RO         5147    i.TIM_ClearITPendingBit  stm32f10x_tim.o
    0x080039b8   0x00000018   Code   RO         5152    i.TIM_Cmd           stm32f10x_tim.o
    0x080039d0   0x000000e0   Code   RO         5157    i.TIM_DeInit        stm32f10x_tim.o
    0x08003ab0   0x00000022   Code   RO         5173    i.TIM_GetITStatus   stm32f10x_tim.o
    0x08003ad2   0x00000012   Code   RO         5177    i.TIM_ITConfig      stm32f10x_tim.o
    0x08003ae4   0x00000078   Code   RO         5181    i.TIM_OC1Init       stm32f10x_tim.o
    0x08003b5c   0x00000012   Code   RO         5184    i.TIM_OC1PreloadConfig  stm32f10x_tim.o
    0x08003b6e   0x00000002   PAD
    0x08003b70   0x0000009c   Code   RO         5186    i.TIM_OC2Init       stm32f10x_tim.o
    0x08003c0c   0x0000001a   Code   RO         5189    i.TIM_OC2PreloadConfig  stm32f10x_tim.o
    0x08003c26   0x00000002   PAD
    0x08003c28   0x00000098   Code   RO         5191    i.TIM_OC3Init       stm32f10x_tim.o
    0x08003cc0   0x00000012   Code   RO         5194    i.TIM_OC3PreloadConfig  stm32f10x_tim.o
    0x08003cd2   0x00000002   PAD
    0x08003cd4   0x00000074   Code   RO         5196    i.TIM_OC4Init       stm32f10x_tim.o
    0x08003d48   0x0000001a   Code   RO         5198    i.TIM_OC4PreloadConfig  stm32f10x_tim.o
    0x08003d62   0x00000004   Code   RO         5217    i.TIM_SetCounter    stm32f10x_tim.o
    0x08003d66   0x00000002   PAD
    0x08003d68   0x0000003c   Code   RO         5223    i.TIM_TimeBaseInit  stm32f10x_tim.o
    0x08003da4   0x000000c4   Code   RO            1    i.TaskStart         main.o
    0x08003e68   0x00000050   Code   RO          931    i.Timer2Init        timer2.o
    0x08003eb8   0x00000060   Code   RO         1259    i.Timer3Init        timer3.o
    0x08003f18   0x00000018   Code   RO         1261    i.Timer3Start       timer3.o
    0x08003f30   0x00000002   Code   RO          569    i.UART4_IRQHandler  stm32f10x_it.o
    0x08003f32   0x00000002   Code   RO          570    i.UART5_IRQHandler  stm32f10x_it.o
    0x08003f34   0x00000008   Code   RO          571    i.USART1_IRQHandler  stm32f10x_it.o
    0x08003f3c   0x00000002   Code   RO          572    i.USART2_IRQHandler  stm32f10x_it.o
    0x08003f3e   0x00000002   Code   RO          573    i.USART3_IRQHandler  stm32f10x_it.o
    0x08003f40   0x00000006   Code   RO         5684    i.USART_ClearFlag   stm32f10x_usart.o
    0x08003f46   0x00000018   Code   RO         5688    i.USART_Cmd         stm32f10x_usart.o
    0x08003f5e   0x00000002   PAD
    0x08003f60   0x000000d4   Code   RO         2460    i.USART_Config      hw_config.o
    0x08004034   0x0000003c   Code   RO         2461    i.USART_Config_Default  hw_config.o
    0x08004070   0x00000012   Code   RO         5691    i.USART_GetFlagStatus  stm32f10x_usart.o
    0x08004082   0x00000040   Code   RO         5694    i.USART_ITConfig    stm32f10x_usart.o
    0x080040c2   0x00000002   PAD
    0x080040c4   0x0000009c   Code   RO         5695    i.USART_Init        stm32f10x_usart.o
    0x08004160   0x0000000a   Code   RO         5700    i.USART_ReceiveData  stm32f10x_usart.o
    0x0800416a   0x00000008   Code   RO         5703    i.USART_SendData    stm32f10x_usart.o
    0x08004172   0x00000002   Code   RO          574    i.USBWakeUp_IRQHandler  stm32f10x_it.o
    0x08004174   0x00000024   Code   RO         2463    i.USB_Cable_Config  hw_config.o
    0x08004198   0x00000002   Code   RO          575    i.USB_HP_CAN_TX_IRQHandler  stm32f10x_it.o
    0x0800419a   0x00000002   PAD
    0x0800419c   0x0000003c   Code   RO         2858    i.USB_Init          usb_init.o
    0x080041d8   0x0000003a   Code   RO         2464    i.USB_Interrupts_Config  hw_config.o
    0x08004212   0x00000002   PAD
    0x08004214   0x00000074   Code   RO         2578    i.USB_Istr          usb_istr.o
    0x08004288   0x00000028   Code   RO          576    i.USB_LP_CAN_RX0_IRQHandler  stm32f10x_it.o
    0x080042b0   0x00000038   Code   RO         2912    i.UserToPMABufferCopy  usb_mem.o
    0x080042e8   0x00000064   Code   RO         2596    i.Virtual_Com_Port_Data_Setup  usb_prop.o
    0x0800434c   0x00000014   Code   RO         2597    i.Virtual_Com_Port_GetConfigDescriptor  usb_prop.o
    0x08004360   0x00000014   Code   RO         2598    i.Virtual_Com_Port_GetDeviceDescriptor  usb_prop.o
    0x08004374   0x0000001c   Code   RO         2599    i.Virtual_Com_Port_GetLineCoding  usb_prop.o
    0x08004390   0x00000028   Code   RO         2600    i.Virtual_Com_Port_GetStringDescriptor  usb_prop.o
    0x080043b8   0x00000016   Code   RO         2601    i.Virtual_Com_Port_Get_Interface_Setting  usb_prop.o
    0x080043ce   0x00000002   PAD
    0x080043d0   0x00000028   Code   RO         2602    i.Virtual_Com_Port_NoData_Setup  usb_prop.o
    0x080043f8   0x000000e8   Code   RO         2603    i.Virtual_Com_Port_Reset  usb_prop.o
    0x080044e0   0x00000018   Code   RO         2604    i.Virtual_Com_Port_SetConfiguration  usb_prop.o
    0x080044f8   0x0000000c   Code   RO         2605    i.Virtual_Com_Port_SetDeviceAddress  usb_prop.o
    0x08004504   0x0000001c   Code   RO         2606    i.Virtual_Com_Port_SetLineCoding  usb_prop.o
    0x08004520   0x0000001c   Code   RO         2607    i.Virtual_Com_Port_Status_In  usb_prop.o
    0x0800453c   0x00000002   Code   RO         2608    i.Virtual_Com_Port_Status_Out  usb_prop.o
    0x0800453e   0x00000002   PAD
    0x08004540   0x00000044   Code   RO         2609    i.Virtual_Com_Port_init  usb_prop.o
    0x08004584   0x00000002   Code   RO          578    i.WWDG_IRQHandler   stm32f10x_it.o
    0x08004586   0x00000002   PAD
    0x08004588   0x0000001c   Code   RO         1521    i.absEncGetAngle    absencoder.o
    0x080045a4   0x00000010   Code   RO         1522    i.absEncGetLogicZero  absencoder.o
    0x080045b4   0x000000a4   Code   RO         1523    i.absEncInit        absencoder.o
    0x08004658   0x0000005c   Code   RO         1524    i.absEncSetLogicZero  absencoder.o
    0x080046b4   0x0000011c   Code   RO         1525    i.absEncUpdateAngle  absencoder.o
    0x080047d0   0x00000028   Code   RO         1404    i.adcInit           adcdriver.o
    0x080047f8   0x000000b8   Code   RO          972    i.boardStatusCMD    common.o
    0x080048b0   0x00000050   Code   RO          974    i.cswKeyDet         common.o
    0x08004900   0x00000054   Code   RO          347    i.dcmInit           dcmotor.o
    0x08004954   0x00000070   Code   RO          348    i.dcmSetCMD         dcmotor.o
    0x080049c4   0x00000060   Code   RO          349    i.dcmStartDCM       dcmotor.o
    0x08004a24   0x00000034   Code   RO          350    i.dcmStopDCM        dcmotor.o
    0x08004a58   0x0000001a   Code   RO         3876    i.delay             stm32f10x_flash.o
    0x08004a72   0x00000012   Code   RO          975    i.delayMS           common.o
    0x08004a84   0x0000010e   Code   RO          977    i.encryptCMDDeal    common.o
    0x08004b92   0x00000002   PAD
    0x08004b94   0x0000002c   Code   RO          978    i.fanInit           common.o
    0x08004bc0   0x00000020   Code   RO          979    i.fanSet            common.o
    0x08004be0   0x00000026   Code   RO          423    i.frameCheck        frame.o
    0x08004c06   0x00000018   Code   RO          424    i.frameInit         frame.o
    0x08004c1e   0x0000001a   Code   RO          425    i.framePackage      frame.o
    0x08004c38   0x00000016   Code   RO          426    i.getBufferVerify   frame.o
    0x08004c4e   0x00000002   PAD
    0x08004c50   0x00000048   Code   RO         1636    i.getProgramCRC     encrypt.o
    0x08004c98   0x0000003c   Code   RO         1437    i.iicAck            eeprom.o
    0x08004cd4   0x00000024   Code   RO         1438    i.iicInit           eeprom.o
    0x08004cf8   0x0000005c   Code   RO         1439    i.iicRead           eeprom.o
    0x08004d54   0x00000080   Code   RO         1440    i.iicReadByte       eeprom.o
    0x08004dd4   0x00000034   Code   RO         1441    i.iicStart          eeprom.o
    0x08004e08   0x00000034   Code   RO         1442    i.iicStop           eeprom.o
    0x08004e3c   0x00000050   Code   RO         1443    i.iicWrite          eeprom.o
    0x08004e8c   0x0000006c   Code   RO         1444    i.iicWriteByte      eeprom.o
    0x08004ef8   0x00000028   Code   RO          980    i.ledINIT           common.o
    0x08004f20   0x00000024   Code   RO            2    i.main              main.o
    0x08004f44   0x00000050   Code   RO         1068    i.pcRxQueueIn       pccomm.o
    0x08004f94   0x00000010   Code   RO         1069    i.pcRxQueueLen      pccomm.o
    0x08004fa4   0x0000009c   Code   RO         1070    i.pcRxQueueOutFrame  pccomm.o
    0x08005040   0x00000038   Code   RO         1073    i.pcSendTxQueue     pccomm.o
    0x08005078   0x00000050   Code   RO         1074    i.pcTxQueueAddFrame  pccomm.o
    0x080050c8   0x00000010   Code   RO         1075    i.pcTxQueueLen      pccomm.o
    0x080050d8   0x0000002c   Code   RO          981    i.powerKeyDet       common.o
    0x08005104   0x00000054   Code   RO          982    i.powerON           common.o
    0x08005158   0x00000008   Code   RO         1637    i.readDeviceID      encrypt.o
    0x08005160   0x000000c4   Code   RO         1638    i.readFlashData     encrypt.o
    0x08005224   0x00000060   Code   RO         1639    i.readFlashEncryptData  encrypt.o
    0x08005284   0x0000001c   Code   RO         1640    i.readSerialID      encrypt.o
    0x080052a0   0x00000034   Code   RO         1142    i.smClearRotate     stepmotor.o
    0x080052d4   0x00000144   Code   RO         1143    i.smGetAngle        stepmotor.o
    0x08005418   0x000000c4   Code   RO         1144    i.smInit            stepmotor.o
    0x080054dc   0x00000064   Code   RO         1145    i.smJudgeEqualAngle  stepmotor.o
    0x08005540   0x000000e4   Code   RO         1146    i.smRotate          stepmotor.o
    0x08005624   0x0000016c   Code   RO         1147    i.smRotateTick      stepmotor.o
    0x08005790   0x0000019c   Code   RO         1148    i.smRunSM           stepmotor.o
    0x0800592c   0x00000154   Code   RO         1149    i.smSetCMD          stepmotor.o
    0x08005a80   0x0000003c   Code   RO         1150    i.smSlowDown        stepmotor.o
    0x08005abc   0x0000005c   Code   RO         1151    i.smSpeedUp         stepmotor.o
    0x08005b18   0x00000060   Code   RO         1152    i.smStartSM         stepmotor.o
    0x08005b78   0x00000030   Code   RO         1154    i.smUniform         stepmotor.o
    0x08005ba8   0x00000024   Code   RO         1155    i.smUpdateAngle     stepmotor.o
    0x08005bcc   0x0000009c   Code   RO         1156    i.smUploadAngle     stepmotor.o
    0x08005c68   0x00000060   Code   RO         1157    i.smUploadLogicZero  stepmotor.o
    0x08005cc8   0x000000e8   Code   RO          304    i.task1             task.o
    0x08005db0   0x00000048   Code   RO          305    i.task2             task.o
    0x08005df8   0x00000044   Code   RO          306    i.task3             task.o
    0x08005e3c   0x00000040   Code   RO          307    i.task4             task.o
    0x08005e7c   0x00000040   Code   RO          308    i.task5             task.o
    0x08005ebc   0x00000064   Code   RO          351    i.tchSWInit         dcmotor.o
    0x08005f20   0x0000003c   Code   RO          352    i.tchSWIsr          dcmotor.o
    0x08005f5c   0x00000050   Code   RO         1313    i.temAppClear       temcontrol.o
    0x08005fac   0x00000198   Code   RO         1314    i.temAppGetTem      temcontrol.o
    0x08006144   0x00000044   Code   RO         1315    i.temAppInit        temcontrol.o
    0x08006188   0x00000138   Code   RO         1316    i.temCMDDeal        temcontrol.o
    0x080062c0   0x00000060   Code   RO         1368    i.temCool           temdriver.o
    0x08006320   0x00000190   Code   RO         1317    i.temGetHighTime    temcontrol.o
    0x080064b0   0x00000060   Code   RO         1369    i.temHeat           temdriver.o
    0x08006510   0x00000150   Code   RO         1318    i.temHeatCool       temcontrol.o
    0x08006660   0x00000048   Code   RO         1370    i.temPinInit        temdriver.o
    0x080066a8   0x0000004c   Code   RO         1371    i.temStop           temdriver.o
    0x080066f4   0x00000084   Code   RO         1319    i.temTaskDeal       temcontrol.o
    0x08006778   0x00000080   Code   RO         1289    i.tim5ConfigPWM     timer5.o
    0x080067f8   0x00000040   Code   RO         1290    i.tim5SetPeriod     timer5.o
    0x08006838   0x00000018   Code   RO         1291    i.tim5StartCounter  timer5.o
    0x08006850   0x0000008c   Code   RO         1593    i.uart1Init         uart1.o
    0x080068dc   0x00000048   Code   RO         1594    i.uart1Isr          uart1.o
    0x08006924   0x00000014   Code   RO         1595    i.uart1SendByte     uart1.o
    0x08006938   0x000000c4   Code   RO         1642    i.writeFlashData    encrypt.o
    0x080069fc   0x00000026   Code   RO         1643    i.writeFlashEncryptData  encrypt.o
    0x08006a22   0x00000002   PAD
    0x08006a24   0x00000062   Code   RO         5961    x$fpl$d2f           fz_ws.l(d2f.o)
    0x08006a86   0x00000002   PAD
    0x08006a88   0x00000150   Code   RO         5963    x$fpl$dadd          fz_ws.l(daddsub_clz.o)
    0x08006bd8   0x00000018   Code   RO         6016    x$fpl$dcmpinf       fz_ws.l(dcmpi.o)
    0x08006bf0   0x000002b0   Code   RO         5970    x$fpl$ddiv          fz_ws.l(ddiv.o)
    0x08006ea0   0x0000005e   Code   RO         5973    x$fpl$dfix          fz_ws.l(dfix.o)
    0x08006efe   0x0000002e   Code   RO         5978    x$fpl$dflt          fz_ws.l(dflt_clz.o)
    0x08006f2c   0x00000026   Code   RO         5977    x$fpl$dfltu         fz_ws.l(dflt_clz.o)
    0x08006f52   0x00000002   PAD
    0x08006f54   0x00000078   Code   RO         5983    x$fpl$dleqf         fz_ws.l(dleqf.o)
    0x08006fcc   0x00000154   Code   RO         5985    x$fpl$dmul          fz_ws.l(dmul.o)
    0x08007120   0x0000009c   Code   RO         6018    x$fpl$dnaninf       fz_ws.l(dnaninf.o)
    0x080071bc   0x0000000c   Code   RO         6020    x$fpl$dretinf       fz_ws.l(dretinf.o)
    0x080071c8   0x0000006c   Code   RO         5987    x$fpl$drleqf        fz_ws.l(drleqf.o)
    0x08007234   0x00000016   Code   RO         5964    x$fpl$drsb          fz_ws.l(daddsub_clz.o)
    0x0800724a   0x00000002   PAD
    0x0800724c   0x000001d4   Code   RO         5965    x$fpl$dsub          fz_ws.l(daddsub_clz.o)
    0x08007420   0x00000056   Code   RO         5989    x$fpl$f2d           fz_ws.l(f2d.o)
    0x08007476   0x00000002   PAD
    0x08007478   0x000000c4   Code   RO         5991    x$fpl$fadd          fz_ws.l(faddsub_clz.o)
    0x0800753c   0x00000018   Code   RO         6022    x$fpl$fcmpinf       fz_ws.l(fcmpi.o)
    0x08007554   0x00000184   Code   RO         5998    x$fpl$fdiv          fz_ws.l(fdiv.o)
    0x080076d8   0x00000036   Code   RO         6001    x$fpl$ffix          fz_ws.l(ffix.o)
    0x0800770e   0x00000002   PAD
    0x08007710   0x0000003e   Code   RO         6005    x$fpl$ffixu         fz_ws.l(ffixu.o)
    0x0800774e   0x00000002   PAD
    0x08007750   0x00000068   Code   RO         6009    x$fpl$fleqf         fz_ws.l(fleqf.o)
    0x080077b8   0x00000102   Code   RO         6011    x$fpl$fmul          fz_ws.l(fmul.o)
    0x080078ba   0x0000008c   Code   RO         6024    x$fpl$fnaninf       fz_ws.l(fnaninf.o)
    0x08007946   0x0000000a   Code   RO         6026    x$fpl$fretinf       fz_ws.l(fretinf.o)
    0x08007950   0x00000062   Code   RO         6013    x$fpl$frleqf        fz_ws.l(frleqf.o)
    0x080079b2   0x00000014   Code   RO         5992    x$fpl$frsb          fz_ws.l(faddsub_clz.o)
    0x080079c6   0x00000002   PAD
    0x080079c8   0x000000ea   Code   RO         5993    x$fpl$fsub          fz_ws.l(faddsub_clz.o)
    0x08007ab2   0x00000000   Code   RO         6028    x$fpl$usenofp       fz_ws.l(usenofp.o)
    0x08007ab2   0x00000006   Data   RO          353    .constdata          dcmotor.o
    0x08007ab8   0x00000100   Data   RO         1737    .constdata          os_core.o
    0x08007bb8   0x000000b1   Data   RO         2540    .constdata          usb_desc.o
    0x08007c69   0x00000014   Data   RO         4595    .constdata          stm32f10x_rcc.o
    0x08007c7d   0x00000003   PAD
    0x08007c80   0x00000020   Data   RO         6178    Region$$Table       anon$$obj.o


    Execution Region RW_IRAM1 (Base: 0x20000000, Size: 0x00007620, Max: 0x0000c000, ABSOLUTE, COMPRESSED[0x00000080])

    Base Addr    Size         Type   Attr      Idx    E Section Name        Object

    0x20000000   0x0000000c   Data   RW            4    .data               main.o
    0x2000000c   0x00000004   Data   RW          354    .data               dcmotor.o
    0x20000010   0x00000001   Data   RW          401    .data               bsp.o
    0x20000011   0x00000003   Data   RW          983    .data               common.o
    0x20000014   0x00000004   Data   RW         1077    .data               pccomm.o
    0x20000018   0x00000004   Data   RW         1321    .data               temcontrol.o
    0x2000001c   0x00000006   Data   RW         1372    .data               temdriver.o
    0x20000022   0x00000002   Data   RW         1405    .data               adcdriver.o
    0x20000024   0x00000003   Data   RW         1494    .data               spi1.o
    0x20000027   0x00000001   PAD
    0x20000028   0x00000003   Data   RW         1566    .data               spi2.o
    0x2000002b   0x00000001   PAD
    0x2000002c   0x0000004c   Data   RW         1738    .data               os_core.o
    0x20000078   0x0000001a   Data   RW         2541    .data               usb_desc.o
    0x20000092   0x00000002   PAD
    0x20000094   0x00000008   Data   RW         2556    .data               usb_endp.o
    0x2000009c   0x0000003e   Data   RW         2579    .data               usb_istr.o
    0x200000da   0x00000002   PAD
    0x200000dc   0x00000094   Data   RW         2610    .data               usb_prop.o
    0x20000170   0x00000007   Data   RW         2702    .data               usb_pwr.o
    0x20000177   0x00000001   PAD
    0x20000178   0x00000004   Data   RW         2758    .data               usb_core.o
    0x2000017c   0x00000014   Data   RW         2860    .data               usb_init.o
    0x20000190   0x00000004   Data   RW         2883    .data               usb_int.o
    0x20000194   0x00000005   Data   RW         4596    .data               stm32f10x_rcc.o
    0x20000199   0x00000003   PAD
    0x2000019c   0x00005800   Zero   RW            3    .bss                main.o
    0x2000599c   0x00000210   Zero   RW         1076    .bss                pccomm.o
    0x20005bac   0x00000078   Zero   RW         1158    .bss                stepmotor.o
    0x20005c24   0x0000001c   Zero   RW         1320    .bss                temcontrol.o
    0x20005c40   0x00000020   Zero   RW         1526    .bss                absencoder.o
    0x20005c60   0x000012b0   Zero   RW         1736    .bss                os_core.o
    0x20006f10   0x00000050   Zero   RW         2466    .bss                hw_config.o
    0x20006f60   0x00000040   Zero   RW         2555    .bss                usb_endp.o
    0x20006fa0   0x0000001c   Zero   RW         2859    .bss                usb_init.o
    0x20006fbc   0x00000060   Zero   RW         6055    .bss                c_w.l(libspace.o)
    0x2000701c   0x00000004   PAD
    0x20007020   0x00000200   Zero   RW         5943    HEAP                stm32f10x_startup.o
    0x20007220   0x00000400   Zero   RW         5942    STACK               stm32f10x_startup.o


==============================================================================

Image component sizes


      Code (inc. data)   RO Data    RW Data    ZI Data      Debug   Object Name

       584         54          0          0         32       3883   absencoder.o
       268         30          0          2          0       2669   adcdriver.o
       238          6          0          1          0       1242   bsp.o
       996         98          0          3          0       6665   common.o
       504         36          6          4          0       4631   dcmotor.o
       608         32          0          0          0       4610   eeprom.o
       634         42          0          0          0       4390   encrypt.o
       110          0          0          0          0       2422   frame.o
       438         38          0          0         80       4679   hw_config.o
       232         62          0         12      22528     117771   main.o
       230          0          0          0          0        617   nvic.o
      2166        362        256         76       4784      22130   os_core.o
       168         40          0          0          0        324   os_cpu_a.o
       170          0          0          0          0      14598   os_cpu_c.o
        76          8          0          0          0        554   os_flag.o
        76          8          0          0          0        529   os_mem.o
        56         10          0          0          0        515   os_q.o
       430         24          0          0          0       2406   os_sem.o
       528         40          0          0          0       3093   os_task.o
       304         24          0          0          0       1936   os_time.o
       404         44          0          4        528       4188   pccomm.o
       194          0          0          0          0       2734   queue.o
       316         46          0          3          0       1846   spi1.o
       328         48          0          3          0       1846   spi2.o
      2600        162          0          0        120      11105   stepmotor.o
       486         16          0          0          0       7514   stm32f10x_adc.o
       406         18          0          0          0       2670   stm32f10x_dma.o
       168         12          0          0          0       1401   stm32f10x_exti.o
       400         42          0          0          0       4826   stm32f10x_flash.o
       362          4          0          0          0       3970   stm32f10x_gpio.o
       530         46          0          0          0      27198   stm32f10x_it.o
       184         22          0          0          0       1655   stm32f10x_nvic.o
       748        114         20          5          0      11708   stm32f10x_rcc.o
        72         14          0          0          0       1508   stm32f10x_rtc.o
       192          0          0          0          0       4817   stm32f10x_spi.o
       356        328          0          0       1536        500   stm32f10x_startup.o
      1032         56          0          0          0      12607   stm32f10x_tim.o
       286          6          0          0          0       5579   stm32f10x_usart.o
       320         22          0          0          0       2001   system_stm32f10x.o
       500         48          0          0          0       2616   task.o
      1736        174          0          4         28       6332   temcontrol.o
       340         38          0          6          0       2691   temdriver.o
        80          0          0          0          0        505   timer2.o
       120         10          0          0          0        983   timer3.o
       216         12          0          0          0       1627   timer5.o
       232         18          0          0          0       1591   uart1.o
      2914        278          0          4          0      14919   usb_core.o
         0          0        177         26          0       1099   usb_desc.o
        56         12          0          8         64       1519   usb_endp.o
        60         24          0         20         28       4206   usb_init.o
       780         28          0          4          0       1693   usb_int.o
       116         20          0         62          0       1272   usb_istr.o
        96         10          0          0          0       1864   usb_mem.o
       664        112          0        148          0      11529   usb_prop.o
        64         10          0          7          0       1937   usb_pwr.o
       600        104          0          0          0      10119   usb_regs.o

    ----------------------------------------------------------------------
     26838       2812        494        412      29728     375839   Object Totals
         0          0         32          0          0          0   (incl. Generated)
        64          0          3         10          0          0   (incl. Padding)

    ----------------------------------------------------------------------

      Code (inc. data)   RO Data    RW Data    ZI Data      Debug   Library Member Name

        90          0          0          0          0          0   __dczerorl2.o
         8          0          0          0          0         68   __main.o
        52          8          0          0          0          0   __scatter.o
        28          0          0          0          0          0   __scatter_zi.o
        12          0          0          0          0         72   exit.o
         6          0          0          0          0        152   heapauxi.o
         0          0          0          0          0          0   indicate_semi.o
         2          0          0          0          0          0   libinit.o
         2          0          0          0          0          0   libinit2.o
         2          0          0          0          0          0   libshutdown.o
         2          0          0          0          0          0   libshutdown2.o
         8          4          0          0         96         68   libspace.o
         0          0          0          0          0          0   rtentry.o
        12          0          0          0          0          0   rtentry2.o
         6          0          0          0          0          0   rtentry4.o
         2          0          0          0          0          0   rtexit.o
        10          0          0          0          0          0   rtexit2.o
        12          4          0          0          0         68   sys_exit.o
        74          0          0          0          0         80   sys_stackheap_outer.o
         2          0          0          0          0         68   use_no_semi.o
        98          4          0          0          0         92   d2f.o
       826         16          0          0          0        348   daddsub_clz.o
        24          0          0          0          0         68   dcmpi.o
       688        140          0          0          0        208   ddiv.o
        94          4          0          0          0         92   dfix.o
        84          0          0          0          0        136   dflt_clz.o
       120          4          0          0          0         92   dleqf.o
       340         12          0          0          0        104   dmul.o
       156          4          0          0          0         92   dnaninf.o
        12          0          0          0          0         68   dretinf.o
       108          0          0          0          0         80   drleqf.o
        86          4          0          0          0         84   f2d.o
       450          8          0          0          0        236   faddsub_clz.o
        24          0          0          0          0         68   fcmpi.o
       388         76          0          0          0         96   fdiv.o
        54          4          0          0          0         84   ffix.o
        62          4          0          0          0         84   ffixu.o
       104          4          0          0          0         84   fleqf.o
       258          4          0          0          0         84   fmul.o
       140          4          0          0          0         84   fnaninf.o
        10          0          0          0          0         68   fretinf.o
        98          0          0          0          0         68   frleqf.o
         0          0          0          0          0          0   usenofp.o

    ----------------------------------------------------------------------
      4572        308          0          0        100       2996   Library Totals
        18          0          0          0          4          0   (incl. Padding)

    ----------------------------------------------------------------------

      Code (inc. data)   RO Data    RW Data    ZI Data      Debug   Library Name

       330         16          0          0         96        576   c_w.l
      4224        292          0          0          0       2420   fz_ws.l

    ----------------------------------------------------------------------
      4572        308          0          0        100       2996   Library Totals

    ----------------------------------------------------------------------

==============================================================================


      Code (inc. data)   RO Data    RW Data    ZI Data      Debug   

     31410       3120        494        412      29828     358659   Grand Totals
     31410       3120        494        128      29828     358659   ELF Image Totals (compressed)
     31410       3120        494        128          0          0   ROM Totals

==============================================================================

    Total RO  Size (Code + RO Data)                31904 (  31.16kB)
    Total RW  Size (RW Data + ZI Data)             30240 (  29.53kB)
    Total ROM Size (Code + RO Data + RW Data)      32032 (  31.28kB)

==============================================================================

