ARM Linker, 4.1 [Build 481] [Standard]

==============================================================================

Section Cross References

    main.o(i.main) refers to os_core.o(i.OSInit) for OSInit
    main.o(i.main) refers to os_task.o(i.OSTaskCreateExt) for OSTaskCreateExt
    main.o(i.main) refers to os_core.o(i.OSStart) for OSStart
    main.o(i.main) refers to taskinit.o(.bss) for TaskStkStart
    main.o(i.main) refers to taskinit.o(i.TaskStart) for TaskStart
    task.o(i.start_my_task) refers to os_sem.o(i.OSSemCreate) for OSSemCreate
    task.o(i.start_my_task) refers to os_task.o(i.OSTaskCreateExt) for OSTaskCreateExt
    task.o(i.start_my_task) refers to task.o(.data) for g_Uart1Event
    task.o(i.start_my_task) refers to task.o(.bss) for TASK1_STK
    task.o(i.start_my_task) refers to task.o(i.task1) for task1
    task.o(i.start_my_task) refers to task.o(i.task2) for task2
    task.o(i.start_my_task) refers to task.o(i.task3) for task3
    task.o(i.start_my_task) refers to task.o(i.task4) for task4
    task.o(i.start_my_task) refers to task.o(i.task5) for task5
    task.o(i.task1) refers to os_time.o(i.OSTimeDly) for OSTimeDly
    task.o(i.task1) refers to os_sem.o(i.OSSemPend) for OSSemPend
    task.o(i.task1) refers to frame.o(i.frame_judge) for frame_judge
    task.o(i.task1) refers to taskinit.o(.data) for g_u8StartOver
    task.o(i.task1) refers to task.o(.data) for g_USBRxEvent
    task.o(i.task1) refers to usb_endp.o(.data) for g_USBRxCNT
    task.o(i.task1) refers to usb_endp.o(.bss) for g_USBRxBuff
    task.o(i.task2) refers to os_time.o(i.OSTimeDly) for OSTimeDly
    task.o(i.task2) refers to os_time.o(i.OSTimeDlyHMSM) for OSTimeDlyHMSM
    task.o(i.task2) refers to taskinit.o(.data) for g_u8StartOver
    task.o(i.task3) refers to os_time.o(i.OSTimeDly) for OSTimeDly
    task.o(i.task3) refers to os_time.o(i.OSTimeDlyHMSM) for OSTimeDlyHMSM
    task.o(i.task3) refers to taskinit.o(.data) for g_u8StartOver
    task.o(i.task4) refers to os_time.o(i.OSTimeDly) for OSTimeDly
    task.o(i.task4) refers to os_time.o(i.OSTimeDlyHMSM) for OSTimeDlyHMSM
    task.o(i.task4) refers to taskinit.o(.data) for g_u8StartOver
    task.o(i.task5) refers to os_time.o(i.OSTimeDly) for OSTimeDly
    task.o(i.task5) refers to os_time.o(i.OSTimeDlyHMSM) for OSTimeDlyHMSM
    task.o(i.task5) refers to taskinit.o(.data) for g_u8StartOver
    taskinit.o(i.TaskStart) refers to bsp.o(i.BSP_Init) for BSP_Init
    taskinit.o(i.TaskStart) refers to hw_config.o(i.USB_Interrupts_Config) for USB_Interrupts_Config
    taskinit.o(i.TaskStart) refers to usb_init.o(i.USB_Init) for USB_Init
    taskinit.o(i.TaskStart) refers to os_time.o(i.OSTimeDlyHMSM) for OSTimeDlyHMSM
    taskinit.o(i.TaskStart) refers to common.o(i.LEDREV) for LEDREV
    taskinit.o(i.TaskStart) refers to taskinit.o(.data) for g_u8StartOver
    bsp.o(i.BSP_Init) refers to system_stm32f10x.o(i.SystemInit) for SystemInit
    bsp.o(i.BSP_Init) refers to stm32f10x_rcc.o(i.RCC_APB1PeriphClockCmd) for RCC_APB1PeriphClockCmd
    bsp.o(i.BSP_Init) refers to stm32f10x_rcc.o(i.RCC_AHBPeriphClockCmd) for RCC_AHBPeriphClockCmd
    bsp.o(i.BSP_Init) refers to stm32f10x_rcc.o(i.RCC_APB2PeriphClockCmd) for RCC_APB2PeriphClockCmd
    bsp.o(i.BSP_Init) refers to stm32f10x_rcc.o(i.RCC_USBCLKConfig) for RCC_USBCLKConfig
    bsp.o(i.BSP_Init) refers to hw_config.o(i.USB_Interrupts_Config) for USB_Interrupts_Config
    bsp.o(i.BSP_Init) refers to usb_init.o(i.USB_Init) for USB_Init
    bsp.o(i.BSP_Init) refers to timer2.o(i.Timer2Init) for Timer2Init
    bsp.o(i.BSP_Init) refers to nvic.o(i.NVIC_Configuration) for NVIC_Configuration
    bsp.o(i.BSP_Init) refers to stm32f10x_rcc.o(i.RCC_ClearFlag) for RCC_ClearFlag
    bsp.o(i.EXTI_Configuration) refers to stm32f10x_gpio.o(i.GPIO_EXTILineConfig) for GPIO_EXTILineConfig
    bsp.o(i.EXTI_Configuration) refers to stm32f10x_exti.o(i.EXTI_Init) for EXTI_Init
    bsp.o(i.GPIO_Configuration) refers to stm32f10x_rcc.o(i.RCC_APB2PeriphClockCmd) for RCC_APB2PeriphClockCmd
    bsp.o(i.GPIO_Configuration) refers to stm32f10x_rcc.o(i.RCC_APB1PeriphClockCmd) for RCC_APB1PeriphClockCmd
    bsp.o(i.RCC_Configuration) refers to stm32f10x_rcc.o(i.RCC_HSEConfig) for RCC_HSEConfig
    bsp.o(i.RCC_Configuration) refers to stm32f10x_rcc.o(i.RCC_WaitForHSEStartUp) for RCC_WaitForHSEStartUp
    bsp.o(i.RCC_Configuration) refers to stm32f10x_flash.o(i.FLASH_PrefetchBufferCmd) for FLASH_PrefetchBufferCmd
    bsp.o(i.RCC_Configuration) refers to stm32f10x_flash.o(i.FLASH_SetLatency) for FLASH_SetLatency
    bsp.o(i.RCC_Configuration) refers to stm32f10x_rcc.o(i.RCC_HCLKConfig) for RCC_HCLKConfig
    bsp.o(i.RCC_Configuration) refers to stm32f10x_rcc.o(i.RCC_PCLK2Config) for RCC_PCLK2Config
    bsp.o(i.RCC_Configuration) refers to stm32f10x_rcc.o(i.RCC_PCLK1Config) for RCC_PCLK1Config
    bsp.o(i.RCC_Configuration) refers to stm32f10x_rcc.o(i.RCC_ADCCLKConfig) for RCC_ADCCLKConfig
[...]
    i.EXTI_ClearITPendingBit                 0x08000c08   Section        0  stm32f10x_exti.o(i.EXTI_ClearITPendingBit)
    i.FLASH_IRQHandler                       0x08000c14   Section        0  stm32f10x_it.o(i.FLASH_IRQHandler)
    i.FSMC_IRQHandler                        0x08000c16   Section        0  stm32f10x_it.o(i.FSMC_IRQHandler)
    i.GPIO_ReadInputDataBit                  0x08000c18   Section        0  stm32f10x_gpio.o(i.GPIO_ReadInputDataBit)
    i.GPIO_ResetBits                         0x08000c2a   Section        0  stm32f10x_gpio.o(i.GPIO_ResetBits)
    i.GPIO_SetBits                           0x08000c2e   Section        0  stm32f10x_gpio.o(i.GPIO_SetBits)
    i.GetEPRxAddr                            0x08000c34   Section        0  usb_regs.o(i.GetEPRxAddr)
    i.GetEPRxCount                           0x08000c58   Section        0  usb_regs.o(i.GetEPRxCount)
    i.GetEPTxAddr                            0x08000c7c   Section        0  usb_regs.o(i.GetEPTxAddr)
    i.Get_SerialNum                          0x08000c9c   Section        0  hw_config.o(i.Get_SerialNum)
    i.I2C1_ER_IRQHandler                     0x08000cec   Section        0  stm32f10x_it.o(i.I2C1_ER_IRQHandler)
    i.I2C1_EV_IRQHandler                     0x08000cee   Section        0  stm32f10x_it.o(i.I2C1_EV_IRQHandler)
    i.I2C2_ER_IRQHandler                     0x08000cf0   Section        0  stm32f10x_it.o(i.I2C2_ER_IRQHandler)
    i.I2C2_EV_IRQHandler                     0x08000cf2   Section        0  stm32f10x_it.o(i.I2C2_EV_IRQHandler)
    i.In0_Process                            0x08000cf4   Section        0  usb_core.o(i.In0_Process)
    i.LEDOFF                                 0x08000d64   Section        0  common.o(i.LEDOFF)
    i.LEDON                                  0x08000d78   Section        0  common.o(i.LEDON)
    i.LEDREV                                 0x08000d8c   Section        0  common.o(i.LEDREV)
    i.NOP_Process                            0x08000dac   Section        0  usb_core.o(i.NOP_Process)
    i.NVIC_Configuration                     0x08000dae   Section        0  nvic.o(i.NVIC_Configuration)
    i.NVIC_Init                              0x08000e48   Section        0  stm32f10x_nvic.o(i.NVIC_Init)
    i.NVIC_PriorityGroupConfig               0x08000f14   Section        0  stm32f10x_nvic.o(i.NVIC_PriorityGroupConfig)
    i.NoData_Setup0                          0x08000f28   Section        0  usb_core.o(i.NoData_Setup0)
    NoData_Setup0                            0x08000f29   Thumb Code   304  usb_core.o(i.NoData_Setup0)
    i.OSInit                                 0x0800106c   Section        0  os_core.o(i.OSInit)
    i.OSInitHookBegin                        0x0800109c   Section        0  os_cpu_c.o(i.OSInitHookBegin)
    i.OSInitHookEnd                          0x0800109e   Section        0  os_cpu_c.o(i.OSInitHookEnd)
    i.OSIntExit                              0x080010a0   Section        0  os_core.o(i.OSIntExit)
    i.OSSemPost                              0x08001134   Section        0  os_sem.o(i.OSSemPost)
    i.OSStart                                0x08001194   Section        0  os_core.o(i.OSStart)
    i.OSTCBInitHook                          0x080011dc   Section        0  os_cpu_c.o(i.OSTCBInitHook)
    i.OSTaskCreateExt                        0x080011e0   Section        0  os_task.o(i.OSTaskCreateExt)
    i.OSTaskCreateHook                       0x08001298   Section        0  os_cpu_c.o(i.OSTaskCreateHook)
    i.OSTaskIdleHook                         0x0800129a   Section        0  os_cpu_c.o(i.OSTaskIdleHook)
    i.OSTaskNameSet                          0x0800129c   Section        0  os_task.o(i.OSTaskNameSet)
    i.OSTaskStatHook                         0x08001348   Section        0  os_cpu_c.o(i.OSTaskStatHook)
    i.OSTaskStkInit                          0x0800134a   Section        0  os_cpu_c.o(i.OSTaskStkInit)
    i.OSTaskSwHook                           0x080013e4   Section        0  os_cpu_c.o(i.OSTaskSwHook)
    i.OSTimeDly                              0x080013e8   Section        0  os_time.o(i.OSTimeDly)
    i.OSTimeDlyHMSM                          0x08001458   Section        0  os_time.o(i.OSTimeDlyHMSM)
    i.OSTimeTick                             0x080014fc   Section        0  os_core.o(i.OSTimeTick)
    i.OSTimeTickHook                         0x080015f0   Section        0  os_cpu_c.o(i.OSTimeTickHook)
    i.OS_EventTaskRdy                        0x080015f4   Section        0  os_core.o(i.OS_EventTaskRdy)
    i.OS_FlagInit                            0x080016d0   Section        0  os_flag.o(i.OS_FlagInit)
    i.OS_InitEventList                       0x0800171c   Section        0  os_core.o(i.OS_InitEventList)
    OS_InitEventList                         0x0800171d   Thumb Code    70  os_core.o(i.OS_InitEventList)
    i.OS_InitMisc                            0x0800176c   Section        0  os_core.o(i.OS_InitMisc)
    OS_InitMisc                              0x0800176d   Thumb Code    44  os_core.o(i.OS_InitMisc)
    i.OS_InitRdyList                         0x080017c0   Section        0  os_core.o(i.OS_InitRdyList)
    OS_InitRdyList                           0x080017c1   Thumb Code    46  os_core.o(i.OS_InitRdyList)
    i.OS_InitTCBList                         0x08001808   Section        0  os_core.o(i.OS_InitTCBList)
    OS_InitTCBList                           0x08001809   Thumb Code    88  os_core.o(i.OS_InitTCBList)
    i.OS_InitTaskIdle                        0x08001870   Section        0  os_core.o(i.OS_InitTaskIdle)
    OS_InitTaskIdle                          0x08001871   Thumb Code    54  os_core.o(i.OS_InitTaskIdle)
    i.OS_InitTaskStat                        0x080018c0   Section        0  os_core.o(i.OS_InitTaskStat)
    OS_InitTaskStat                          0x080018c1   Thumb Code    54  os_core.o(i.OS_InitTaskStat)
    i.OS_MemClr                              0x08001910   Section        0  os_core.o(i.OS_MemClr)
    i.OS_MemInit                             0x08001924   Section        0  os_mem.o(i.OS_MemInit)
    i.OS_QInit                               0x08001970   Section        0  os_q.o(i.OS_QInit)
    i.OS_Sched                               0x080019a8   Section        0  os_core.o(i.OS_Sched)
    i.OS_SchedNew                            0x08001a1c   Section        0  os_core.o(i.OS_SchedNew)
    OS_SchedNew                              0x08001a1d   Thumb Code    26  os_core.o(i.OS_SchedNew)
    i.OS_StrCopy                             0x08001a48   Section        0  os_core.o(i.OS_StrCopy)
    i.OS_StrLen                              0x08001a64   Section        0  os_core.o(i.OS_StrLen)
    i.OS_TCBInit                             0x08001a78   Section        0  os_core.o(i.OS_TCBInit)
    i.OS_TaskIdle                            0x08001ba4   Section        0  os_core.o(i.OS_TaskIdle)
    i.OS_TaskStat                            0x08001bc8   Section        0  os_core.o(i.OS_TaskStat)
    i.Out0_Process                           0x08001c54   Section        0  usb_core.o(i.Out0_Process)
    i.PMAToUserBufferCopy                    0x08001ca4   Section        0  usb_mem.o(i.PMAToUserBufferCopy)
    i.PVD_IRQHandler                         0x08001cc8   Section        0  stm32f10x_it.o(i.PVD_IRQHandler)
    i.Post0_Process                          0x08001ccc   Section        0  usb_core.o(i.Post0_Process)
    i.PowerOn                                0x08001d14   Section        0  usb_pwr.o(i.PowerOn)
    i.RCC_AHBPeriphClockCmd                  0x08001d64   Section        0  stm32f10x_rcc.o(i.RCC_AHBPeriphClockCmd)
    i.RCC_APB1PeriphClockCmd                 0x08001d84   Section        0  stm32f10x_rcc.o(i.RCC_APB1PeriphClockCmd)
    i.RCC_APB1PeriphResetCmd                 0x08001da4   Section        0  stm32f10x_rcc.o(i.RCC_APB1PeriphResetCmd)
    i.RCC_APB2PeriphClockCmd                 0x08001dc4   Section        0  stm32f10x_rcc.o(i.RCC_APB2PeriphClockCmd)
    i.RCC_APB2PeriphResetCmd                 0x08001de4   Section        0  stm32f10x_rcc.o(i.RCC_APB2PeriphResetCmd)
    i.RCC_ClearFlag                          0x08001e04   Section        0  stm32f10x_rcc.o(i.RCC_ClearFlag)
    i.RCC_GetClocksFreq                      0x08001e18   Section        0  stm32f10x_rcc.o(i.RCC_GetClocksFreq)
    i.RCC_IRQHandler                         0x08001ef4   Section        0  stm32f10x_it.o(i.RCC_IRQHandler)
    i.RCC_USBCLKConfig                       0x08001ef8   Section        0  stm32f10x_rcc.o(i.RCC_USBCLKConfig)
    i.RTCAlarm_IRQHandler                    0x08001f04   Section        0  stm32f10x_it.o(i.RTCAlarm_IRQHandler)
    i.RTC_ClearITPendingBit                  0x08001f08   Section        0  stm32f10x_rtc.o(i.RTC_ClearITPendingBit)
    i.RTC_GetITStatus                        0x08001f28   Section        0  stm32f10x_rtc.o(i.RTC_GetITStatus)
    i.RTC_IRQHandler                         0x08001f54   Section        0  stm32f10x_it.o(i.RTC_IRQHandler)
    i.RTC_WaitForLastTask                    0x08001fa4   Section        0  stm32f10x_rtc.o(i.RTC_WaitForLastTask)
    i.SDIO_IRQHandler                        0x08001fb8   Section        0  stm32f10x_it.o(i.SDIO_IRQHandler)
    i.SPI1_IRQHandler                        0x08001fba   Section        0  stm32f10x_it.o(i.SPI1_IRQHandler)
    i.SPI2_IRQHandler                        0x08001fbc   Section        0  stm32f10x_it.o(i.SPI2_IRQHandler)
    i.SPI3_IRQHandler                        0x08001fbe   Section        0  stm32f10x_it.o(i.SPI3_IRQHandler)
    i.SetBTABLE                              0x08001fc0   Section        0  usb_regs.o(i.SetBTABLE)
    i.SetDeviceAddress                       0x08001fd0   Section        0  usb_core.o(i.SetDeviceAddress)
    i.SetEPRxAddr                            0x0800201c   Section        0  usb_regs.o(i.SetEPRxAddr)
    i.SetEPRxCount                           0x08002040   Section        0  usb_regs.o(i.SetEPRxCount)
    i.SetEPRxStatus                          0x08002090   Section        0  usb_regs.o(i.SetEPRxStatus)
    i.SetEPRxValid                           0x080020cc   Section        0  usb_regs.o(i.SetEPRxValid)
    i.SetEPTxAddr                            0x080020f8   Section        0  usb_regs.o(i.SetEPTxAddr)
    i.SetEPTxCount                           0x08002118   Section        0  usb_regs.o(i.SetEPTxCount)
    i.SetEPTxStatus                          0x08002138   Section        0  usb_regs.o(i.SetEPTxStatus)
    i.SetEPType                              0x08002174   Section        0  usb_regs.o(i.SetEPType)
    i.SetSysClock                            0x08002198   Section        0  system_stm32f10x.o(i.SetSysClock)
    SetSysClock                              0x08002199   Thumb Code     8  system_stm32f10x.o(i.SetSysClock)
    i.SetSysClockTo72                        0x080021a0   Section        0  system_stm32f10x.o(i.SetSysClockTo72)
    SetSysClockTo72                          0x080021a1   Thumb Code   200  system_stm32f10x.o(i.SetSysClockTo72)
    i.Setup0_Process                         0x08002270   Section        0  usb_core.o(i.Setup0_Process)
    i.Standard_ClearFeature                  0x08002320   Section        0  usb_core.o(i.Standard_ClearFeature)
    i.Standard_GetConfiguration              0x08002480   Section        0  usb_core.o(i.Standard_GetConfiguration)
    i.Standard_GetDescriptorData             0x080024ac   Section        0  usb_core.o(i.Standard_GetDescriptorData)
    i.Standard_GetInterface                  0x080024d0   Section        0  usb_core.o(i.Standard_GetInterface)
    i.Standard_GetStatus                     0x080024fc   Section        0  usb_core.o(i.Standard_GetStatus)
    i.Standard_SetConfiguration              0x080025ec   Section        0  usb_core.o(i.Standard_SetConfiguration)
    i.Standard_SetDeviceFeature              0x08002634   Section        0  usb_core.o(i.Standard_SetDeviceFeature)
    i.Standard_SetEndPointFeature            0x0800265c   Section        0  usb_core.o(i.Standard_SetEndPointFeature)
    i.Standard_SetInterface                  0x08002720   Section        0  usb_core.o(i.Standard_SetInterface)
    i.SysTickHandler                         0x0800278c   Section        0  stm32f10x_it.o(i.SysTickHandler)
    i.SystemInit                             0x08002790   Section        0  system_stm32f10x.o(i.SystemInit)
    i.TAMPER_IRQHandler                      0x080027e4   Section        0  stm32f10x_it.o(i.TAMPER_IRQHandler)
    i.TIM1_BRK_IRQHandler                    0x080027e6   Section        0  stm32f10x_it.o(i.TIM1_BRK_IRQHandler)
    i.TIM1_CC_IRQHandler                     0x080027e8   Section        0  stm32f10x_it.o(i.TIM1_CC_IRQHandler)
    i.TIM1_TRG_COM_IRQHandler                0x080027ea   Section        0  stm32f10x_it.o(i.TIM1_TRG_COM_IRQHandler)
    i.TIM1_UP_IRQHandler                     0x080027ec   Section        0  stm32f10x_it.o(i.TIM1_UP_IRQHandler)
    i.TIM2_IRQHandler                        0x080027fc   Section        0  stm32f10x_it.o(i.TIM2_IRQHandler)
    i.TIM3_IRQHandler                        0x08002844   Section        0  stm32f10x_it.o(i.TIM3_IRQHandler)
    i.TIM4_IRQHandler                        0x08002898   Section        0  stm32f10x_it.o(i.TIM4_IRQHandler)
    i.TIM5_IRQHandler                        0x080028ec   Section        0  stm32f10x_it.o(i.TIM5_IRQHandler)
    i.TIM6_IRQHandler                        0x080028ee   Section        0  stm32f10x_it.o(i.TIM6_IRQHandler)
    i.TIM7_IRQHandler                        0x080028f0   Section        0  stm32f10x_it.o(i.TIM7_IRQHandler)
    i.TIM8_BRK_IRQHandler                    0x080028f2   Section        0  stm32f10x_it.o(i.TIM8_BRK_IRQHandler)
    i.TIM8_CC_IRQHandler                     0x080028f4   Section        0  stm32f10x_it.o(i.TIM8_CC_IRQHandler)
    i.TIM8_TRG_COM_IRQHandler                0x080028f6   Section        0  stm32f10x_it.o(i.TIM8_TRG_COM_IRQHandler)
    i.TIM8_UP_IRQHandler                     0x080028f8   Section        0  stm32f10x_it.o(i.TIM8_UP_IRQHandler)
    i.TIM_ARRPreloadConfig                   0x08002908   Section        0  stm32f10x_tim.o(i.TIM_ARRPreloadConfig)
    i.TIM_ClearFlag                          0x08002920   Section        0  stm32f10x_tim.o(i.TIM_ClearFlag)
    i.TIM_ClearITPendingBit                  0x08002926   Section        0  stm32f10x_tim.o(i.TIM_ClearITPendingBit)
    i.TIM_Cmd                                0x0800292c   Section        0  stm32f10x_tim.o(i.TIM_Cmd)
    i.TIM_DeInit                             0x08002944   Section        0  stm32f10x_tim.o(i.TIM_DeInit)
    i.TIM_GetITStatus                        0x08002a24   Section        0  stm32f10x_tim.o(i.TIM_GetITStatus)
    i.TIM_ITConfig                           0x08002a46   Section        0  stm32f10x_tim.o(i.TIM_ITConfig)
    i.TIM_TimeBaseInit                       0x08002a60   Section        0  stm32f10x_tim.o(i.TIM_TimeBaseInit)
    i.TaskStart                              0x08002a9c   Section        0  taskinit.o(i.TaskStart)
    i.Timer2Init                             0x08002acc   Section        0  timer2.o(i.Timer2Init)
    i.UART4_IRQHandler                       0x08002b1c   Section        0  stm32f10x_it.o(i.UART4_IRQHandler)
    i.UART5_IRQHandler                       0x08002b1e   Section        0  stm32f10x_it.o(i.UART5_IRQHandler)
    i.USART1_IRQHandler                      0x08002b20   Section        0  stm32f10x_it.o(i.USART1_IRQHandler)
    i.USART2_IRQHandler                      0x08002b22   Section        0  stm32f10x_it.o(i.USART2_IRQHandler)
    i.USART3_IRQHandler                      0x08002b24   Section        0  stm32f10x_it.o(i.USART3_IRQHandler)
    i.USART_Cmd                              0x08002b26   Section        0  stm32f10x_usart.o(i.USART_Cmd)
    i.USART_Config                           0x08002b40   Section        0  hw_config.o(i.USART_Config)
    i.USART_Config_Default                   0x08002c14   Section        0  hw_config.o(i.USART_Config_Default)
    i.USART_ITConfig                         0x08002c50   Section        0  stm32f10x_usart.o(i.USART_ITConfig)
    i.USART_Init                             0x08002c90   Section        0  stm32f10x_usart.o(i.USART_Init)
    i.USBWakeUp_IRQHandler                   0x08002d2c   Section        0  stm32f10x_it.o(i.USBWakeUp_IRQHandler)
    i.USB_Cable_Config                       0x08002d30   Section        0  hw_config.o(i.USB_Cable_Config)
    i.USB_HP_CAN_TX_IRQHandler               0x08002d54   Section        0  stm32f10x_it.o(i.USB_HP_CAN_TX_IRQHandler)
    i.USB_Init                               0x08002d58   Section        0  usb_init.o(i.USB_Init)
    i.USB_Interrupts_Config                  0x08002d94   Section        0  hw_config.o(i.USB_Interrupts_Config)
    i.USB_Istr                               0x08002dd0   Section        0  usb_istr.o(i.USB_Istr)
    i.USB_LP_CAN_RX0_IRQHandler              0x08002e48   Section        0  stm32f10x_it.o(i.USB_LP_CAN_RX0_IRQHandler)
    i.UserToPMABufferCopy                    0x08002e68   Section        0  usb_mem.o(i.UserToPMABufferCopy)
    i.Virtual_Com_Port_Data_Setup            0x08002ea0   Section        0  usb_prop.o(i.Virtual_Com_Port_Data_Setup)
    i.Virtual_Com_Port_GetConfigDescriptor   0x08002f04   Section        0  usb_prop.o(i.Virtual_Com_Port_GetConfigDescriptor)
    i.Virtual_Com_Port_GetDeviceDescriptor   0x08002f18   Section        0  usb_prop.o(i.Virtual_Com_Port_GetDeviceDescriptor)
    i.Virtual_Com_Port_GetLineCoding         0x08002f2c   Section        0  usb_prop.o(i.Virtual_Com_Port_GetLineCoding)
    i.Virtual_Com_Port_GetStringDescriptor   0x08002f48   Section        0  usb_prop.o(i.Virtual_Com_Port_GetStringDescriptor)
    i.Virtual_Com_Port_Get_Interface_Setting 0x08002f70   Section        0  usb_prop.o(i.Virtual_Com_Port_Get_Interface_Setting)
    i.Virtual_Com_Port_NoData_Setup          0x08002f88   Section        0  usb_prop.o(i.Virtual_Com_Port_NoData_Setup)
    i.Virtual_Com_Port_Reset                 0x08002fb0   Section        0  usb_prop.o(i.Virtual_Com_Port_Reset)
    i.Virtual_Com_Port_SetConfiguration      0x08003098   Section        0  usb_prop.o(i.Virtual_Com_Port_SetConfiguration)
    i.Virtual_Com_Port_SetDeviceAddress      0x080030b0   Section        0  usb_prop.o(i.Virtual_Com_Port_SetDeviceAddress)
    i.Virtual_Com_Port_SetLineCoding         0x080030bc   Section        0  usb_prop.o(i.Virtual_Com_Port_SetLineCoding)
    i.Virtual_Com_Port_Status_In             0x080030d8   Section        0  usb_prop.o(i.Virtual_Com_Port_Status_In)
    i.Virtual_Com_Port_Status_Out            0x080030f4   Section        0  usb_prop.o(i.Virtual_Com_Port_Status_Out)
    i.Virtual_Com_Port_init                  0x080030f8   Section        0  usb_prop.o(i.Virtual_Com_Port_init)
    i.WWDG_IRQHandler                        0x08003144   Section        0  stm32f10x_it.o(i.WWDG_IRQHandler)
    i.main                                   0x08003148   Section        0  main.o(i.main)
    x$fpl$fpinit                             0x08003184   Section       14  fpinit.o(x$fpl$fpinit)
    .constdata                               0x08003192   Section      256  os_core.o(.constdata)
    .constdata                               0x08003292   Section      177  usb_desc.o(.constdata)
    .constdata                               0x08003343   Section       20  stm32f10x_rcc.o(.constdata)
    APBAHBPrescTable                         0x08003343   Data          16  stm32f10x_rcc.o(.constdata)
    ADCPrescTable                            0x08003353   Data           4  stm32f10x_rcc.o(.constdata)
    .data                                    0x20000000   Section       48  task.o(.data)
    .data                                    0x20000030   Section        1  taskinit.o(.data)
    .data                                    0x20000031   Section        1  stm32f10x_it.o(.data)
    .data                                    0x20000034   Section       76  os_core.o(.data)
    .data                                    0x20000080   Section       26  usb_desc.o(.data)
    .data                                    0x2000009c   Section        8  usb_endp.o(.data)
    .data                                    0x200000a4   Section       62  usb_istr.o(.data)
    .data                                    0x200000e4   Section      148  usb_prop.o(.data)
    .data                                    0x20000178   Section        7  usb_pwr.o(.data)
    .data                                    0x20000180   Section        4  usb_core.o(.data)
    .data                                    0x20000184   Section       20  usb_init.o(.data)
    .data                                    0x20000198   Section        4  usb_int.o(.data)
    .bss                                     0x2000019c   Section     2048  taskinit.o(.bss)
    .bss                                     0x2000099c   Section     4784  os_core.o(.bss)
    .bss                                     0x20001c4c   Section       80  hw_config.o(.bss)
    .bss                                     0x20001c9c   Section       64  usb_endp.o(.bss)
    .bss                                     0x20001cdc   Section       28  usb_init.o(.bss)
    .bss                                     0x20001cf8   Section       96  libspace.o(.bss)
    HEAP                                     0x20001d58   Section      512  stm32f10x_startup.o(HEAP)
    Heap                                     0x20001d58   Data           0  stm32f10x_startup.o(HEAP)
    STACK                                    0x20001f58   Section     1024  stm32f10x_startup.o(STACK)
    Stack                                    0x20001f58   Data           0  stm32f10x_startup.o(STACK)

    Global Symbols

    Symbol Name                              Value     Ov Type        Size  Object(Section)

    BuildAttributes$$THM_ISAv4$P$D$K$B$S$PE$A:L22UL41UL21$X:L11$S22US41US21$IEEE1$IW$USESV6$~STKCKD$USESV7$~SHL$OSPACE$ROPI$EBA8$UX$STANDARDLIB$REQ8$PRES8$EABIv2 0x00000000   Number         0  anon$$obj.o ABSOLUTE
    __ARM_use_no_argv                        0x00000000   Number         0  main.o ABSOLUTE
    __ARM_exceptions_init                     - Undefined Weak Reference
    __alloca_initialize                       - Undefined Weak Reference
    __cpp_initialize__aeabi_                  - Undefined Weak Reference
    __cxa_finalize                            - Undefined Weak Reference
    __rt_locale                               - Undefined Weak Reference
    __sigvec_lookup                           - Undefined Weak Reference
    _atexit_init                              - Undefined Weak Reference
    _call_atexit_fns                          - Undefined Weak Reference
    _clock_init                               - Undefined Weak Reference
    _fp_trap_init                             - Undefined Weak Reference
    _fp_trap_shutdown                         - Undefined Weak Reference
    _get_lc_collate                           - Undefined Weak Reference
    _get_lc_ctype                             - Undefined Weak Reference
    _get_lc_monetary                          - Undefined Weak Reference
    _get_lc_numeric                           - Undefined Weak Reference
    _get_lc_time                              - Undefined Weak Reference
    _getenv_init                              - Undefined Weak Reference
    _handle_redirection                       - Undefined Weak Reference
    _init_alloc                               - Undefined Weak Reference
    _init_user_alloc                          - Undefined Weak Reference
    _initio                                   - Undefined Weak Reference
    _rand_init                                - Undefined Weak Reference
    _signal_finish                            - Undefined Weak Reference
    _signal_init                              - Undefined Weak Reference
    _terminate_alloc                          - Undefined Weak Reference
    _terminate_user_alloc                     - Undefined Weak Reference
    _terminateio                              - Undefined Weak Reference
    __Vectors                                0x08000000   Data           0  stm32f10x_startup.o(RESET)
    Reset_Handler                            0x08000131   Thumb Code     0  stm32f10x_startup.o(RESET)
    __main                                   0x08000149   Thumb Code     8  __main.o(!!!main)
    __scatterload                            0x08000151   Thumb Code     0  __scatter.o(!!!scatter)
    __scatterload_rt2                        0x08000151   Thumb Code    44  __scatter.o(!!!scatter)
    __scatterload_rt2_thumb_only             0x08000151   Thumb Code     0  __scatter.o(!!!scatter)
    __scatterload_null                       0x0800015f   Thumb Code     0  __scatter.o(!!!scatter)
    __decompress                             0x08000185   Thumb Code    90  __dczerorl2.o(!!dczerorl2)
    __decompress1                            0x08000185   Thumb Code     0  __dczerorl2.o(!!dczerorl2)
    __scatterload_zeroinit                   0x080001e1   Thumb Code    28  __scatter_zi.o(!!handler_zi)
    __rt_lib_init                            0x080001fd   Thumb Code     0  libinit.o(.ARM.Collect$$libinit$$00000000)
    __rt_lib_init_alloca_1                   0x08000203   Thumb Code     0  libinit2.o(.ARM.Collect$$libinit$$0000002A)
    __rt_lib_init_argv_1                     0x08000203   Thumb Code     0  libinit2.o(.ARM.Collect$$libinit$$00000028)
    __rt_lib_init_atexit_1                   0x08000203   Thumb Code     0  libinit2.o(.ARM.Collect$$libinit$$00000017)
    __rt_lib_init_clock_1                    0x08000203   Thumb Code     0  libinit2.o(.ARM.Collect$$libinit$$0000001D)
    __rt_lib_init_cpp_1                      0x08000203   Thumb Code     0  libinit2.o(.ARM.Collect$$libinit$$0000002E)
    __rt_lib_init_exceptions_1               0x08000203   Thumb Code     0  libinit2.o(.ARM.Collect$$libinit$$0000002C)
    __rt_lib_init_fp_trap_1                  0x08000203   Thumb Code     0  libinit2.o(.ARM.Collect$$libinit$$0000001B)
    __rt_lib_init_getenv_1                   0x08000203   Thumb Code     0  libinit2.o(.ARM.Collect$$libinit$$0000001F)
    __rt_lib_init_heap_1                     0x08000203   Thumb Code     0  libinit2.o(.ARM.Collect$$libinit$$00000006)
    __rt_lib_init_lc_collate_1               0x08000203   Thumb Code     0  libinit2.o(.ARM.Collect$$libinit$$0000000D)
    __rt_lib_init_lc_ctype_1                 0x08000203   Thumb Code     0  libinit2.o(.ARM.Collect$$libinit$$0000000F)
    __rt_lib_init_lc_monetary_1              0x08000203   Thumb Code     0  libinit2.o(.ARM.Collect$$libinit$$00000011)
    __rt_lib_init_lc_numeric_1               0x08000203   Thumb Code     0  libinit2.o(.ARM.Collect$$libinit$$00000013)
    __rt_lib_init_lc_time_1                  0x08000203   Thumb Code     0  libinit2.o(.ARM.Collect$$libinit$$00000015)
    __rt_lib_init_rand_1                     0x08000203   Thumb Code     0  libinit2.o(.ARM.Collect$$libinit$$0000000A)
    __rt_lib_init_return                     0x08000203   Thumb Code     0  libinit2.o(.ARM.Collect$$libinit$$0000002F)
    __rt_lib_init_signal_1                   0x08000203   Thumb Code     0  libinit2.o(.ARM.Collect$$libinit$$00000019)
    __rt_lib_init_stdio_1                    0x08000203   Thumb Code     0  libinit2.o(.ARM.Collect$$libinit$$00000021)
    __rt_lib_init_user_alloc_1               0x08000203   Thumb Code     0  libinit2.o(.ARM.Collect$$libinit$$00000008)
    __rt_lib_shutdown                        0x08000205   Thumb Code     0  libshutdown.o(.ARM.Collect$$libshutdown$$00000000)
    __rt_lib_shutdown_fp_trap_1              0x08000207   Thumb Code     0  libshutdown2.o(.ARM.Collect$$libshutdown$$00000006)
    __rt_lib_shutdown_heap_1                 0x08000207   Thumb Code     0  libshutdown2.o(.ARM.Collect$$libshutdown$$0000000E)
    __rt_lib_shutdown_return                 0x08000207   Thumb Code     0  libshutdown2.o(.ARM.Collect$$libshutdown$$0000000F)
    __rt_lib_shutdown_signal_1               0x08000207   Thumb Code     0  libshutdown2.o(.ARM.Collect$$libshutdown$$00000009)
    __rt_lib_shutdown_stdio_1                0x08000207   Thumb Code     0  libshutdown2.o(.ARM.Collect$$libshutdown$$00000003)
    __rt_lib_shutdown_user_alloc_1           0x08000207   Thumb Code     0  libshutdown2.o(.ARM.Collect$$libshutdown$$0000000B)
    __rt_entry                               0x08000209   Thumb Code     0  rtentry.o(.ARM.Collect$$rtentry$$00000000)
    __rt_entry_presh_1                       0x08000209   Thumb Code     0  rtentry2.o(.ARM.Collect$$rtentry$$00000002)
    __rt_entry_sh                            0x08000209   Thumb Code     0  rtentry4.o(.ARM.Collect$$rtentry$$00000004)
    __rt_entry_li                            0x0800020f   Thumb Code     0  rtentry2.o(.ARM.Collect$$rtentry$$0000000A)
    __rt_entry_postsh_1                      0x0800020f   Thumb Code     0  rtentry2.o(.ARM.Collect$$rtentry$$00000009)
    __rt_entry_main                          0x08000213   Thumb Code     0  rtentry2.o(.ARM.Collect$$rtentry$$0000000D)
    __rt_entry_postli_1                      0x08000213   Thumb Code     0  rtentry2.o(.ARM.Collect$$rtentry$$0000000C)
    __rt_exit                                0x0800021b   Thumb Code     0  rtexit.o(.ARM.Collect$$rtexit$$00000000)
    __rt_exit_ls                             0x0800021d   Thumb Code     0  rtexit2.o(.ARM.Collect$$rtexit$$00000003)
    __rt_exit_prels_1                        0x0800021d   Thumb Code     0  rtexit2.o(.ARM.Collect$$rtexit$$00000002)
    __rt_exit_exit                           0x08000221   Thumb Code     0  rtexit2.o(.ARM.Collect$$rtexit$$00000004)
    OS_CPU_SR_Save                           0x08000229   Thumb Code     0  os_cpu_a.o(.text)
    OS_CPU_SR_Restore                        0x08000231   Thumb Code     0  os_cpu_a.o(.text)
    OSStartHighRdy                           0x08000237   Thumb Code     0  os_cpu_a.o(.text)
    OSCtxSw                                  0x08000257   Thumb Code     0  os_cpu_a.o(.text)
    OSIntCtxSw                               0x08000261   Thumb Code     0  os_cpu_a.o(.text)
    OSPendSV                                 0x0800026b   Thumb Code     0  os_cpu_a.o(.text)
    __user_initial_stackheap                 0x080002d1   Thumb Code     0  stm32f10x_startup.o(.text)
    __use_two_region_memory                  0x080002ed   Thumb Code     2  heapauxi.o(.text)
    __rt_heap_escrow$2region                 0x080002ef   Thumb Code     2  heapauxi.o(.text)
    __rt_heap_expand$2region                 0x080002f1   Thumb Code     2  heapauxi.o(.text)
    __user_setup_stackheap                   0x080002f3   Thumb Code    74  sys_stackheap_outer.o(.text)
    exit                                     0x0800033d   Thumb Code    12  exit.o(.text)
    __user_libspace                          0x08000349   Thumb Code     8  libspace.o(.text)
    __user_perproc_libspace                  0x08000349   Thumb Code     0  libspace.o(.text)
    __user_perthread_libspace                0x08000349   Thumb Code     0  libspace.o(.text)
    __rt_fp_status_addr                      0x08000351   Thumb Code    12  rt_fp_status_addr_intlibspace.o(.text)
    _sys_exit                                0x0800035d   Thumb Code     8  sys_exit.o(.text)
    __I$use$semihosting                      0x08000369   Thumb Code     0  use_no_semi.o(.text)
    __use_no_semihosting_swi                 0x08000369   Thumb Code     2  use_no_semi.o(.text)
    ADC3_IRQHandler                          0x0800036b   Thumb Code     2  stm32f10x_it.o(i.ADC3_IRQHandler)
    ADC_IRQHandler                           0x0800036d   Thumb Code     2  stm32f10x_it.o(i.ADC_IRQHandler)
    BSP_Init                                 0x0800036f   Thumb Code    76  bsp.o(i.BSP_Init)
    ByteSwap                                 0x080003bb   Thumb Code    12  usb_regs.o(i.ByteSwap)
    CAN_RX1_IRQHandler                       0x080003c7   Thumb Code     2  stm32f10x_it.o(i.CAN_RX1_IRQHandler)
    CAN_SCE_IRQHandler                       0x080003c9   Thumb Code     2  stm32f10x_it.o(i.CAN_SCE_IRQHandler)
    CTR_LP                                   0x080003cd   Thumb Code   778  usb_int.o(i.CTR_LP)
    ClearDTOG_RX                             0x080006fd   Thumb Code    50  usb_regs.o(i.ClearDTOG_RX)
    ClearDTOG_TX                             0x08000735   Thumb Code    50  usb_regs.o(i.ClearDTOG_TX)
    Clear_Status_Out                         0x0800076d   Thumb Code    30  usb_regs.o(i.Clear_Status_Out)
    DMA2_Channel1_IRQHandler                 0x08000791   Thumb Code     2  stm32f10x_it.o(i.DMA2_Channel1_IRQHandler)
    DMA2_Channel2_IRQHandler                 0x08000793   Thumb Code     2  stm32f10x_it.o(i.DMA2_Channel2_IRQHandler)
    DMA2_Channel3_IRQHandler                 0x08000795   Thumb Code     2  stm32f10x_it.o(i.DMA2_Channel3_IRQHandler)
    DMA2_Channel4_5_IRQHandler               0x08000797   Thumb Code     2  stm32f10x_it.o(i.DMA2_Channel4_5_IRQHandler)
    DMAChannel1_IRQHandler                   0x08000799   Thumb Code     2  stm32f10x_it.o(i.DMAChannel1_IRQHandler)
    DMAChannel2_IRQHandler                   0x0800079b   Thumb Code     2  stm32f10x_it.o(i.DMAChannel2_IRQHandler)
    DMAChannel3_IRQHandler                   0x0800079d   Thumb Code     2  stm32f10x_it.o(i.DMAChannel3_IRQHandler)
    DMAChannel4_IRQHandler                   0x0800079f   Thumb Code     2  stm32f10x_it.o(i.DMAChannel4_IRQHandler)
    DMAChannel5_IRQHandler                   0x080007a1   Thumb Code     2  stm32f10x_it.o(i.DMAChannel5_IRQHandler)
    DMAChannel6_IRQHandler                   0x080007a3   Thumb Code     2  stm32f10x_it.o(i.DMAChannel6_IRQHandler)
    DMAChannel7_IRQHandler                   0x080007a5   Thumb Code     2  stm32f10x_it.o(i.DMAChannel7_IRQHandler)
    EP1_IN_Callback                          0x08000bb9   Thumb Code     8  usb_endp.o(i.EP1_IN_Callback)
    EP3_OUT_Callback                         0x08000bc5   Thumb Code    36  usb_endp.o(i.EP3_OUT_Callback)
    EXTI0_IRQHandler                         0x08000bf1   Thumb Code    10  stm32f10x_it.o(i.EXTI0_IRQHandler)
    EXTI15_10_IRQHandler                     0x08000bfb   Thumb Code     2  stm32f10x_it.o(i.EXTI15_10_IRQHandler)
    EXTI1_IRQHandler                         0x08000bfd   Thumb Code     2  stm32f10x_it.o(i.EXTI1_IRQHandler)
    EXTI2_IRQHandler                         0x08000bff   Thumb Code     2  stm32f10x_it.o(i.EXTI2_IRQHandler)
    EXTI3_IRQHandler                         0x08000c01   Thumb Code     2  stm32f10x_it.o(i.EXTI3_IRQHandler)
    EXTI4_IRQHandler                         0x08000c03   Thumb Code     2  stm32f10x_it.o(i.EXTI4_IRQHandler)
    EXTI9_5_IRQHandler                       0x08000c05   Thumb Code     2  stm32f10x_it.o(i.EXTI9_5_IRQHandler)
    EXTI_ClearITPendingBit                   0x08000c09   Thumb Code     6  stm32f10x_exti.o(i.EXTI_ClearITPendingBit)
    FLASH_IRQHandler                         0x08000c15   Thumb Code     2  stm32f10x_it.o(i.FLASH_IRQHandler)
    FSMC_IRQHandler                          0x08000c17   Thumb Code     2  stm32f10x_it.o(i.FSMC_IRQHandler)
    GPIO_ReadInputDataBit                    0x08000c19   Thumb Code    18  stm32f10x_gpio.o(i.GPIO_ReadInputDataBit)
    GPIO_ResetBits                           0x08000c2b   Thumb Code     4  stm32f10x_gpio.o(i.GPIO_ResetBits)
    GPIO_SetBits                             0x08000c2f   Thumb Code     4  stm32f10x_gpio.o(i.GPIO_SetBits)
    GetEPRxAddr                              0x08000c35   Thumb Code    26  usb_regs.o(i.GetEPRxAddr)
    GetEPRxCount                             0x08000c59   Thumb Code    28  usb_regs.o(i.GetEPRxCount)
    GetEPTxAddr                              0x08000c7d   Thumb Code    22  usb_regs.o(i.GetEPTxAddr)
    Get_SerialNum                            0x08000c9d   Thumb Code    64  hw_config.o(i.Get_SerialNum)
    I2C1_ER_IRQHandler                       0x08000ced   Thumb Code     2  stm32f10x_it.o(i.I2C1_ER_IRQHandler)
    I2C1_EV_IRQHandler                       0x08000cef   Thumb Code     2  stm32f10x_it.o(i.I2C1_EV_IRQHandler)
    I2C2_ER_IRQHandler                       0x08000cf1   Thumb Code     2  stm32f10x_it.o(i.I2C2_ER_IRQHandler)
    I2C2_EV_IRQHandler                       0x08000cf3   Thumb Code     2  stm32f10x_it.o(i.I2C2_EV_IRQHandler)
    In0_Process                              0x08000cf5   Thumb Code    98  usb_core.o(i.In0_Process)
    LEDOFF                                   0x08000d65   Thumb Code    14  common.o(i.LEDOFF)
    LEDON                                    0x08000d79   Thumb Code    14  common.o(i.LEDON)
    LEDREV                                   0x08000d8d   Thumb Code    26  common.o(i.LEDREV)
    NOP_Process                              0x08000dad   Thumb Code     2  usb_core.o(i.NOP_Process)
    NVIC_Configuration                       0x08000daf   Thumb Code   154  nvic.o(i.NVIC_Configuration)
    NVIC_Init                                0x08000e49   Thumb Code   192  stm32f10x_nvic.o(i.NVIC_Init)
    NVIC_PriorityGroupConfig                 0x08000f15   Thumb Code    10  stm32f10x_nvic.o(i.NVIC_PriorityGroupConfig)
    OSInit                                   0x0800106d   Thumb Code    48  os_core.o(i.OSInit)
    OSInitHookBegin                          0x0800109d   Thumb Code     2  os_cpu_c.o(i.OSInitHookBegin)
    OSInitHookEnd                            0x0800109f   Thumb Code     2  os_cpu_c.o(i.OSInitHookEnd)
    OSIntExit                                0x080010a1   Thumb Code   114  os_core.o(i.OSIntExit)
    OSSemPost                                0x08001135   Thumb Code    94  os_sem.o(i.OSSemPost)
    OSStart                                  0x08001195   Thumb Code    48  os_core.o(i.OSStart)
    OSTCBInitHook                            0x080011dd   Thumb Code     2  os_cpu_c.o(i.OSTCBInitHook)
    OSTaskCreateExt                          0x080011e1   Thumb Code   172  os_task.o(i.OSTaskCreateExt)
    OSTaskCreateHook                         0x08001299   Thumb Code     2  os_cpu_c.o(i.OSTaskCreateHook)
    OSTaskIdleHook                           0x0800129b   Thumb Code     2  os_cpu_c.o(i.OSTaskIdleHook)
    OSTaskNameSet                            0x0800129d   Thumb Code   160  os_task.o(i.OSTaskNameSet)
    OSTaskStatHook                           0x08001349   Thumb Code     2  os_cpu_c.o(i.OSTaskStatHook)
    OSTaskStkInit                            0x0800134b   Thumb Code   154  os_cpu_c.o(i.OSTaskStkInit)
    OSTaskSwHook                             0x080013e5   Thumb Code     2  os_cpu_c.o(i.OSTaskSwHook)
    OSTimeDly                                0x080013e9   Thumb Code    96  os_time.o(i.OSTimeDly)
    OSTimeDlyHMSM                            0x08001459   Thumb Code   160  os_time.o(i.OSTimeDlyHMSM)
    OSTimeTick                               0x080014fd   Thumb Code   220  os_core.o(i.OSTimeTick)
    OSTimeTickHook                           0x080015f1   Thumb Code     2  os_cpu_c.o(i.OSTimeTickHook)
    OS_EventTaskRdy                          0x080015f5   Thumb Code   202  os_core.o(i.OS_EventTaskRdy)
    OS_FlagInit                              0x080016d1   Thumb Code    68  os_flag.o(i.OS_FlagInit)
    OS_MemClr                                0x08001911   Thumb Code    18  os_core.o(i.OS_MemClr)
    OS_MemInit                               0x08001925   Thumb Code    68  os_mem.o(i.OS_MemInit)
    OS_QInit                                 0x08001971   Thumb Code    46  os_q.o(i.OS_QInit)
    OS_Sched                                 0x080019a9   Thumb Code    88  os_core.o(i.OS_Sched)
    OS_StrCopy                               0x08001a49   Thumb Code    28  os_core.o(i.OS_StrCopy)
    OS_StrLen                                0x08001a65   Thumb Code    20  os_core.o(i.OS_StrLen)
    OS_TCBInit                               0x08001a79   Thumb Code   276  os_core.o(i.OS_TCBInit)
    OS_TaskIdle                              0x08001ba5   Thumb Code    32  os_core.o(i.OS_TaskIdle)
    OS_TaskStat                              0x08001bc9   Thumb Code   120  os_core.o(i.OS_TaskStat)
    Out0_Process                             0x08001c55   Thumb Code    70  usb_core.o(i.Out0_Process)
    PMAToUserBufferCopy                      0x08001ca5   Thumb Code    32  usb_mem.o(i.PMAToUserBufferCopy)
    PVD_IRQHandler                           0x08001cc9   Thumb Code     2  stm32f10x_it.o(i.PVD_IRQHandler)
    Post0_Process                            0x08001ccd   Thumb Code    56  usb_core.o(i.Post0_Process)
    PowerOn                                  0x08001d15   Thumb Code    64  usb_pwr.o(i.PowerOn)
    RCC_AHBPeriphClockCmd                    0x08001d65   Thumb Code    26  stm32f10x_rcc.o(i.RCC_AHBPeriphClockCmd)
    RCC_APB1PeriphClockCmd                   0x08001d85   Thumb Code    26  stm32f10x_rcc.o(i.RCC_APB1PeriphClockCmd)
    RCC_APB1PeriphResetCmd                   0x08001da5   Thumb Code    26  stm32f10x_rcc.o(i.RCC_APB1PeriphResetCmd)
    RCC_APB2PeriphClockCmd                   0x08001dc5   Thumb Code    26  stm32f10x_rcc.o(i.RCC_APB2PeriphClockCmd)
    RCC_APB2PeriphResetCmd                   0x08001de5   Thumb Code    26  stm32f10x_rcc.o(i.RCC_APB2PeriphResetCmd)
    RCC_ClearFlag                            0x08001e05   Thumb Code    14  stm32f10x_rcc.o(i.RCC_ClearFlag)
    RCC_GetClocksFreq                        0x08001e19   Thumb Code   192  stm32f10x_rcc.o(i.RCC_GetClocksFreq)
    RCC_IRQHandler                           0x08001ef5   Thumb Code     2  stm32f10x_it.o(i.RCC_IRQHandler)
    RCC_USBCLKConfig                         0x08001ef9   Thumb Code     6  stm32f10x_rcc.o(i.RCC_USBCLKConfig)
    RTCAlarm_IRQHandler                      0x08001f05   Thumb Code     2  stm32f10x_it.o(i.RTCAlarm_IRQHandler)
    RTC_ClearITPendingBit                    0x08001f09   Thumb Code    22  stm32f10x_rtc.o(i.RTC_ClearITPendingBit)
    RTC_GetITStatus                          0x08001f29   Thumb Code    34  stm32f10x_rtc.o(i.RTC_GetITStatus)
    RTC_IRQHandler                           0x08001f55   Thumb Code    74  stm32f10x_it.o(i.RTC_IRQHandler)
    RTC_WaitForLastTask                      0x08001fa5   Thumb Code    14  stm32f10x_rtc.o(i.RTC_WaitForLastTask)
    SDIO_IRQHandler                          0x08001fb9   Thumb Code     2  stm32f10x_it.o(i.SDIO_IRQHandler)
    SPI1_IRQHandler                          0x08001fbb   Thumb Code     2  stm32f10x_it.o(i.SPI1_IRQHandler)
    SPI2_IRQHandler                          0x08001fbd   Thumb Code     2  stm32f10x_it.o(i.SPI2_IRQHandler)
    SPI3_IRQHandler                          0x08001fbf   Thumb Code     2  stm32f10x_it.o(i.SPI3_IRQHandler)
    SetBTABLE                                0x08001fc1   Thumb Code    12  usb_regs.o(i.SetBTABLE)
    SetDeviceAddress                         0x08001fd1   Thumb Code    64  usb_core.o(i.SetDeviceAddress)
    SetEPRxAddr                              0x0800201d   Thumb Code    28  usb_regs.o(i.SetEPRxAddr)
    SetEPRxCount                             0x08002041   Thumb Code    70  usb_regs.o(i.SetEPRxCount)
    SetEPRxStatus                            0x08002091   Thumb Code    54  usb_regs.o(i.SetEPRxStatus)
    SetEPRxValid                             0x080020cd   Thumb Code    40  usb_regs.o(i.SetEPRxValid)
    SetEPTxAddr                              0x080020f9   Thumb Code    24  usb_regs.o(i.SetEPTxAddr)
    SetEPTxCount                             0x08002119   Thumb Code    22  usb_regs.o(i.SetEPTxCount)
    SetEPTxStatus                            0x08002139   Thumb Code    54  usb_regs.o(i.SetEPTxStatus)
    SetEPType                                0x08002175   Thumb Code    32  usb_regs.o(i.SetEPType)
    Setup0_Process                           0x08002271   Thumb Code   164  usb_core.o(i.Setup0_Process)
    Standard_ClearFeature                    0x08002321   Thumb Code   330  usb_core.o(i.Standard_ClearFeature)
    Standard_GetConfiguration                0x08002481   Thumb Code    34  usb_core.o(i.Standard_GetConfiguration)
    Standard_GetDescriptorData               0x080024ad   Thumb Code    32  usb_core.o(i.Standard_GetDescriptorData)
    Standard_GetInterface                    0x080024d1   Thumb Code    34  usb_core.o(i.Standard_GetInterface)
    Standard_GetStatus                       0x080024fd   Thumb Code   224  usb_core.o(i.Standard_GetStatus)
    Standard_SetConfiguration                0x080025ed   Thumb Code    60  usb_core.o(i.Standard_SetConfiguration)
    Standard_SetDeviceFeature                0x08002635   Thumb Code    30  usb_core.o(i.Standard_SetDeviceFeature)
    Standard_SetEndPointFeature              0x0800265d   Thumb Code   180  usb_core.o(i.Standard_SetEndPointFeature)
    Standard_SetInterface                    0x08002721   Thumb Code    96  usb_core.o(i.Standard_SetInterface)
    SysTickHandler                           0x0800278d   Thumb Code     2  stm32f10x_it.o(i.SysTickHandler)
    SystemInit                               0x08002791   Thumb Code    70  system_stm32f10x.o(i.SystemInit)
    TAMPER_IRQHandler                        0x080027e5   Thumb Code     2  stm32f10x_it.o(i.TAMPER_IRQHandler)
    TIM1_BRK_IRQHandler                      0x080027e7   Thumb Code     2  stm32f10x_it.o(i.TIM1_BRK_IRQHandler)
    TIM1_CC_IRQHandler                       0x080027e9   Thumb Code     2  stm32f10x_it.o(i.TIM1_CC_IRQHandler)
    TIM1_TRG_COM_IRQHandler                  0x080027eb   Thumb Code     2  stm32f10x_it.o(i.TIM1_TRG_COM_IRQHandler)
    TIM1_UP_IRQHandler                       0x080027ed   Thumb Code    12  stm32f10x_it.o(i.TIM1_UP_IRQHandler)
    TIM2_IRQHandler                          0x080027fd   Thumb Code    62  stm32f10x_it.o(i.TIM2_IRQHandler)
    TIM3_IRQHandler                          0x08002845   Thumb Code    74  stm32f10x_it.o(i.TIM3_IRQHandler)
    TIM4_IRQHandler                          0x08002899   Thumb Code    74  stm32f10x_it.o(i.TIM4_IRQHandler)
    TIM5_IRQHandler                          0x080028ed   Thumb Code     2  stm32f10x_it.o(i.TIM5_IRQHandler)
    TIM6_IRQHandler                          0x080028ef   Thumb Code     2  stm32f10x_it.o(i.TIM6_IRQHandler)
    TIM7_IRQHandler                          0x080028f1   Thumb Code     2  stm32f10x_it.o(i.TIM7_IRQHandler)
    TIM8_BRK_IRQHandler                      0x080028f3   Thumb Code     2  stm32f10x_it.o(i.TIM8_BRK_IRQHandler)
    TIM8_CC_IRQHandler                       0x080028f5   Thumb Code     2  stm32f10x_it.o(i.TIM8_CC_IRQHandler)
    TIM8_TRG_COM_IRQHandler                  0x080028f7   Thumb Code     2  stm32f10x_it.o(i.TIM8_TRG_COM_IRQHandler)
    TIM8_UP_IRQHandler                       0x080028f9   Thumb Code    12  stm32f10x_it.o(i.TIM8_UP_IRQHandler)
    TIM_ARRPreloadConfig                     0x08002909   Thumb Code    24  stm32f10x_tim.o(i.TIM_ARRPreloadConfig)
    TIM_ClearFlag                            0x08002921   Thumb Code     6  stm32f10x_tim.o(i.TIM_ClearFlag)
    TIM_ClearITPendingBit                    0x08002927   Thumb Code     6  stm32f10x_tim.o(i.TIM_ClearITPendingBit)
    TIM_Cmd                                  0x0800292d   Thumb Code    24  stm32f10x_tim.o(i.TIM_Cmd)
    TIM_DeInit                               0x08002945   Thumb Code   214  stm32f10x_tim.o(i.TIM_DeInit)
    TIM_GetITStatus                          0x08002a25   Thumb Code    34  stm32f10x_tim.o(i.TIM_GetITStatus)
    TIM_ITConfig                             0x08002a47   Thumb Code    24  stm32f10x_tim.o(i.TIM_ITConfig)
    TIM_TimeBaseInit                         0x08002a61   Thumb Code    50  stm32f10x_tim.o(i.TIM_TimeBaseInit)
    TaskStart                                0x08002a9d   Thumb Code    44  taskinit.o(i.TaskStart)
    Timer2Init                               0x08002acd   Thumb Code    80  timer2.o(i.Timer2Init)
    UART4_IRQHandler                         0x08002b1d   Thumb Code     2  stm32f10x_it.o(i.UART4_IRQHandler)
    UART5_IRQHandler                         0x08002b1f   Thumb Code     2  stm32f10x_it.o(i.UART5_IRQHandler)
    USART1_IRQHandler                        0x08002b21   Thumb Code     2  stm32f10x_it.o(i.USART1_IRQHandler)
    USART2_IRQHandler                        0x08002b23   Thumb Code     2  stm32f10x_it.o(i.USART2_IRQHandler)
    USART3_IRQHandler                        0x08002b25   Thumb Code     2  stm32f10x_it.o(i.USART3_IRQHandler)
    USART_Cmd                                0x08002b27   Thumb Code    24  stm32f10x_usart.o(i.USART_Cmd)
    USART_Config                             0x08002b41   Thumb Code   200  hw_config.o(i.USART_Config)
    USART_Config_Default                     0x08002c15   Thumb Code    50  hw_config.o(i.USART_Config_Default)
    USART_ITConfig                           0x08002c51   Thumb Code    64  stm32f10x_usart.o(i.USART_ITConfig)
    USART_Init                               0x08002c91   Thumb Code   150  stm32f10x_usart.o(i.USART_Init)
    USBWakeUp_IRQHandler                     0x08002d2d   Thumb Code     2  stm32f10x_it.o(i.USBWakeUp_IRQHandler)
    USB_Cable_Config                         0x08002d31   Thumb Code    30  hw_config.o(i.USB_Cable_Config)
    USB_HP_CAN_TX_IRQHandler                 0x08002d55   Thumb Code     2  stm32f10x_it.o(i.USB_HP_CAN_TX_IRQHandler)
    USB_Init                                 0x08002d59   Thumb Code    36  usb_init.o(i.USB_Init)
    USB_Interrupts_Config                    0x08002d95   Thumb Code    58  hw_config.o(i.USB_Interrupts_Config)
    USB_Istr                                 0x08002dd1   Thumb Code    98  usb_istr.o(i.USB_Istr)
    USB_LP_CAN_RX0_IRQHandler                0x08002e49   Thumb Code    22  stm32f10x_it.o(i.USB_LP_CAN_RX0_IRQHandler)
    UserToPMABufferCopy                      0x08002e69   Thumb Code    52  usb_mem.o(i.UserToPMABufferCopy)
    Virtual_Com_Port_Data_Setup              0x08002ea1   Thumb Code    82  usb_prop.o(i.Virtual_Com_Port_Data_Setup)
    Virtual_Com_Port_GetConfigDescriptor     0x08002f05   Thumb Code    14  usb_prop.o(i.Virtual_Com_Port_GetConfigDescriptor)
    Virtual_Com_Port_GetDeviceDescriptor     0x08002f19   Thumb Code    14  usb_prop.o(i.Virtual_Com_Port_GetDeviceDescriptor)
    Virtual_Com_Port_GetLineCoding           0x08002f2d   Thumb Code    20  usb_prop.o(i.Virtual_Com_Port_GetLineCoding)
    Virtual_Com_Port_GetStringDescriptor     0x08002f49   Thumb Code    32  usb_prop.o(i.Virtual_Com_Port_GetStringDescriptor)
    Virtual_Com_Port_Get_Interface_Setting   0x08002f71   Thumb Code    22  usb_prop.o(i.Virtual_Com_Port_Get_Interface_Setting)
    Virtual_Com_Port_NoData_Setup            0x08002f89   Thumb Code    36  usb_prop.o(i.Virtual_Com_Port_NoData_Setup)
    Virtual_Com_Port_Reset                   0x08002fb1   Thumb Code   216  usb_prop.o(i.Virtual_Com_Port_Reset)
    Virtual_Com_Port_SetConfiguration        0x08003099   Thumb Code    14  usb_prop.o(i.Virtual_Com_Port_SetConfiguration)
    Virtual_Com_Port_SetDeviceAddress        0x080030b1   Thumb Code     8  usb_prop.o(i.Virtual_Com_Port_SetDeviceAddress)
    Virtual_Com_Port_SetLineCoding           0x080030bd   Thumb Code    20  usb_prop.o(i.Virtual_Com_Port_SetLineCoding)
    Virtual_Com_Port_Status_In               0x080030d9   Thumb Code    22  usb_prop.o(i.Virtual_Com_Port_Status_In)
    Virtual_Com_Port_Status_Out              0x080030f5   Thumb Code     2  usb_prop.o(i.Virtual_Com_Port_Status_Out)
    Virtual_Com_Port_init                    0x080030f9   Thumb Code    54  usb_prop.o(i.Virtual_Com_Port_init)
    WWDG_IRQHandler                          0x08003145   Thumb Code     2  stm32f10x_it.o(i.WWDG_IRQHandler)
    main                                     0x08003149   Thumb Code    50  main.o(i.main)
    _fp_init                                 0x08003185   Thumb Code    14  fpinit.o(x$fpl$fpinit)
    __fplib_config_pureend_doubles           0x08003191   Thumb Code     0  fpinit.o(x$fpl$fpinit)
    OSUnMapTbl                               0x08003192   Data         256  os_core.o(.constdata)
    Virtual_Com_Port_DeviceDescriptor        0x08003292   Data          18  usb_desc.o(.constdata)
    Virtual_Com_Port_ConfigDescriptor        0x080032a4   Data          67  usb_desc.o(.constdata)
    Virtual_Com_Port_StringLangID            0x080032e7   Data           4  usb_desc.o(.constdata)
    Virtual_Com_Port_StringVendor            0x080032eb   Data          38  usb_desc.o(.constdata)
    Virtual_Com_Port_StringProduct           0x08003311   Data          50  usb_desc.o(.constdata)
    Region$$Table$$Base                      0x08003358   Number         0  anon$$obj.o(Region$$Table)
    Region$$Table$$Limit                     0x08003378   Number         0  anon$$obj.o(Region$$Table)
    g_Uart1Event                             0x20000000   Data           4  task.o(.data)
    g_Uart2Event                             0x20000004   Data           4  task.o(.data)
    g_Uart3Event                             0x20000008   Data           4  task.o(.data)
    g_Uart4Event                             0x2000000c   Data           4  task.o(.data)
    g_SM1Event                               0x20000010   Data           4  task.o(.data)
    g_SM2Event                               0x20000014   Data           4  task.o(.data)
    g_USBRxEvent                             0x20000018   Data           4  task.o(.data)
    g_USBTxEvent                             0x2000001c   Data           4  task.o(.data)
    g_SM1RotateOK                            0x20000020   Data           4  task.o(.data)
    g_SM2RotateOK                            0x20000024   Data           4  task.o(.data)
    g_KEYEvent                               0x20000028   Data           4  task.o(.data)
    g_DDC114Event                            0x2000002c   Data           4  task.o(.data)
    g_u8StartOver                            0x20000030   Data           1  taskinit.o(.data)
    g_u8SoftWdtFreq                          0x20000031   Data           1  stm32f10x_it.o(.data)
    OSCtxSwCtr                               0x20000034   Data           4  os_core.o(.data)
    OSEventFreeList                          0x20000038   Data           4  os_core.o(.data)
    OSFlagFreeList                           0x2000003c   Data           4  os_core.o(.data)
    OSCPUUsage                               0x20000040   Data           1  os_core.o(.data)
    OSIdleCtrMax                             0x20000044   Data           4  os_core.o(.data)
    OSIdleCtrRun                             0x20000048   Data           4  os_core.o(.data)
    OSStatRdy                                0x2000004c   Data           1  os_core.o(.data)
    OSIntNesting                             0x2000004d   Data           1  os_core.o(.data)
    OSLockNesting                            0x2000004e   Data           1  os_core.o(.data)
    OSPrioCur                                0x2000004f   Data           1  os_core.o(.data)
    OSPrioHighRdy                            0x20000050   Data           1  os_core.o(.data)
    OSRdyGrp                                 0x20000051   Data           1  os_core.o(.data)
    OSRdyTbl                                 0x20000052   Data           8  os_core.o(.data)
    OSRunning                                0x2000005a   Data           1  os_core.o(.data)
    OSTaskCtr                                0x2000005b   Data           1  os_core.o(.data)
    OSIdleCtr                                0x2000005c   Data           4  os_core.o(.data)
    OSTCBCur                                 0x20000060   Data           4  os_core.o(.data)
    OSTCBFreeList                            0x20000064   Data           4  os_core.o(.data)
    OSTCBHighRdy                             0x20000068   Data           4  os_core.o(.data)
    OSTCBList                                0x2000006c   Data           4  os_core.o(.data)
    OSTickStepState                          0x20000070   Data           1  os_core.o(.data)
    OSMemFreeList                            0x20000074   Data           4  os_core.o(.data)
    OSQFreeList                              0x20000078   Data           4  os_core.o(.data)
    OSTime                                   0x2000007c   Data           4  os_core.o(.data)
    Virtual_Com_Port_StringSerial            0x20000080   Data          26  usb_desc.o(.data)
    g_USBRxCNT                               0x2000009c   Data           4  usb_endp.o(.data)
    count_in                                 0x200000a0   Data           4  usb_endp.o(.data)
    bIntPackSOF                              0x200000a4   Data           1  usb_istr.o(.data)
    pEpInt_IN                                0x200000a8   Data          28  usb_istr.o(.data)
    pEpInt_OUT                               0x200000c4   Data          28  usb_istr.o(.data)
    wIstr                                    0x200000e0   Data           2  usb_istr.o(.data)
    Request                                  0x200000e4   Data           1  usb_prop.o(.data)
    linecoding                               0x200000e8   Data           8  usb_prop.o(.data)
    Device_Table                             0x200000f0   Data           2  usb_prop.o(.data)
    Device_Property                          0x200000f4   Data          48  usb_prop.o(.data)
    User_Standard_Requests                   0x20000124   Data          36  usb_prop.o(.data)
    Device_Descriptor                        0x20000148   Data           8  usb_prop.o(.data)
    Config_Descriptor                        0x20000150   Data           8  usb_prop.o(.data)
    String_Descriptor                        0x20000158   Data          32  usb_prop.o(.data)
    bDeviceState                             0x20000178   Data           4  usb_pwr.o(.data)
    fSuspendEnabled                          0x2000017c   Data           1  usb_pwr.o(.data)
    ResumeS                                  0x2000017d   Data           2  usb_pwr.o(.data)
    Data_Mul_MaxPacketSize                   0x20000180   Data           1  usb_core.o(.data)
    StatusInfo                               0x20000182   Data           2  usb_core.o(.data)
    EPindex                                  0x20000184   Data           1  usb_init.o(.data)
    pInformation                             0x20000188   Data           4  usb_init.o(.data)
    pProperty                                0x2000018c   Data           4  usb_init.o(.data)
    SaveState                                0x20000190   Data           2  usb_init.o(.data)
    wInterrupt_Mask                          0x20000192   Data           2  usb_init.o(.data)
    pUser_Standard_Requests                  0x20000194   Data           4  usb_init.o(.data)
    SaveRState                               0x20000198   Data           2  usb_int.o(.data)
    SaveTState                               0x2000019a   Data           2  usb_int.o(.data)
    TaskStkStart                             0x2000019c   Data        2048  taskinit.o(.bss)
    OSEventTbl                               0x2000099c   Data        1152  os_core.o(.bss)
    OSFlagTbl                                0x20000e1c   Data         140  os_core.o(.bss)
    OSTaskStatStk                            0x20000ea8   Data         512  os_core.o(.bss)
    OSTaskIdleStk                            0x200010a8   Data         512  os_core.o(.bss)
    OSTCBPrioTbl                             0x200012a8   Data         256  os_core.o(.bss)
    OSTCBTbl                                 0x200013a8   Data        1936  os_core.o(.bss)
    OSMemTbl                                 0x20001b38   Data         180  os_core.o(.bss)
    OSQTbl                                   0x20001bec   Data          96  os_core.o(.bss)
    USART_InitStructure                      0x20001c4c   Data          16  hw_config.o(.bss)
    buffer_in                                0x20001c5c   Data          64  hw_config.o(.bss)
    g_USBRxBuff                              0x20001c9c   Data          64  usb_endp.o(.bss)
    Device_Info                              0x20001cdc   Data          28  usb_init.o(.bss)
    __libspace_start                         0x20001cf8   Data          96  libspace.o(.bss)
    __temporary_stack_top$libspace           0x20001d58   Data           0  libspace.o(.bss)



==============================================================================

Memory Map of the image

  Image Entry point : 0x08000149

  Load Region LR_IROM1 (Base: 0x08000000, Size: 0x00003514, Max: 0x00040000, ABSOLUTE, COMPRESSED[0x000033f4])

    Execution Region ER_IROM1 (Base: 0x08000000, Size: 0x00003378, Max: 0x00040000, ABSOLUTE)

    Base Addr    Size         Type   Attr      Idx    E Section Name        Object

    0x08000000   0x00000148   Code   RO         5192    RESET               stm32f10x_startup.o
    0x08000148   0x00000008   Code   RO         5207  * !!!main             c_w.l(__main.o)(c_w.l)
    0x08000150   0x00000034   Code   RO         5371    !!!scatter          c_w.l(__scatter.o)(c_w.l)
    0x08000184   0x0000005a   Code   RO         5369    !!dczerorl2         c_w.l(__dczerorl2.o)(c_w.l)
    0x080001de   0x00000002   PAD
    0x080001e0   0x0000001c   Code   RO         5373    !!handler_zi        c_w.l(__scatter_zi.o)(c_w.l)
    0x080001fc   0x00000006   Code   RO         5239    .ARM.Collect$$libinit$$00000000  c_w.l(libinit.o)(c_w.l)
    0x08000202   0x00000000   Code   RO         5247    .ARM.Collect$$libinit$$00000006  c_w.l(libinit2.o)(c_w.l)
    0x08000202   0x00000000   Code   RO         5249    .ARM.Collect$$libinit$$00000008  c_w.l(libinit2.o)(c_w.l)
    0x08000202   0x00000000   Code   RO         5251    .ARM.Collect$$libinit$$0000000A  c_w.l(libinit2.o)(c_w.l)
    0x08000202   0x00000000   Code   RO         5254    .ARM.Collect$$libinit$$0000000D  c_w.l(libinit2.o)(c_w.l)
    0x08000202   0x00000000   Code   RO         5256    .ARM.Collect$$libinit$$0000000F  c_w.l(libinit2.o)(c_w.l)
    0x08000202   0x00000000   Code   RO         5258    .ARM.Collect$$libinit$$00000011  c_w.l(libinit2.o)(c_w.l)
    0x08000202   0x00000000   Code   RO         5260    .ARM.Collect$$libinit$$00000013  c_w.l(libinit2.o)(c_w.l)
    0x08000202   0x00000000   Code   RO         5262    .ARM.Collect$$libinit$$00000015  c_w.l(libinit2.o)(c_w.l)
    0x08000202   0x00000000   Code   RO         5264    .ARM.Collect$$libinit$$00000017  c_w.l(libinit2.o)(c_w.l)
    0x08000202   0x00000000   Code   RO         5266    .ARM.Collect$$libinit$$00000019  c_w.l(libinit2.o)(c_w.l)
    0x08000202   0x00000000   Code   RO         5268    .ARM.Collect$$libinit$$0000001B  c_w.l(libinit2.o)(c_w.l)
    0x08000202   0x00000000   Code   RO         5270    .ARM.Collect$$libinit$$0000001D  c_w.l(libinit2.o)(c_w.l)
    0x08000202   0x00000000   Code   RO         5272    .ARM.Collect$$libinit$$0000001F  c_w.l(libinit2.o)(c_w.l)
    0x08000202   0x00000000   Code   RO         5274    .ARM.Collect$$libinit$$00000021  c_w.l(libinit2.o)(c_w.l)
    0x08000202   0x00000000   Code   RO         5278    .ARM.Collect$$libinit$$00000028  c_w.l(libinit2.o)(c_w.l)
    0x08000202   0x00000000   Code   RO         5280    .ARM.Collect$$libinit$$0000002A  c_w.l(libinit2.o)(c_w.l)
    0x08000202   0x00000000   Code   RO         5282    .ARM.Collect$$libinit$$0000002C  c_w.l(libinit2.o)(c_w.l)
    0x08000202   0x00000000   Code   RO         5284    .ARM.Collect$$libinit$$0000002E  c_w.l(libinit2.o)(c_w.l)
    0x08000202   0x00000002   Code   RO         5285    .ARM.Collect$$libinit$$0000002F  c_w.l(libinit2.o)(c_w.l)
    0x08000204   0x00000002   Code   RO         5311    .ARM.Collect$$libshutdown$$00000000  c_w.l(libshutdown.o)(c_w.l)
    0x08000206   0x00000000   Code   RO         5324    .ARM.Collect$$libshutdown$$00000003  c_w.l(libshutdown2.o)(c_w.l)
    0x08000206   0x00000000   Code   RO         5327    .ARM.Collect$$libshutdown$$00000006  c_w.l(libshutdown2.o)(c_w.l)
    0x08000206   0x00000000   Code   RO         5330    .ARM.Collect$$libshutdown$$00000009  c_w.l(libshutdown2.o)(c_w.l)
    0x08000206   0x00000000   Code   RO         5332    .ARM.Collect$$libshutdown$$0000000B  c_w.l(libshutdown2.o)(c_w.l)
    0x08000206   0x00000000   Code   RO         5335    .ARM.Collect$$libshutdown$$0000000E  c_w.l(libshutdown2.o)(c_w.l)
    0x08000206   0x00000002   Code   RO         5336    .ARM.Collect$$libshutdown$$0000000F  c_w.l(libshutdown2.o)(c_w.l)
    0x08000208   0x00000000   Code   RO         5209    .ARM.Collect$$rtentry$$00000000  c_w.l(rtentry.o)(c_w.l)
    0x08000208   0x00000000   Code   RO         5212    .ARM.Collect$$rtentry$$00000002  c_w.l(rtentry2.o)(c_w.l)
    0x08000208   0x00000006   Code   RO         5227    .ARM.Collect$$rtentry$$00000004  c_w.l(rtentry4.o)(c_w.l)
    0x0800020e   0x00000000   Code   RO         5214    .ARM.Collect$$rtentry$$00000009  c_w.l(rtentry2.o)(c_w.l)
    0x0800020e   0x00000004   Code   RO         5215    .ARM.Collect$$rtentry$$0000000A  c_w.l(rtentry2.o)(c_w.l)
    0x08000212   0x00000000   Code   RO         5217    .ARM.Collect$$rtentry$$0000000C  c_w.l(rtentry2.o)(c_w.l)
    0x08000212   0x00000008   Code   RO         5218    .ARM.Collect$$rtentry$$0000000D  c_w.l(rtentry2.o)(c_w.l)
    0x0800021a   0x00000002   Code   RO         5243    .ARM.Collect$$rtexit$$00000000  c_w.l(rtexit.o)(c_w.l)
    0x0800021c   0x00000000   Code   RO         5289    .ARM.Collect$$rtexit$$00000002  c_w.l(rtexit2.o)(c_w.l)
    0x0800021c   0x00000004   Code   RO         5290    .ARM.Collect$$rtexit$$00000003  c_w.l(rtexit2.o)(c_w.l)
    0x08000220   0x00000006   Code   RO         5291    .ARM.Collect$$rtexit$$00000004  c_w.l(rtexit2.o)(c_w.l)
    0x08000226   0x00000002   PAD
    0x08000228   0x000000a8   Code   RO         1617    .text               os_cpu_a.o
    0x080002d0   0x0000001c   Code   RO         5193    .text               stm32f10x_startup.o
    0x080002ec   0x00000006   Code   RO         5205    .text               c_w.l(heapauxi.o)(c_w.l)
    0x080002f2   0x0000004a   Code   RO         5229    .text               c_w.l(sys_stackheap_outer.o)(c_w.l)
    0x0800033c   0x0000000c   Code   RO         5231    .text               c_w.l(exit.o)(c_w.l)
    0x08000348   0x00000008   Code   RO         5240    .text               c_w.l(libspace.o)(c_w.l)
    0x08000350   0x0000000c   Code   RO         5299    .text               c_w.l(rt_fp_status_addr_intlibspace.o)(c_w.l)
    0x0800035c   0x0000000c   Code   RO         5303    .text               c_w.l(sys_exit.o)(c_w.l)
    0x08000368   0x00000002   Code   RO         5314    .text               c_w.l(use_no_semi.o)(c_w.l)
    0x0800036a   0x00000002   Code   RO          462    i.ADC3_IRQHandler   stm32f10x_it.o
    0x0800036c   0x00000002   Code   RO          463    i.ADC_IRQHandler    stm32f10x_it.o
    0x0800036e   0x0000004c   Code   RO          339    i.BSP_Init          bsp.o
    0x080003ba   0x0000000c   Code   RO         2177    i.ByteSwap          usb_regs.o
    0x080003c6   0x00000002   Code   RO          465    i.CAN_RX1_IRQHandler  stm32f10x_it.o
    0x080003c8   0x00000002   Code   RO          466    i.CAN_SCE_IRQHandler  stm32f10x_it.o
    0x080003ca   0x00000002   PAD
    0x080003cc   0x00000330   Code   RO         2130    i.CTR_LP            usb_int.o
    0x080006fc   0x00000038   Code   RO         2178    i.ClearDTOG_RX      usb_regs.o
    0x08000734   0x00000038   Code   RO         2179    i.ClearDTOG_TX      usb_regs.o
    0x0800076c   0x00000024   Code   RO         2184    i.Clear_Status_Out  usb_regs.o
    0x08000790   0x00000002   Code   RO          467    i.DMA2_Channel1_IRQHandler  stm32f10x_it.o
    0x08000792   0x00000002   Code   RO          468    i.DMA2_Channel2_IRQHandler  stm32f10x_it.o
    0x08000794   0x00000002   Code   RO          469    i.DMA2_Channel3_IRQHandler  stm32f10x_it.o
    0x08000796   0x00000002   Code   RO          470    i.DMA2_Channel4_5_IRQHandler  stm32f10x_it.o
    0x08000798   0x00000002   Code   RO          471    i.DMAChannel1_IRQHandler  stm32f10x_it.o
    0x0800079a   0x00000002   Code   RO          472    i.DMAChannel2_IRQHandler  stm32f10x_it.o
    0x0800079c   0x00000002   Code   RO          473    i.DMAChannel3_IRQHandler  stm32f10x_it.o
    0x0800079e   0x00000002   Code   RO          474    i.DMAChannel4_IRQHandler  stm32f10x_it.o
    0x080007a0   0x00000002   Code   RO          475    i.DMAChannel5_IRQHandler  stm32f10x_it.o
    0x080007a2   0x00000002   Code   RO          476    i.DMAChannel6_IRQHandler  stm32f10x_it.o
    0x080007a4   0x00000002   Code   RO          477    i.DMAChannel7_IRQHandler  stm32f10x_it.o
    0x080007a6   0x00000002   PAD
    0x080007a8   0x000000c4   Code   RO         1987    i.DataStageIn       usb_core.o
    0x0800086c   0x000000c0   Code   RO         1988    i.DataStageOut      usb_core.o
    0x0800092c   0x0000028c   Code   RO         1989    i.Data_Setup0       usb_core.o
    0x08000bb8   0x0000000c   Code   RO         1801    i.EP1_IN_Callback   usb_endp.o
    0x08000bc4   0x0000002c   Code   RO         1802    i.EP3_OUT_Callback  usb_endp.o
    0x08000bf0   0x0000000a   Code   RO          479    i.EXTI0_IRQHandler  stm32f10x_it.o
    0x08000bfa   0x00000002   Code   RO          480    i.EXTI15_10_IRQHandler  stm32f10x_it.o
    0x08000bfc   0x00000002   Code   RO          481    i.EXTI1_IRQHandler  stm32f10x_it.o
    0x08000bfe   0x00000002   Code   RO          482    i.EXTI2_IRQHandler  stm32f10x_it.o
    0x08000c00   0x00000002   Code   RO          483    i.EXTI3_IRQHandler  stm32f10x_it.o
    0x08000c02   0x00000002   Code   RO          484    i.EXTI4_IRQHandler  stm32f10x_it.o
    0x08000c04   0x00000002   Code   RO          485    i.EXTI9_5_IRQHandler  stm32f10x_it.o
    0x08000c06   0x00000002   PAD
    0x08000c08   0x0000000c   Code   RO         3048    i.EXTI_ClearITPendingBit  stm32f10x_exti.o
    0x08000c14   0x00000002   Code   RO          486    i.FLASH_IRQHandler  stm32f10x_it.o
    0x08000c16   0x00000002   Code   RO          487    i.FSMC_IRQHandler   stm32f10x_it.o
    0x08000c18   0x00000012   Code   RO         3259    i.GPIO_ReadInputDataBit  stm32f10x_gpio.o
    0x08000c2a   0x00000004   Code   RO         3262    i.GPIO_ResetBits    stm32f10x_gpio.o
    0x08000c2e   0x00000004   Code   RO         3263    i.GPIO_SetBits      stm32f10x_gpio.o
    0x08000c32   0x00000002   PAD
    0x08000c34   0x00000024   Code   RO         2196    i.GetEPRxAddr       usb_regs.o
    0x08000c58   0x00000024   Code   RO         2197    i.GetEPRxCount      usb_regs.o
    0x08000c7c   0x00000020   Code   RO         2199    i.GetEPTxAddr       usb_regs.o
    0x08000c9c   0x00000050   Code   RO         1704    i.Get_SerialNum     hw_config.o
    0x08000cec   0x00000002   Code   RO          489    i.I2C1_ER_IRQHandler  stm32f10x_it.o
    0x08000cee   0x00000002   Code   RO          490    i.I2C1_EV_IRQHandler  stm32f10x_it.o
    0x08000cf0   0x00000002   Code   RO          491    i.I2C2_ER_IRQHandler  stm32f10x_it.o
    0x08000cf2   0x00000002   Code   RO          492    i.I2C2_EV_IRQHandler  stm32f10x_it.o
    0x08000cf4   0x00000070   Code   RO         1990    i.In0_Process       usb_core.o
    0x08000d64   0x00000014   Code   RO          923    i.LEDOFF            common.o
    0x08000d78   0x00000014   Code   RO          924    i.LEDON             common.o
    0x08000d8c   0x00000020   Code   RO          925    i.LEDREV            common.o
    0x08000dac   0x00000002   Code   RO         1991    i.NOP_Process       usb_core.o
    0x08000dae   0x0000009a   Code   RO          420    i.NVIC_Configuration  nvic.o
    0x08000e48   0x000000cc   Code   RO         3581    i.NVIC_Init         stm32f10x_nvic.o
    0x08000f14   0x00000014   Code   RO         3582    i.NVIC_PriorityGroupConfig  stm32f10x_nvic.o
    0x08000f28   0x00000144   Code   RO         1992    i.NoData_Setup0     usb_core.o
    0x0800106c   0x00000030   Code   RO          955    i.OSInit            os_core.o
    0x0800109c   0x00000002   Code   RO         1621    i.OSInitHookBegin   os_cpu_c.o
    0x0800109e   0x00000002   Code   RO         1622    i.OSInitHookEnd     os_cpu_c.o
    0x080010a0   0x00000094   Code   RO          957    i.OSIntExit         os_core.o
    0x08001134   0x0000005e   Code   RO         1454    i.OSSemPost         os_sem.o
    0x08001192   0x00000002   PAD
    0x08001194   0x00000048   Code   RO          960    i.OSStart           os_core.o
    0x080011dc   0x00000002   Code   RO         1623    i.OSTCBInitHook     os_cpu_c.o
    0x080011de   0x00000002   PAD
    0x080011e0   0x000000b8   Code   RO         1504    i.OSTaskCreateExt   os_task.o
    0x08001298   0x00000002   Code   RO         1624    i.OSTaskCreateHook  os_cpu_c.o
    0x0800129a   0x00000002   Code   RO         1626    i.OSTaskIdleHook    os_cpu_c.o
    0x0800129c   0x000000ac   Code   RO         1508    i.OSTaskNameSet     os_task.o
    0x08001348   0x00000002   Code   RO         1627    i.OSTaskStatHook    os_cpu_c.o
    0x0800134a   0x0000009a   Code   RO         1628    i.OSTaskStkInit     os_cpu_c.o
    0x080013e4   0x00000002   Code   RO         1629    i.OSTaskSwHook      os_cpu_c.o
    0x080013e6   0x00000002   PAD
    0x080013e8   0x00000070   Code   RO         1575    i.OSTimeDly         os_time.o
    0x08001458   0x000000a4   Code   RO         1576    i.OSTimeDlyHMSM     os_time.o
    0x080014fc   0x000000f4   Code   RO          962    i.OSTimeTick        os_core.o
    0x080015f0   0x00000002   Code   RO         1630    i.OSTimeTickHook    os_cpu_c.o
    0x080015f2   0x00000002   PAD
    0x080015f4   0x000000dc   Code   RO          966    i.OS_EventTaskRdy   os_core.o
    0x080016d0   0x0000004c   Code   RO         1156    i.OS_FlagInit       os_flag.o
    0x0800171c   0x00000050   Code   RO          969    i.OS_InitEventList  os_core.o
    0x0800176c   0x00000054   Code   RO          970    i.OS_InitMisc       os_core.o
    0x080017c0   0x00000048   Code   RO          971    i.OS_InitRdyList    os_core.o
    0x08001808   0x00000068   Code   RO          972    i.OS_InitTCBList    os_core.o
    0x08001870   0x00000050   Code   RO          973    i.OS_InitTaskIdle   os_core.o
    0x080018c0   0x00000050   Code   RO          974    i.OS_InitTaskStat   os_core.o
    0x08001910   0x00000012   Code   RO          975    i.OS_MemClr         os_core.o
    0x08001922   0x00000002   PAD
    0x08001924   0x0000004c   Code   RO         1288    i.OS_MemInit        os_mem.o
    0x08001970   0x00000038   Code   RO         1387    i.OS_QInit          os_q.o
    0x080019a8   0x00000074   Code   RO          977    i.OS_Sched          os_core.o
    0x08001a1c   0x0000002c   Code   RO          978    i.OS_SchedNew       os_core.o
    0x08001a48   0x0000001c   Code   RO          979    i.OS_StrCopy        os_core.o
    0x08001a64   0x00000014   Code   RO          980    i.OS_StrLen         os_core.o
    0x08001a78   0x0000012c   Code   RO          981    i.OS_TCBInit        os_core.o
    0x08001ba4   0x00000024   Code   RO          982    i.OS_TaskIdle       os_core.o
    0x08001bc8   0x0000008c   Code   RO          983    i.OS_TaskStat       os_core.o
    0x08001c54   0x00000050   Code   RO         1993    i.Out0_Process      usb_core.o
    0x08001ca4   0x00000024   Code   RO         2159    i.PMAToUserBufferCopy  usb_mem.o
    0x08001cc8   0x00000002   Code   RO          495    i.PVD_IRQHandler    stm32f10x_it.o
    0x08001cca   0x00000002   PAD
    0x08001ccc   0x00000048   Code   RO         1994    i.Post0_Process     usb_core.o
    0x08001d14   0x00000050   Code   RO         1946    i.PowerOn           usb_pwr.o
    0x08001d64   0x00000020   Code   RO         3812    i.RCC_AHBPeriphClockCmd  stm32f10x_rcc.o
    0x08001d84   0x00000020   Code   RO         3813    i.RCC_APB1PeriphClockCmd  stm32f10x_rcc.o
    0x08001da4   0x00000020   Code   RO         3814    i.RCC_APB1PeriphResetCmd  stm32f10x_rcc.o
    0x08001dc4   0x00000020   Code   RO         3815    i.RCC_APB2PeriphClockCmd  stm32f10x_rcc.o
    0x08001de4   0x00000020   Code   RO         3816    i.RCC_APB2PeriphResetCmd  stm32f10x_rcc.o
    0x08001e04   0x00000014   Code   RO         3819    i.RCC_ClearFlag     stm32f10x_rcc.o
    0x08001e18   0x000000dc   Code   RO         3823    i.RCC_GetClocksFreq  stm32f10x_rcc.o
    0x08001ef4   0x00000002   Code   RO          497    i.RCC_IRQHandler    stm32f10x_it.o
    0x08001ef6   0x00000002   PAD
    0x08001ef8   0x0000000c   Code   RO         3841    i.RCC_USBCLKConfig  stm32f10x_rcc.o
    0x08001f04   0x00000002   Code   RO          498    i.RTCAlarm_IRQHandler  stm32f10x_it.o
    0x08001f06   0x00000002   PAD
    0x08001f08   0x00000020   Code   RO         5101    i.RTC_ClearITPendingBit  stm32f10x_rtc.o
    0x08001f28   0x0000002c   Code   RO         5107    i.RTC_GetITStatus   stm32f10x_rtc.o
    0x08001f54   0x00000050   Code   RO          499    i.RTC_IRQHandler    stm32f10x_it.o
    0x08001fa4   0x00000014   Code   RO         5112    i.RTC_WaitForLastTask  stm32f10x_rtc.o
    0x08001fb8   0x00000002   Code   RO          500    i.SDIO_IRQHandler   stm32f10x_it.o
    0x08001fba   0x00000002   Code   RO          501    i.SPI1_IRQHandler   stm32f10x_it.o
    0x08001fbc   0x00000002   Code   RO          502    i.SPI2_IRQHandler   stm32f10x_it.o
    0x08001fbe   0x00000002   Code   RO          503    i.SPI3_IRQHandler   stm32f10x_it.o
    0x08001fc0   0x00000010   Code   RO         2207    i.SetBTABLE         usb_regs.o
    0x08001fd0   0x0000004c   Code   RO         1995    i.SetDeviceAddress  usb_core.o
    0x0800201c   0x00000024   Code   RO         2221    i.SetEPRxAddr       usb_regs.o
    0x08002040   0x00000050   Code   RO         2222    i.SetEPRxCount      usb_regs.o
    0x08002090   0x0000003c   Code   RO         2223    i.SetEPRxStatus     usb_regs.o
    0x080020cc   0x0000002c   Code   RO         2224    i.SetEPRxValid      usb_regs.o
    0x080020f8   0x00000020   Code   RO         2225    i.SetEPTxAddr       usb_regs.o
    0x08002118   0x00000020   Code   RO         2226    i.SetEPTxCount      usb_regs.o
    0x08002138   0x0000003c   Code   RO         2227    i.SetEPTxStatus     usb_regs.o
    0x08002174   0x00000024   Code   RO         2229    i.SetEPType         usb_regs.o
    0x08002198   0x00000008   Code   RO          898    i.SetSysClock       system_stm32f10x.o
    0x080021a0   0x000000d0   Code   RO          899    i.SetSysClockTo72   system_stm32f10x.o
    0x08002270   0x000000b0   Code   RO         1996    i.Setup0_Process    usb_core.o
    0x08002320   0x00000160   Code   RO         1997    i.Standard_ClearFeature  usb_core.o
    0x08002480   0x0000002c   Code   RO         1998    i.Standard_GetConfiguration  usb_core.o
    0x080024ac   0x00000024   Code   RO         1999    i.Standard_GetDescriptorData  usb_core.o
    0x080024d0   0x0000002c   Code   RO         2000    i.Standard_GetInterface  usb_core.o
    0x080024fc   0x000000f0   Code   RO         2001    i.Standard_GetStatus  usb_core.o
    0x080025ec   0x00000048   Code   RO         2002    i.Standard_SetConfiguration  usb_core.o
    0x08002634   0x00000028   Code   RO         2003    i.Standard_SetDeviceFeature  usb_core.o
    0x0800265c   0x000000c4   Code   RO         2004    i.Standard_SetEndPointFeature  usb_core.o
    0x08002720   0x0000006c   Code   RO         2005    i.Standard_SetInterface  usb_core.o
    0x0800278c   0x00000002   Code   RO          505    i.SysTickHandler    stm32f10x_it.o
    0x0800278e   0x00000002   PAD
    0x08002790   0x00000054   Code   RO          900    i.SystemInit        system_stm32f10x.o
    0x080027e4   0x00000002   Code   RO          506    i.TAMPER_IRQHandler  stm32f10x_it.o
    0x080027e6   0x00000002   Code   RO          507    i.TIM1_BRK_IRQHandler  stm32f10x_it.o
    0x080027e8   0x00000002   Code   RO          508    i.TIM1_CC_IRQHandler  stm32f10x_it.o
    0x080027ea   0x00000002   Code   RO          509    i.TIM1_TRG_COM_IRQHandler  stm32f10x_it.o
    0x080027ec   0x00000010   Code   RO          510    i.TIM1_UP_IRQHandler  stm32f10x_it.o
    0x080027fc   0x00000048   Code   RO          511    i.TIM2_IRQHandler   stm32f10x_it.o
    0x08002844   0x00000054   Code   RO          512    i.TIM3_IRQHandler   stm32f10x_it.o
    0x08002898   0x00000054   Code   RO          513    i.TIM4_IRQHandler   stm32f10x_it.o
    0x080028ec   0x00000002   Code   RO          514    i.TIM5_IRQHandler   stm32f10x_it.o
    0x080028ee   0x00000002   Code   RO          515    i.TIM6_IRQHandler   stm32f10x_it.o
    0x080028f0   0x00000002   Code   RO          516    i.TIM7_IRQHandler   stm32f10x_it.o
    0x080028f2   0x00000002   Code   RO          517    i.TIM8_BRK_IRQHandler  stm32f10x_it.o
    0x080028f4   0x00000002   Code   RO          518    i.TIM8_CC_IRQHandler  stm32f10x_it.o
    0x080028f6   0x00000002   Code   RO          519    i.TIM8_TRG_COM_IRQHandler  stm32f10x_it.o
    0x080028f8   0x00000010   Code   RO          520    i.TIM8_UP_IRQHandler  stm32f10x_it.o
    0x08002908   0x00000018   Code   RO         4388    i.TIM_ARRPreloadConfig  stm32f10x_tim.o
    0x08002920   0x00000006   Code   RO         4394    i.TIM_ClearFlag     stm32f10x_tim.o
    0x08002926   0x00000006   Code   RO         4395    i.TIM_ClearITPendingBit  stm32f10x_tim.o
    0x0800292c   0x00000018   Code   RO         4400    i.TIM_Cmd           stm32f10x_tim.o
    0x08002944   0x000000e0   Code   RO         4405    i.TIM_DeInit        stm32f10x_tim.o
    0x08002a24   0x00000022   Code   RO         4421    i.TIM_GetITStatus   stm32f10x_tim.o
    0x08002a46   0x00000018   Code   RO         4425    i.TIM_ITConfig      stm32f10x_tim.o
    0x08002a5e   0x00000002   PAD
    0x08002a60   0x0000003c   Code   RO         4471    i.TIM_TimeBaseInit  stm32f10x_tim.o
    0x08002a9c   0x00000030   Code   RO          299    i.TaskStart         taskinit.o
    0x08002acc   0x00000050   Code   RO          886    i.Timer2Init        timer2.o
    0x08002b1c   0x00000002   Code   RO          521    i.UART4_IRQHandler  stm32f10x_it.o
    0x08002b1e   0x00000002   Code   RO          522    i.UART5_IRQHandler  stm32f10x_it.o
    0x08002b20   0x00000002   Code   RO          523    i.USART1_IRQHandler  stm32f10x_it.o
    0x08002b22   0x00000002   Code   RO          524    i.USART2_IRQHandler  stm32f10x_it.o
    0x08002b24   0x00000002   Code   RO          525    i.USART3_IRQHandler  stm32f10x_it.o
    0x08002b26   0x00000018   Code   RO         4936    i.USART_Cmd         stm32f10x_usart.o
    0x08002b3e   0x00000002   PAD
    0x08002b40   0x000000d4   Code   RO         1708    i.USART_Config      hw_config.o
    0x08002c14   0x0000003c   Code   RO         1709    i.USART_Config_Default  hw_config.o
    0x08002c50   0x00000040   Code   RO         4942    i.USART_ITConfig    stm32f10x_usart.o
    0x08002c90   0x0000009c   Code   RO         4943    i.USART_Init        stm32f10x_usart.o
    0x08002d2c   0x00000002   Code   RO          526    i.USBWakeUp_IRQHandler  stm32f10x_it.o
    0x08002d2e   0x00000002   PAD
    0x08002d30   0x00000024   Code   RO         1711    i.USB_Cable_Config  hw_config.o
    0x08002d54   0x00000002   Code   RO          527    i.USB_HP_CAN_TX_IRQHandler  stm32f10x_it.o
    0x08002d56   0x00000002   PAD
    0x08002d58   0x0000003c   Code   RO         2106    i.USB_Init          usb_init.o
    0x08002d94   0x0000003a   Code   RO         1712    i.USB_Interrupts_Config  hw_config.o
    0x08002dce   0x00000002   PAD
    0x08002dd0   0x00000078   Code   RO         1826    i.USB_Istr          usb_istr.o
    0x08002e48   0x00000020   Code   RO          528    i.USB_LP_CAN_RX0_IRQHandler  stm32f10x_it.o
    0x08002e68   0x00000038   Code   RO         2160    i.UserToPMABufferCopy  usb_mem.o
    0x08002ea0   0x00000064   Code   RO         1844    i.Virtual_Com_Port_Data_Setup  usb_prop.o
    0x08002f04   0x00000014   Code   RO         1845    i.Virtual_Com_Port_GetConfigDescriptor  usb_prop.o
    0x08002f18   0x00000014   Code   RO         1846    i.Virtual_Com_Port_GetDeviceDescriptor  usb_prop.o
    0x08002f2c   0x0000001c   Code   RO         1847    i.Virtual_Com_Port_GetLineCoding  usb_prop.o
    0x08002f48   0x00000028   Code   RO         1848    i.Virtual_Com_Port_GetStringDescriptor  usb_prop.o
    0x08002f70   0x00000016   Code   RO         1849    i.Virtual_Com_Port_Get_Interface_Setting  usb_prop.o
    0x08002f86   0x00000002   PAD
    0x08002f88   0x00000028   Code   RO         1850    i.Virtual_Com_Port_NoData_Setup  usb_prop.o
    0x08002fb0   0x000000e8   Code   RO         1851    i.Virtual_Com_Port_Reset  usb_prop.o
    0x08003098   0x00000018   Code   RO         1852    i.Virtual_Com_Port_SetConfiguration  usb_prop.o
    0x080030b0   0x0000000c   Code   RO         1853    i.Virtual_Com_Port_SetDeviceAddress  usb_prop.o
    0x080030bc   0x0000001c   Code   RO         1854    i.Virtual_Com_Port_SetLineCoding  usb_prop.o
    0x080030d8   0x0000001c   Code   RO         1855    i.Virtual_Com_Port_Status_In  usb_prop.o
    0x080030f4   0x00000002   Code   RO         1856    i.Virtual_Com_Port_Status_Out  usb_prop.o
    0x080030f6   0x00000002   PAD
    0x080030f8   0x0000004c   Code   RO         1857    i.Virtual_Com_Port_init  usb_prop.o
    0x08003144   0x00000002   Code   RO          530    i.WWDG_IRQHandler   stm32f10x_it.o
    0x08003146   0x00000002   PAD
    0x08003148   0x0000003c   Code   RO            1    i.main              main.o
    0x08003184   0x0000000e   Code   RO         5286    x$fpl$fpinit        fz_ws.l(fpinit.o)(fz_ws.l)
    0x08003192   0x00000100   Data   RO          985    .constdata          os_core.o
    0x08003292   0x000000b1   Data   RO         1788    .constdata          usb_desc.o
    0x08003343   0x00000014   Data   RO         3843    .constdata          stm32f10x_rcc.o
    0x08003357   0x00000001   PAD
    0x08003358   0x00000020   Data   RO         5367    Region$$Table       anon$$obj.o


    Execution Region RW_IRAM1 (Base: 0x20000000, Size: 0x00002358, Max: 0x0000c000, ABSOLUTE, COMPRESSED[0x0000007c])

    Base Addr    Size         Type   Attr      Idx    E Section Name        Object

    0x20000000   0x00000030   Data   RW          174    .data               task.o
    0x20000030   0x00000001   Data   RW          301    .data               taskinit.o
    0x20000031   0x00000001   Data   RW          531    .data               stm32f10x_it.o
    0x20000032   0x00000002   PAD
    0x20000034   0x0000004c   Data   RW          986    .data               os_core.o
    0x20000080   0x0000001a   Data   RW         1789    .data               usb_desc.o
    0x2000009a   0x00000002   PAD
    0x2000009c   0x00000008   Data   RW         1804    .data               usb_endp.o
    0x200000a4   0x0000003e   Data   RW         1827    .data               usb_istr.o
    0x200000e2   0x00000002   PAD
    0x200000e4   0x00000094   Data   RW         1858    .data               usb_prop.o
    0x20000178   0x00000007   Data   RW         1950    .data               usb_pwr.o
    0x2000017f   0x00000001   PAD
    0x20000180   0x00000004   Data   RW         2006    .data               usb_core.o
    0x20000184   0x00000014   Data   RW         2108    .data               usb_init.o
    0x20000198   0x00000004   Data   RW         2131    .data               usb_int.o
    0x2000019c   0x00000800   Zero   RW          300    .bss                taskinit.o
    0x2000099c   0x000012b0   Zero   RW          984    .bss                os_core.o
    0x20001c4c   0x00000050   Zero   RW         1714    .bss                hw_config.o
    0x20001c9c   0x00000040   Zero   RW         1803    .bss                usb_endp.o
    0x20001cdc   0x0000001c   Zero   RW         2107    .bss                usb_init.o
    0x20001cf8   0x00000060   Zero   RW         5241    .bss                c_w.l(libspace.o)(c_w.l)
    0x20001d58   0x00000200   Zero   RW         5191    HEAP                stm32f10x_startup.o
    0x20001f58   0x00000400   Zero   RW         5190    STACK               stm32f10x_startup.o


==============================================================================

Image component sizes


      Code (inc. data)   RO Data    RW Data    ZI Data      Debug   Object Name

        76          0          0          0          0          0   bsp.o
        72         18          0          0          0          0   common.o
       446         44          0          0         80          0   hw_config.o
        60         10          0          0          0          0   main.o
       154          0          0          0          0          0   nvic.o
      1934        338        256         76       4784          0   os_core.o
       168         40          0          0          0          0   os_cpu_a.o
       170          0          0          0          0          0   os_cpu_c.o
        76          8          0          0          0          0   os_flag.o
        76          8          0          0          0          0   os_mem.o
        56         10          0          0          0          0   os_q.o
        94          0          0          0          0          0   os_sem.o
       356         24          0          0          0          0   os_task.o
       276         20          0          0          0          0   os_time.o
        12          6          0          0          0          0   stm32f10x_exti.o
        26          0          0          0          0          0   stm32f10x_gpio.o
       500         54          0          1          0          0   stm32f10x_it.o
       224         22          0          0          0          0   stm32f10x_nvic.o
       412         70         20          0          0          0   stm32f10x_rcc.o
        96         26          0          0          0          0   stm32f10x_rtc.o
       356        328          0          0       1536          0   stm32f10x_startup.o
       402         20          0          0          0          0   stm32f10x_tim.o
       244          6          0          0          0          0   stm32f10x_usart.o
       300         22          0          0          0          0   system_stm32f10x.o
         0          0          0         48          0          0   task.o
        48          4          0          1       2048          0   taskinit.o
        80          0          0          0          0          0   timer2.o
      3014        278          0          4          0          0   usb_core.o
         0          0        177         26          0          0   usb_desc.o
        56         12          0          8         64          0   usb_endp.o
        60         24          0         20         28          0   usb_init.o
       816         38          0          4          0          0   usb_int.o
       120         22          0         62          0          0   usb_istr.o
        92          8          0          0          0          0   usb_mem.o
       672        116          0        148          0          0   usb_prop.o
        80         16          0          7          0          0   usb_pwr.o
       660        106          0          0          0          0   usb_regs.o

    ----------------------------------------------------------------------
     12326       1698        486        412       8540          0   Object Totals
         0          0         32          0          0          0   (incl. Generated)
        42          0          1          7          0          1   (incl. Padding)

    ----------------------------------------------------------------------

      Code (inc. data)   RO Data    RW Data    ZI Data      Debug   Library Member Name

        90          0          0          0          0          0   __dczerorl2.o
         8          0          0          0          0          0   __main.o
        52          8          0          0          0          0   __scatter.o
        28          0          0          0          0          0   __scatter_zi.o
        12          0          0          0          0          0   exit.o
         6          0          0          0          0          0   heapauxi.o
         6          0          0          0          0          0   libinit.o
         2          0          0          0          0          0   libinit2.o
         2          0          0          0          0          0   libshutdown.o
         2          0          0          0          0          0   libshutdown2.o
         8          4          0          0         96          0   libspace.o
        12          4          0          0          0          0   rt_fp_status_addr_intlibspace.o
         0          0          0          0          0          0   rtentry.o
        12          0          0          0          0          0   rtentry2.o
         6          0          0          0          0          0   rtentry4.o
         2          0          0          0          0          0   rtexit.o
        10          0          0          0          0          0   rtexit2.o
        12          4          0          0          0          0   sys_exit.o
        74          0          0          0          0          0   sys_stackheap_outer.o
         2          0          0          0          0          0   use_no_semi.o
        14          0          0          0          0          0   fpinit.o

    ----------------------------------------------------------------------
       364         20          0          0         96          0   Library Totals
         4          0          0          0          0          0   (incl. Padding)

    ----------------------------------------------------------------------

      Code (inc. data)   RO Data    RW Data    ZI Data      Debug   Library Name

       346         20          0          0         96        640   c_w.l
        14          0          0          0          0         76   fz_ws.l

    ----------------------------------------------------------------------
       364         20          0          0         96          0   Library Totals

    ----------------------------------------------------------------------

==============================================================================


      Code (inc. data)   RO Data    RW Data    ZI Data      Debug   

     12690       1718        486        412       8636     228520   Grand Totals
     12690       1718        486        124       8636     228520   ELF Image Totals (compressed)
     12690       1718        486        124          0          0   ROM Totals

==============================================================================

    Total RO  Size (Code + RO Data)                13176 (  12.87kB)
    Total RW  Size (RW Data + ZI Data)              9048 (   8.84kB)
    Total ROM Size (Code + RO Data + RW Data)      13300 (  12.99kB)

==============================================================================

