<html>
<body>
<pre>
<h1>礦ision Build Log</h1>
<h2>Project:</h2>
E:\04 欧乐科技\20151113 超微量分光光度计\软件程序\KOSPE-CTRL-V2.0 20160411\KOSPE-CTRL-V2.0.uvproj
Project File Date:  04/11/2016

<h2>Output:</h2>
Load "E:\\04 欧乐科技\\20151113 超微量分光光度计\\软件程序\\KOSPE-CTRL-V2.0 20160411\\Output\\KOSPE-CTRL-V2-20160411.axf" 
Set JLink Project File to "E:\04 欧乐科技\20151113 超微量分光光度计\软件程序\KOSPE-CTRL-V2.0 20160411\JLinkSettings.ini"
* JLink Info: Device "STM32F103VC" selected (256 KB flash, 48 KB RAM).
 
JLink info:
------------
DLL: V4.68a, compiled Apr 12 2013 13:26:50
Firmware: J-Link ARM V8 compiled Jul 17 2014 12:31:18
Hardware: V8.00
S/N : 20060125 
Feature(s) : RDI,FlashDL,FlashBP,JFlash,GDBFULL 
 
* JLink Info: Found SWD-DP with ID 0x1BA01477
* JLink Info: Found SWD-DP with ID 0x1BA01477
* JLink Info: TPIU fitted.
* JLink Info: ETM fitted.
* JLink Info: FPUnit: 6 code (BP) slots and 2 literal slots
* JLink Info: Found Cortex-M3 r1p1, Little endian.
ROMTableAddr = 0xE00FF003
 
Target info:
------------
Device: STM32F103VC
VTarget = 3.267V
State of Pins: 
TCK: 0, TDI: 0, TDO: 0, TMS: 1, TRES: 1, TRST: 1
Hardware-Breakpoints: 6
Software-Breakpoints: 8192
Watchpoints:          4
JTAG speed: 2000 kHz
 
Full Chip Erase Done.
Programming Done.
Verify OK.
Application running ...
Rebuild target 'KOSPE-CTRL-V2'
compiling main.c...
Source\Application\src\main.c(48): warning:  #177-D: variable "data" was declared but never referenced
compiling task.c...
compiling dcMotor.c...
compiling bsp.c...
compiling frame.c...
compiling nvic.c...
compiling queue.c...
compiling stm32f10x_it.c...
compiling timer2.c...
compiling system_stm32f10x.c...
compiling common.c...
compiling pcComm.c...
compiling stepMotor.c...
compiling timer3.c...
compiling timer5.c...
compiling temControl.c...
compiling temDriver.c...
compiling adcDriver.c...
compiling eeprom.c...
compiling spi1.c...
compiling absEncoder.c...
compiling spi2.c...
compiling uart1.c...
compiling encrypt.c...
compiling os_core.c...
compiling os_flag.c...
compiling os_mbox.c...
compiling os_mem.c...
compiling os_mutex.c...
compiling os_q.c...
compiling os_sem.c...
compiling os_task.c...
compiling os_time.c...
compiling os_tmr.c...
assembling os_cpu_a.asm...
compiling os_cpu_c.c...
compiling os_dbg.c...
compiling hw_config.c...
compiling usb_desc.c...
compiling usb_endp.c...
compiling usb_istr.c...
compiling usb_prop.c...
compiling usb_pwr.c...
compiling usb_core.c...
compiling usb_init.c...
compiling usb_int.c...
compiling usb_mem.c...
compiling usb_regs.c...
compiling stm32f10x_adc.c...
compiling stm32f10x_bkp.c...
compiling stm32f10x_crc.c...
compiling stm32f10x_dac.c...
compiling stm32f10x_dbgmcu.c...
compiling stm32f10x_dma.c...
compiling stm32f10x_exti.c...
compiling stm32f10x_flash.c...
compiling stm32f10x_gpio.c...
compiling stm32f10x_i2c.c...
compiling stm32f10x_lib.c...
compiling stm32f10x_nvic.c...
compiling stm32f10x_pwr.c...
compiling stm32f10x_rcc.c...
compiling stm32f10x_sdio.c...
compiling stm32f10x_spi.c...
compiling stm32f10x_systick.c...
compiling stm32f10x_tim.c...
compiling stm32f10x_usart.c...
compiling stm32f10x_rtc.c...
assembling stm32f10x_startup.s...
assembling cortexm3_macro.s...
linking...
Program Size: Code=31090 RO-data=494 RW-data=412 ZI-data=29812  
FromELF: creating hex file...
".\Output\KOSPE-CTRL-V2-20160411.axf" - 0 Errors, 1 Warning(s).
Load "E:\\04 欧乐科技\\20151113 超微量分光光度计\\软件程序\\KOSPE-CTRL-V2.0 20160411\\Output\\KOSPE-CTRL-V2-20160411.axf" 
Set JLink Project File to "E:\04 欧乐科技\20151113 超微量分光光度计\软件程序\KOSPE-CTRL-V2.0 20160411\JLinkSettings.ini"
* JLink Info: Device "STM32F103VC" selected (256 KB flash, 48 KB RAM).
 
JLink info:
------------
DLL: V4.68a, compiled Apr 12 2013 13:26:50
Firmware: J-Link ARM V8 compiled Jul 17 2014 12:31:18
Hardware: V8.00
S/N : 20060125 
Feature(s) : RDI,FlashDL,FlashBP,JFlash,GDBFULL 
 
* JLink Info: Found SWD-DP with ID 0x1BA01477
* JLink Info: Found SWD-DP with ID 0x1BA01477
* JLink Info: TPIU fitted.
* JLink Info: ETM fitted.
* JLink Info: FPUnit: 6 code (BP) slots and 2 literal slots
* JLink Info: Found Cortex-M3 r1p1, Little endian.
ROMTableAddr = 0xE00FF003
 
Target info:
------------
Device: STM32F103VC
VTarget = 3.267V
State of Pins: 
TCK: 0, TDI: 0, TDO: 0, TMS: 1, TRES: 1, TRST: 1
Hardware-Breakpoints: 6
Software-Breakpoints: 8192
Watchpoints:          4
JTAG speed: 2000 kHz
 
Full Chip Erase Done.
Programming Failed!
Rebuild target 'KOSPE-CTRL-V2'
compiling main.c...
Source\Application\src\main.c(48): warning:  #177-D: variable "data" was declared but never referenced
compiling task.c...
compiling dcMotor.c...
compiling bsp.c...
compiling frame.c...
compiling nvic.c...
compiling queue.c...
compiling stm32f10x_it.c...
compiling timer2.c...
compiling system_stm32f10x.c...
compiling common.c...
compiling pcComm.c...
compiling stepMotor.c...
compiling timer3.c...
compiling timer5.c...
compiling temControl.c...
compiling temDriver.c...
compiling adcDriver.c...
compiling eeprom.c...
compiling spi1.c...
compiling absEncoder.c...
compiling spi2.c...
compiling uart1.c...
compiling encrypt.c...
compiling os_core.c...
compiling os_flag.c...
compiling os_mbox.c...
compiling os_mem.c...
compiling os_mutex.c...
compiling os_q.c...
compiling os_sem.c...
compiling os_task.c...
compiling os_time.c...
compiling os_tmr.c...
assembling os_cpu_a.asm...
compiling os_cpu_c.c...
compiling os_dbg.c...
compiling hw_config.c...
compiling usb_desc.c...
compiling usb_endp.c...
compiling usb_istr.c...
compiling usb_prop.c...
compiling usb_pwr.c...
compiling usb_core.c...
compiling usb_init.c...
compiling usb_int.c...
compiling usb_mem.c...
compiling usb_regs.c...
compiling stm32f10x_adc.c...
compiling stm32f10x_bkp.c...
compiling stm32f10x_crc.c...
compiling stm32f10x_dac.c...
compiling stm32f10x_dbgmcu.c...
compiling stm32f10x_dma.c...
compiling stm32f10x_exti.c...
compiling stm32f10x_flash.c...
compiling stm32f10x_gpio.c...
compiling stm32f10x_i2c.c...
compiling stm32f10x_lib.c...
compiling stm32f10x_nvic.c...
compiling stm32f10x_pwr.c...
compiling stm32f10x_rcc.c...
compiling stm32f10x_sdio.c...
compiling stm32f10x_spi.c...
compiling stm32f10x_systick.c...
compiling stm32f10x_tim.c...
compiling stm32f10x_usart.c...
compiling stm32f10x_rtc.c...
assembling stm32f10x_startup.s...
assembling cortexm3_macro.s...
linking...
Program Size: Code=30898 RO-data=494 RW-data=412 ZI-data=29812  
FromELF: creating hex file...
".\Output\KOSPE-CTRL-V2-20160411.axf" - 0 Errors, 1 Warning(s).
Rebuild target 'KOSPE-CTRL-V2'
compiling main.c...
Source\Application\src\main.c(48): warning:  #177-D: variable "data" was declared but never referenced
compiling task.c...
compiling dcMotor.c...
compiling bsp.c...
compiling frame.c...
compiling nvic.c...
compiling queue.c...
compiling stm32f10x_it.c...
compiling timer2.c...
compiling system_stm32f10x.c...
compiling common.c...
compiling pcComm.c...
compiling stepMotor.c...
compiling timer3.c...
compiling timer5.c...
compiling temControl.c...
compiling temDriver.c...
compiling adcDriver.c...
compiling eeprom.c...
compiling spi1.c...
compiling absEncoder.c...
compiling spi2.c...
compiling uart1.c...
compiling encrypt.c...
compiling os_core.c...
compiling os_flag.c...
compiling os_mbox.c...
compiling os_mem.c...
compiling os_mutex.c...
compiling os_q.c...
compiling os_sem.c...
compiling os_task.c...
compiling os_time.c...
compiling os_tmr.c...
assembling os_cpu_a.asm...
compiling os_cpu_c.c...
compiling os_dbg.c...
compiling hw_config.c...
compiling usb_desc.c...
compiling usb_endp.c...
compiling usb_istr.c...
compiling usb_prop.c...
compiling usb_pwr.c...
compiling usb_core.c...
compiling usb_init.c...
compiling usb_int.c...
compiling usb_mem.c...
compiling usb_regs.c...
compiling stm32f10x_adc.c...
compiling stm32f10x_bkp.c...
compiling stm32f10x_crc.c...
compiling stm32f10x_dac.c...
compiling stm32f10x_dbgmcu.c...
compiling stm32f10x_dma.c...
compiling stm32f10x_exti.c...
compiling stm32f10x_flash.c...
compiling stm32f10x_gpio.c...
compiling stm32f10x_i2c.c...
compiling stm32f10x_lib.c...
compiling stm32f10x_nvic.c...
compiling stm32f10x_pwr.c...
compiling stm32f10x_rcc.c...
compiling stm32f10x_sdio.c...
compiling stm32f10x_spi.c...
compiling stm32f10x_systick.c...
compiling stm32f10x_tim.c...
compiling stm32f10x_usart.c...
compiling stm32f10x_rtc.c...
assembling stm32f10x_startup.s...
assembling cortexm3_macro.s...
linking...
Program Size: Code=31154 RO-data=494 RW-data=412 ZI-data=29828  
FromELF: creating hex file...
".\Output\KOSPE-CTRL-V2-20160411.axf" - 0 Errors, 1 Warning(s).
Rebuild target 'KOSPE-CTRL-V2'
compiling main.c...
compiling task.c...
compiling dcMotor.c...
compiling bsp.c...
compiling frame.c...
compiling nvic.c...
compiling queue.c...
compiling stm32f10x_it.c...
compiling timer2.c...
compiling system_stm32f10x.c...
compiling common.c...
compiling pcComm.c...
compiling stepMotor.c...
compiling timer3.c...
compiling timer5.c...
compiling temControl.c...
compiling temDriver.c...
compiling adcDriver.c...
compiling eeprom.c...
compiling spi1.c...
compiling absEncoder.c...
compiling spi2.c...
compiling uart1.c...
compiling encrypt.c...
compiling os_core.c...
compiling os_flag.c...
compiling os_mbox.c...
compiling os_mem.c...
compiling os_mutex.c...
compiling os_q.c...
compiling os_sem.c...
compiling os_task.c...
compiling os_time.c...
compiling os_tmr.c...
assembling os_cpu_a.asm...
compiling os_cpu_c.c...
compiling os_dbg.c...
compiling hw_config.c...
compiling usb_desc.c...
compiling usb_endp.c...
compiling usb_istr.c...
compiling usb_prop.c...
compiling usb_pwr.c...
compiling usb_core.c...
compiling usb_init.c...
compiling usb_int.c...
compiling usb_mem.c...
compiling usb_regs.c...
compiling stm32f10x_adc.c...
compiling stm32f10x_bkp.c...
compiling stm32f10x_crc.c...
compiling stm32f10x_dac.c...
compiling stm32f10x_dbgmcu.c...
compiling stm32f10x_dma.c...
compiling stm32f10x_exti.c...
compiling stm32f10x_flash.c...
compiling stm32f10x_gpio.c...
compiling stm32f10x_i2c.c...
compiling stm32f10x_lib.c...
compiling stm32f10x_nvic.c...
compiling stm32f10x_pwr.c...
compiling stm32f10x_rcc.c...
compiling stm32f10x_sdio.c...
compiling stm32f10x_spi.c...
compiling stm32f10x_systick.c...
compiling stm32f10x_tim.c...
compiling stm32f10x_usart.c...
compiling stm32f10x_rtc.c...
assembling stm32f10x_startup.s...
assembling cortexm3_macro.s...
linking...
Program Size: Code=31254 RO-data=494 RW-data=412 ZI-data=29828  
FromELF: creating hex file...
".\Output\KOSPE-CTRL-V2-20160411.axf" - 0 Errors, 0 Warning(s).
Rebuild target 'KOSPE-CTRL-V2'
compiling main.c...
compiling task.c...
compiling dcMotor.c...
compiling bsp.c...
compiling frame.c...
compiling nvic.c...
compiling queue.c...
compiling stm32f10x_it.c...
compiling timer2.c...
compiling system_stm32f10x.c...
compiling common.c...
compiling pcComm.c...
compiling stepMotor.c...
compiling timer3.c...
compiling timer5.c...
compiling temControl.c...
compiling temDriver.c...
compiling adcDriver.c...
compiling eeprom.c...
compiling spi1.c...
compiling absEncoder.c...
compiling spi2.c...
compiling uart1.c...
compiling encrypt.c...
compiling os_core.c...
compiling os_flag.c...
compiling os_mbox.c...
compiling os_mem.c...
compiling os_mutex.c...
compiling os_q.c...
compiling os_sem.c...
compiling os_task.c...
compiling os_time.c...
compiling os_tmr.c...
assembling os_cpu_a.asm...
compiling os_cpu_c.c...
compiling os_dbg.c...
compiling hw_config.c...
compiling usb_desc.c...
compiling usb_endp.c...
compiling usb_istr.c...
compiling usb_prop.c...
compiling usb_pwr.c...
compiling usb_core.c...
compiling usb_init.c...
compiling usb_int.c...
compiling usb_mem.c...
compiling usb_regs.c...
compiling stm32f10x_adc.c...
compiling stm32f10x_bkp.c...
compiling stm32f10x_crc.c...
compiling stm32f10x_dac.c...
compiling stm32f10x_dbgmcu.c...
compiling stm32f10x_dma.c...
compiling stm32f10x_exti.c...
compiling stm32f10x_flash.c...
compiling stm32f10x_gpio.c...
compiling stm32f10x_i2c.c...
compiling stm32f10x_lib.c...
compiling stm32f10x_nvic.c...
compiling stm32f10x_pwr.c...
compiling stm32f10x_rcc.c...
compiling stm32f10x_sdio.c...
compiling stm32f10x_spi.c...
compiling stm32f10x_systick.c...
compiling stm32f10x_tim.c...
compiling stm32f10x_usart.c...
compiling stm32f10x_rtc.c...
assembling stm32f10x_startup.s...
assembling cortexm3_macro.s...
linking...
Program Size: Code=31254 RO-data=494 RW-data=412 ZI-data=29828  
FromELF: creating hex file...
".\Output\KOSPE-CTRL-V2-20160411.axf" - 0 Errors, 0 Warning(s).
Load "E:\\04 欧乐科技\\20151113 超微量分光光度计\\软件程序\\KOSPE-CTRL-V2.0 20160411\\Output\\KOSPE-CTRL-V2-20160411.axf" 
Set JLink Project File to "E:\04 欧乐科技\20151113 超微量分光光度计\软件程序\KOSPE-CTRL-V2.0 20160411\JLinkSettings.ini"
* JLink Info: Device "STM32F103VC" selected (256 KB flash, 48 KB RAM).
 
JLink info:
------------
DLL: V4.68a, compiled Apr 12 2013 13:26:50
Firmware: J-Link ARM V8 compiled Jul 17 2014 12:31:18
Hardware: V8.00
S/N : 20060125 
Feature(s) : RDI,FlashDL,FlashBP,JFlash,GDBFULL 
 
* JLink Info: Found SWD-DP with ID 0x1BA01477
* JLink Info: Found SWD-DP with ID 0x1BA01477
* JLink Info: TPIU fitted.
* JLink Info: ETM fitted.
* JLink Info: FPUnit: 6 code (BP) slots and 2 literal slots
* JLink Info: Found Cortex-M3 r1p1, Little endian.
ROMTableAddr = 0xE00FF003
 
Target info:
------------
Device: STM32F103VC
VTarget = 3.267V
State of Pins: 
TCK: 0, TDI: 0, TDO: 0, TMS: 1, TRES: 1, TRST: 1
Hardware-Breakpoints: 6
Software-Breakpoints: 8192
Watchpoints:          4
JTAG speed: 2000 kHz
 
Full Chip Erase Done.
Programming Failed!
Rebuild target 'KOSPE-CTRL-V2'
compiling main.c...
compiling task.c...
compiling dcMotor.c...
compiling bsp.c...
compiling frame.c...
compiling nvic.c...
compiling queue.c...
compiling stm32f10x_it.c...
compiling timer2.c...
compiling system_stm32f10x.c...
compiling common.c...
compiling pcComm.c...
compiling stepMotor.c...
compiling timer3.c...
compiling timer5.c...
compiling temControl.c...
compiling temDriver.c...
compiling adcDriver.c...
compiling eeprom.c...
compiling spi1.c...
compiling absEncoder.c...
compiling spi2.c...
compiling uart1.c...
compiling encrypt.c...
compiling os_core.c...
compiling os_flag.c...
compiling os_mbox.c...
compiling os_mem.c...
compiling os_mutex.c...
compiling os_q.c...
compiling os_sem.c...
compiling os_task.c...
compiling os_time.c...
compiling os_tmr.c...
assembling os_cpu_a.asm...
compiling os_cpu_c.c...
compiling os_dbg.c...
compiling hw_config.c...
compiling usb_desc.c...
compiling usb_endp.c...
compiling usb_istr.c...
compiling usb_prop.c...
compiling usb_pwr.c...
compiling usb_core.c...
compiling usb_init.c...
compiling usb_int.c...
compiling usb_mem.c...
compiling usb_regs.c...
compiling stm32f10x_adc.c...
compiling stm32f10x_bkp.c...
compiling stm32f10x_crc.c...
compiling stm32f10x_dac.c...
compiling stm32f10x_dbgmcu.c...
compiling stm32f10x_dma.c...
compiling stm32f10x_exti.c...
compiling stm32f10x_flash.c...
compiling stm32f10x_gpio.c...
compiling stm32f10x_i2c.c...
compiling stm32f10x_lib.c...
compiling stm32f10x_nvic.c...
compiling stm32f10x_pwr.c...
compiling stm32f10x_rcc.c...
compiling stm32f10x_sdio.c...
compiling stm32f10x_spi.c...
compiling stm32f10x_systick.c...
compiling stm32f10x_tim.c...
compiling stm32f10x_usart.c...
compiling stm32f10x_rtc.c...
assembling stm32f10x_startup.s...
assembling cortexm3_macro.s...
linking...
Program Size: Code=31254 RO-data=494 RW-data=412 ZI-data=29828  
FromELF: creating hex file...
".\Output\KOSPE-CTRL-V2-20160411.axf" - 0 Errors, 0 Warning(s).
Load "E:\\04 欧乐科技\\20151113 超微量分光光度计\\软件程序\\KOSPE-CTRL-V2.0 20160411\\Output\\KOSPE-CTRL-V2-20160411.axf" 
Set JLink Project File to "E:\04 欧乐科技\20151113 超微量分光光度计\软件程序\KOSPE-CTRL-V2.0 20160411\JLinkSettings.ini"
* JLink Info: Device "STM32F103VC" selected (256 KB flash, 48 KB RAM).
 
JLink info:
------------
DLL: V4.68a, compiled Apr 12 2013 13:26:50
Firmware: J-Link ARM V8 compiled Jul 17 2014 12:31:18
Hardware: V8.00
S/N : 20060125 
Feature(s) : RDI,FlashDL,FlashBP,JFlash,GDBFULL 
 
* JLink Info: Found SWD-DP with ID 0x1BA01477
* JLink Info: Found SWD-DP with ID 0x1BA01477
* JLink Info: TPIU fitted.
* JLink Info: ETM fitted.
* JLink Info: FPUnit: 6 code (BP) slots and 2 literal slots
* JLink Info: Found Cortex-M3 r1p1, Little endian.
ROMTableAddr = 0xE00FF003
 
Target info:
------------
Device: STM32F103VC
VTarget = 3.267V
State of Pins: 
TCK: 0, TDI: 0, TDO: 0, TMS: 1, TRES: 1, TRST: 1
Hardware-Breakpoints: 6
Software-Breakpoints: 8192
Watchpoints:          4
JTAG speed: 2000 kHz
 
Full Chip Erase Done.
Programming Failed!
Load "E:\\04 欧乐科技\\20151113 超微量分光光度计\\软件程序\\KOSPE-CTRL-V2.0 20160411\\Output\\KOSPE-CTRL-V2-20160411.axf" 
Set JLink Project File to "E:\04 欧乐科技\20151113 超微量分光光度计\软件程序\KOSPE-CTRL-V2.0 20160411\JLinkSettings.ini"
* JLink Info: Device "STM32F103VC" selected (256 KB flash, 48 KB RAM).
 
JLink info:
------------
DLL: V4.68a, compiled Apr 12 2013 13:26:50
Firmware: J-Link ARM V8 compiled Jul 17 2014 12:31:18
Hardware: V8.00
S/N : 20060125 
Feature(s) : RDI,FlashDL,FlashBP,JFlash,GDBFULL 
 
* JLink Info: Found SWD-DP with ID 0x1BA01477
* JLink Info: Found SWD-DP with ID 0x1BA01477
* JLink Info: TPIU fitted.
* JLink Info: ETM fitted.
* JLink Info: FPUnit: 6 code (BP) slots and 2 literal slots
* JLink Info: Found Cortex-M3 r1p1, Little endian.
ROMTableAddr = 0xE00FF003
 
Target info:
------------
Device: STM32F103VC
VTarget = 3.267V
State of Pins: 
TCK: 0, TDI: 0, TDO: 0, TMS: 1, TRES: 1, TRST: 1
Hardware-Breakpoints: 6
Software-Breakpoints: 8192
Watchpoints:          4
JTAG speed: 2000 kHz
 
Full Chip Erase Done.
Programming Done.
Verify OK.
Application running ...
Rebuild target 'KOSPE-CTRL-V2'
compiling main.c...
compiling task.c...
compiling dcMotor.c...
compiling bsp.c...
compiling frame.c...
compiling nvic.c...
compiling queue.c...
compiling stm32f10x_it.c...
compiling timer2.c...
compiling system_stm32f10x.c...
compiling common.c...
compiling pcComm.c...
compiling stepMotor.c...
compiling timer3.c...
compiling timer5.c...
compiling temControl.c...
compiling temDriver.c...
compiling adcDriver.c...
compiling eeprom.c...
compiling spi1.c...
compiling absEncoder.c...
compiling spi2.c...
compiling uart1.c...
compiling encrypt.c...
compiling os_core.c...
compiling os_flag.c...
compiling os_mbox.c...
compiling os_mem.c...
compiling os_mutex.c...
compiling os_q.c...
compiling os_sem.c...
compiling os_task.c...
compiling os_time.c...
compiling os_tmr.c...
assembling os_cpu_a.asm...
compiling os_cpu_c.c...
compiling os_dbg.c...
compiling hw_config.c...
compiling usb_desc.c...
compiling usb_endp.c...
compiling usb_istr.c...
compiling usb_prop.c...
compiling usb_pwr.c...
compiling usb_core.c...
compiling usb_init.c...
compiling usb_int.c...
compiling usb_mem.c...
compiling usb_regs.c...
compiling stm32f10x_adc.c...
compiling stm32f10x_bkp.c...
compiling stm32f10x_crc.c...
compiling stm32f10x_dac.c...
compiling stm32f10x_dbgmcu.c...
compiling stm32f10x_dma.c...
compiling stm32f10x_exti.c...
compiling stm32f10x_flash.c...
compiling stm32f10x_gpio.c...
compiling stm32f10x_i2c.c...
compiling stm32f10x_lib.c...
compiling stm32f10x_nvic.c...
compiling stm32f10x_pwr.c...
compiling stm32f10x_rcc.c...
compiling stm32f10x_sdio.c...
compiling stm32f10x_spi.c...
compiling stm32f10x_systick.c...
compiling stm32f10x_tim.c...
compiling stm32f10x_usart.c...
compiling stm32f10x_rtc.c...
assembling stm32f10x_startup.s...
assembling cortexm3_macro.s...
linking...
Program Size: Code=31258 RO-data=494 RW-data=412 ZI-data=29828  
FromELF: creating hex file...
".\Output\KOSPE-CTRL-V2-20160411.axf" - 0 Errors, 0 Warning(s).
Load "E:\\04 欧乐科技\\20151113 超微量分光光度计\\软件程序\\KOSPE-CTRL-V2.0 20160411\\Output\\KOSPE-CTRL-V2-20160411.axf" 
Set JLink Project File to "E:\04 欧乐科技\20151113 超微量分光光度计\软件程序\KOSPE-CTRL-V2.0 20160411\JLinkSettings.ini"
* JLink Info: Device "STM32F103VC" selected (256 KB flash, 48 KB RAM).
 
JLink info:
------------
DLL: V4.68a, compiled Apr 12 2013 13:26:50
Firmware: J-Link ARM V8 compiled Jul 17 2014 12:31:18
Hardware: V8.00
S/N : 20060125 
Feature(s) : RDI,FlashDL,FlashBP,JFlash,GDBFULL 
 
* JLink Info: Found SWD-DP with ID 0x1BA01477
* JLink Info: Found SWD-DP with ID 0x1BA01477
* JLink Info: TPIU fitted.
* JLink Info: ETM fitted.
* JLink Info: FPUnit: 6 code (BP) slots and 2 literal slots
* JLink Info: Found Cortex-M3 r1p1, Little endian.
ROMTableAddr = 0xE00FF003
 
Target info:
------------
Device: STM32F103VC
VTarget = 3.261V
State of Pins: 
TCK: 0, TDI: 0, TDO: 0, TMS: 1, TRES: 1, TRST: 1
Hardware-Breakpoints: 6
Software-Breakpoints: 8192
Watchpoints:          4
JTAG speed: 2000 kHz
 
Full Chip Erase Done.
Programming Done.
Verify OK.
Application running ...
Rebuild target 'KOSPE-CTRL-V2'
compiling main.c...
compiling task.c...
compiling dcMotor.c...
compiling bsp.c...
compiling frame.c...
compiling nvic.c...
compiling queue.c...
compiling stm32f10x_it.c...
compiling timer2.c...
compiling system_stm32f10x.c...
compiling common.c...
compiling pcComm.c...
compiling stepMotor.c...
compiling timer3.c...
compiling timer5.c...
compiling temControl.c...
compiling temDriver.c...
compiling adcDriver.c...
compiling eeprom.c...
compiling spi1.c...
compiling absEncoder.c...
compiling spi2.c...
compiling uart1.c...
compiling encrypt.c...
compiling os_core.c...
compiling os_flag.c...
compiling os_mbox.c...
compiling os_mem.c...
compiling os_mutex.c...
compiling os_q.c...
compiling os_sem.c...
compiling os_task.c...
compiling os_time.c...
compiling os_tmr.c...
assembling os_cpu_a.asm...
compiling os_cpu_c.c...
compiling os_dbg.c...
compiling hw_config.c...
compiling usb_desc.c...
compiling usb_endp.c...
compiling usb_istr.c...
compiling usb_prop.c...
compiling usb_pwr.c...
compiling usb_core.c...
compiling usb_init.c...
compiling usb_int.c...
compiling usb_mem.c...
compiling usb_regs.c...
compiling stm32f10x_adc.c...
compiling stm32f10x_bkp.c...
compiling stm32f10x_crc.c...
compiling stm32f10x_dac.c...
compiling stm32f10x_dbgmcu.c...
compiling stm32f10x_dma.c...
compiling stm32f10x_exti.c...
compiling stm32f10x_flash.c...
compiling stm32f10x_gpio.c...
compiling stm32f10x_i2c.c...
compiling stm32f10x_lib.c...
compiling stm32f10x_nvic.c...
compiling stm32f10x_pwr.c...
compiling stm32f10x_rcc.c...
compiling stm32f10x_sdio.c...
compiling stm32f10x_spi.c...
compiling stm32f10x_systick.c...
compiling stm32f10x_tim.c...
compiling stm32f10x_usart.c...
compiling stm32f10x_rtc.c...
assembling stm32f10x_startup.s...
assembling cortexm3_macro.s...
linking...
Program Size: Code=31378 RO-data=494 RW-data=412 ZI-data=29828  
FromELF: creating hex file...
".\Output\KOSPE-CTRL-V2-20160411.axf" - 0 Errors, 0 Warning(s).
Load "E:\\04 欧乐科技\\20151113 超微量分光光度计\\软件程序\\KOSPE-CTRL-V2.0 20160411\\Output\\KOSPE-CTRL-V2-20160411.axf" 
Set JLink Project File to "E:\04 欧乐科技\20151113 超微量分光光度计\软件程序\KOSPE-CTRL-V2.0 20160411\JLinkSettings.ini"
* JLink Info: Device "STM32F103VC" selected (256 KB flash, 48 KB RAM).
 
JLink info:
------------
DLL: V4.68a, compiled Apr 12 2013 13:26:50
Firmware: J-Link ARM V8 compiled Jul 17 2014 12:31:18
Hardware: V8.00
S/N : 20060125 
Feature(s) : RDI,FlashDL,FlashBP,JFlash,GDBFULL 
 
* JLink Info: Found SWD-DP with ID 0x1BA01477
* JLink Info: Found SWD-DP with ID 0x1BA01477
* JLink Info: TPIU fitted.
* JLink Info: ETM fitted.
* JLink Info: FPUnit: 6 code (BP) slots and 2 literal slots
* JLink Info: Found Cortex-M3 r1p1, Little endian.
ROMTableAddr = 0xE00FF003
 
Target info:
------------
Device: STM32F103VC
VTarget = 3.267V
State of Pins: 
TCK: 0, TDI: 0, TDO: 0, TMS: 1, TRES: 1, TRST: 1
Hardware-Breakpoints: 6
Software-Breakpoints: 8192
Watchpoints:          4
JTAG speed: 2000 kHz
 
Full Chip Erase Done.
Programming Done.
Verify OK.
Application running ...
Rebuild target 'KOSPE-CTRL-V2'
compiling main.c...
compiling task.c...
compiling dcMotor.c...
compiling bsp.c...
compiling frame.c...
compiling nvic.c...
compiling queue.c...
compiling stm32f10x_it.c...
compiling timer2.c...
compiling system_stm32f10x.c...
compiling common.c...
compiling pcComm.c...
compiling stepMotor.c...
compiling timer3.c...
compiling timer5.c...
compiling temControl.c...
compiling temDriver.c...
compiling adcDriver.c...
compiling eeprom.c...
compiling spi1.c...
compiling absEncoder.c...
compiling spi2.c...
compiling uart1.c...
compiling encrypt.c...
compiling os_core.c...
compiling os_flag.c...
compiling os_mbox.c...
compiling os_mem.c...
compiling os_mutex.c...
compiling os_q.c...
compiling os_sem.c...
compiling os_task.c...
compiling os_time.c...
compiling os_tmr.c...
assembling os_cpu_a.asm...
compiling os_cpu_c.c...
compiling os_dbg.c...
compiling hw_config.c...
compiling usb_desc.c...
compiling usb_endp.c...
compiling usb_istr.c...
compiling usb_prop.c...
compiling usb_pwr.c...
compiling usb_core.c...
compiling usb_init.c...
compiling usb_int.c...
compiling usb_mem.c...
compiling usb_regs.c...
compiling stm32f10x_adc.c...
compiling stm32f10x_bkp.c...
compiling stm32f10x_crc.c...
compiling stm32f10x_dac.c...
compiling stm32f10x_dbgmcu.c...
compiling stm32f10x_dma.c...
compiling stm32f10x_exti.c...
compiling stm32f10x_flash.c...
compiling stm32f10x_gpio.c...
compiling stm32f10x_i2c.c...
compiling stm32f10x_lib.c...
compiling stm32f10x_nvic.c...
compiling stm32f10x_pwr.c...
compiling stm32f10x_rcc.c...
compiling stm32f10x_sdio.c...
compiling stm32f10x_spi.c...
compiling stm32f10x_systick.c...
compiling stm32f10x_tim.c...
compiling stm32f10x_usart.c...
compiling stm32f10x_rtc.c...
assembling stm32f10x_startup.s...
assembling cortexm3_macro.s...
linking...
Program Size: Code=31378 RO-data=494 RW-data=412 ZI-data=29828  
FromELF: creating hex file...
".\Output\KOSPE-CTRL-V2-20160411.axf" - 0 Errors, 0 Warning(s).
Load "E:\\04 欧乐科技\\20151113 超微量分光光度计\\软件程序\\KOSPE-CTRL-V2.0 20160411\\Output\\KOSPE-CTRL-V2-20160411.axf" 
Set JLink Project File to "E:\04 欧乐科技\20151113 超微量分光光度计\软件程序\KOSPE-CTRL-V2.0 20160411\JLinkSettings.ini"
* JLink Info: Device "STM32F103VC" selected (256 KB flash, 48 KB RAM).
 
JLink info:
------------
DLL: V4.68a, compiled Apr 12 2013 13:26:50
Firmware: J-Link ARM V8 compiled Jul 17 2014 12:31:18
Hardware: V8.00
S/N : 20060125 
Feature(s) : RDI,FlashDL,FlashBP,JFlash,GDBFULL 
 
* JLink Info: Found SWD-DP with ID 0x1BA01477
* JLink Info: Found SWD-DP with ID 0x1BA01477
* JLink Info: TPIU fitted.
* JLink Info: ETM fitted.
* JLink Info: FPUnit: 6 code (BP) slots and 2 literal slots
* JLink Info: Found Cortex-M3 r1p1, Little endian.
ROMTableAddr = 0xE00FF003
 
Target info:
------------
Device: STM32F103VC
VTarget = 3.267V
State of Pins: 
TCK: 0, TDI: 0, TDO: 0, TMS: 1, TRES: 1, TRST: 1
Hardware-Breakpoints: 6
Software-Breakpoints: 8192
Watchpoints:          4
JTAG speed: 2000 kHz
 
Full Chip Erase Done.
Programming Done.
Verify OK.
Application running ...
Rebuild target 'KOSPE-CTRL-V2'
compiling main.c...
compiling task.c...
compiling dcMotor.c...
compiling bsp.c...
compiling frame.c...
compiling nvic.c...
compiling queue.c...
compiling stm32f10x_it.c...
compiling timer2.c...
compiling system_stm32f10x.c...
compiling common.c...
compiling pcComm.c...
compiling stepMotor.c...
compiling timer3.c...
compiling timer5.c...
compiling temControl.c...
compiling temDriver.c...
compiling adcDriver.c...
compiling eeprom.c...
compiling spi1.c...
compiling absEncoder.c...
compiling spi2.c...
compiling uart1.c...
compiling encrypt.c...
compiling os_core.c...
compiling os_flag.c...
compiling os_mbox.c...
compiling os_mem.c...
compiling os_mutex.c...
compiling os_q.c...
compiling os_sem.c...
compiling os_task.c...
compiling os_time.c...
compiling os_tmr.c...
assembling os_cpu_a.asm...
compiling os_cpu_c.c...
compiling os_dbg.c...
compiling hw_config.c...
compiling usb_desc.c...
compiling usb_endp.c...
compiling usb_istr.c...
compiling usb_prop.c...
compiling usb_pwr.c...
compiling usb_core.c...
compiling usb_init.c...
compiling usb_int.c...
compiling usb_mem.c...
compiling usb_regs.c...
compiling stm32f10x_adc.c...
compiling stm32f10x_bkp.c...
compiling stm32f10x_crc.c...
compiling stm32f10x_dac.c...
compiling stm32f10x_dbgmcu.c...
compiling stm32f10x_dma.c...
compiling stm32f10x_exti.c...
compiling stm32f10x_flash.c...
compiling stm32f10x_gpio.c...
compiling stm32f10x_i2c.c...
compiling stm32f10x_lib.c...
compiling stm32f10x_nvic.c...
compiling stm32f10x_pwr.c...
compiling stm32f10x_rcc.c...
compiling stm32f10x_sdio.c...
compiling stm32f10x_spi.c...
compiling stm32f10x_systick.c...
compiling stm32f10x_tim.c...
compiling stm32f10x_usart.c...
compiling stm32f10x_rtc.c...
assembling stm32f10x_startup.s...
assembling cortexm3_macro.s...
linking...
Program Size: Code=31394 RO-data=494 RW-data=412 ZI-data=29828  
FromELF: creating hex file...
".\Output\KOSPE-CTRL-V2-20160411.axf" - 0 Errors, 0 Warning(s).
Load "E:\\04 欧乐科技\\20151113 超微量分光光度计\\软件程序\\KOSPE-CTRL-V2.0 20160411\\Output\\KOSPE-CTRL-V2-20160411.axf" 
Set JLink Project File to "E:\04 欧乐科技\20151113 超微量分光光度计\软件程序\KOSPE-CTRL-V2.0 20160411\JLinkSettings.ini"
* JLink Info: Device "STM32F103VC" selected (256 KB flash, 48 KB RAM).
 
JLink info:
------------
DLL: V4.68a, compiled Apr 12 2013 13:26:50
Firmware: J-Link ARM V8 compiled Jul 17 2014 12:31:18
Hardware: V8.00
S/N : 20060125 
Feature(s) : RDI,FlashDL,FlashBP,JFlash,GDBFULL 
 
* JLink Info: Found SWD-DP with ID 0x1BA01477
* JLink Info: Found SWD-DP with ID 0x1BA01477
* JLink Info: TPIU fitted.
* JLink Info: ETM fitted.
* JLink Info: FPUnit: 6 code (BP) slots and 2 literal slots
* JLink Info: Found Cortex-M3 r1p1, Little endian.
ROMTableAddr = 0xE00FF003
 
Target info:
------------
Device: STM32F103VC
VTarget = 3.267V
State of Pins: 
TCK: 0, TDI: 0, TDO: 0, TMS: 1, TRES: 1, TRST: 1
Hardware-Breakpoints: 6
Software-Breakpoints: 8192
Watchpoints:          4
JTAG speed: 2000 kHz
 
Full Chip Erase Done.
Programming Done.
Verify OK.
Application running ...
Rebuild target 'KOSPE-CTRL-V2'
compiling main.c...
compiling task.c...
compiling dcMotor.c...
compiling bsp.c...
compiling frame.c...
compiling nvic.c...
compiling queue.c...
compiling stm32f10x_it.c...
compiling timer2.c...
compiling system_stm32f10x.c...
compiling common.c...
compiling pcComm.c...
compiling stepMotor.c...
compiling timer3.c...
compiling timer5.c...
compiling temControl.c...
compiling temDriver.c...
compiling adcDriver.c...
compiling eeprom.c...
compiling spi1.c...
compiling absEncoder.c...
compiling spi2.c...
compiling uart1.c...
compiling encrypt.c...
compiling os_core.c...
compiling os_flag.c...
compiling os_mbox.c...
compiling os_mem.c...
compiling os_mutex.c...
compiling os_q.c...
compiling os_sem.c...
compiling os_task.c...
compiling os_time.c...
compiling os_tmr.c...
assembling os_cpu_a.asm...
compiling os_cpu_c.c...
compiling os_dbg.c...
compiling hw_config.c...
compiling usb_desc.c...
compiling usb_endp.c...
compiling usb_istr.c...
compiling usb_prop.c...
compiling usb_pwr.c...
compiling usb_core.c...
compiling usb_init.c...
compiling usb_int.c...
compiling usb_mem.c...
compiling usb_regs.c...
compiling stm32f10x_adc.c...
compiling stm32f10x_bkp.c...
compiling stm32f10x_crc.c...
compiling stm32f10x_dac.c...
compiling stm32f10x_dbgmcu.c...
compiling stm32f10x_dma.c...
compiling stm32f10x_exti.c...
compiling stm32f10x_flash.c...
compiling stm32f10x_gpio.c...
compiling stm32f10x_i2c.c...
compiling stm32f10x_lib.c...
compiling stm32f10x_nvic.c...
compiling stm32f10x_pwr.c...
compiling stm32f10x_rcc.c...
compiling stm32f10x_sdio.c...
compiling stm32f10x_spi.c...
compiling stm32f10x_systick.c...
compiling stm32f10x_tim.c...
compiling stm32f10x_usart.c...
compiling stm32f10x_rtc.c...
assembling stm32f10x_startup.s...
assembling cortexm3_macro.s...
linking...
Program Size: Code=31398 RO-data=494 RW-data=412 ZI-data=29828  
FromELF: creating hex file...
".\Output\KOSPE-CTRL-V2-20160411.axf" - 0 Errors, 0 Warning(s).
Rebuild target 'KOSPE-CTRL-V2'
compiling main.c...
compiling task.c...
compiling dcMotor.c...
compiling bsp.c...
compiling frame.c...
compiling nvic.c...
compiling queue.c...
compiling stm32f10x_it.c...
compiling timer2.c...
compiling system_stm32f10x.c...
compiling common.c...
compiling pcComm.c...
compiling stepMotor.c...
compiling timer3.c...
compiling timer5.c...
compiling temControl.c...
compiling temDriver.c...
compiling adcDriver.c...
compiling eeprom.c...
compiling spi1.c...
compiling absEncoder.c...
compiling spi2.c...
compiling uart1.c...
compiling encrypt.c...
compiling os_core.c...
compiling os_flag.c...
compiling os_mbox.c...
compiling os_mem.c...
compiling os_mutex.c...
compiling os_q.c...
compiling os_sem.c...
compiling os_task.c...
compiling os_time.c...
compiling os_tmr.c...
assembling os_cpu_a.asm...
compiling os_cpu_c.c...
compiling os_dbg.c...
compiling hw_config.c...
compiling usb_desc.c...
compiling usb_endp.c...
compiling usb_istr.c...
compiling usb_prop.c...
compiling usb_pwr.c...
compiling usb_core.c...
compiling usb_init.c...
compiling usb_int.c...
compiling usb_mem.c...
compiling usb_regs.c...
compiling stm32f10x_adc.c...
compiling stm32f10x_bkp.c...
compiling stm32f10x_crc.c...
compiling stm32f10x_dac.c...
compiling stm32f10x_dbgmcu.c...
compiling stm32f10x_dma.c...
compiling stm32f10x_exti.c...
compiling stm32f10x_flash.c...
compiling stm32f10x_gpio.c...
compiling stm32f10x_i2c.c...
compiling stm32f10x_lib.c...
compiling stm32f10x_nvic.c...
compiling stm32f10x_pwr.c...
compiling stm32f10x_rcc.c...
compiling stm32f10x_sdio.c...
compiling stm32f10x_spi.c...
compiling stm32f10x_systick.c...
compiling stm32f10x_tim.c...
compiling stm32f10x_usart.c...
compiling stm32f10x_rtc.c...
assembling stm32f10x_startup.s...
assembling cortexm3_macro.s...
linking...
Program Size: Code=31398 RO-data=494 RW-data=412 ZI-data=29828  
FromELF: creating hex file...
".\Output\KOSPE-CTRL-V2-20160411.axf" - 0 Errors, 0 Warning(s).
Rebuild target 'KOSPE-CTRL-V2'
compiling main.c...
compiling task.c...
compiling dcMotor.c...
compiling bsp.c...
compiling frame.c...
compiling nvic.c...
compiling queue.c...
compiling stm32f10x_it.c...
compiling timer2.c...
compiling system_stm32f10x.c...
compiling common.c...
compiling pcComm.c...
compiling stepMotor.c...
compiling timer3.c...
compiling timer5.c...
compiling temControl.c...
compiling temDriver.c...
compiling adcDriver.c...
compiling eeprom.c...
compiling spi1.c...
compiling absEncoder.c...
compiling spi2.c...
compiling uart1.c...
compiling encrypt.c...
compiling os_core.c...
compiling os_flag.c...
compiling os_mbox.c...
compiling os_mem.c...
compiling os_mutex.c...
compiling os_q.c...
compiling os_sem.c...
compiling os_task.c...
compiling os_time.c...
compiling os_tmr.c...
assembling os_cpu_a.asm...
compiling os_cpu_c.c...
compiling os_dbg.c...
compiling hw_config.c...
compiling usb_desc.c...
compiling usb_endp.c...
compiling usb_istr.c...
compiling usb_prop.c...
compiling usb_pwr.c...
compiling usb_core.c...
compiling usb_init.c...
compiling usb_int.c...
compiling usb_mem.c...
compiling usb_regs.c...
compiling stm32f10x_adc.c...
compiling stm32f10x_bkp.c...
compiling stm32f10x_crc.c...
compiling stm32f10x_dac.c...
compiling stm32f10x_dbgmcu.c...
compiling stm32f10x_dma.c...
compiling stm32f10x_exti.c...
compiling stm32f10x_flash.c...
compiling stm32f10x_gpio.c...
compiling stm32f10x_i2c.c...
compiling stm32f10x_lib.c...
compiling stm32f10x_nvic.c...
compiling stm32f10x_pwr.c...
compiling stm32f10x_rcc.c...
compiling stm32f10x_sdio.c...
compiling stm32f10x_spi.c...
compiling stm32f10x_systick.c...
compiling stm32f10x_tim.c...
compiling stm32f10x_usart.c...
compiling stm32f10x_rtc.c...
assembling stm32f10x_startup.s...
assembling cortexm3_macro.s...
linking...
Program Size: Code=31398 RO-data=494 RW-data=412 ZI-data=29828  
FromELF: creating hex file...
".\Output\KOSPE-CTRL-V2-20160413.axf" - 0 Errors, 0 Warning(s).
