<html>
<body>
<pre>
<h1>礦ision Build Log</h1>
<h2>Project:</h2>
D:\5800主控板单片机\03 软件存档\KOSPE-CTRL-V2.0 20160413\KOSPE-CTRL-V2.0.uvproj
Project File Date:  04/14/2016

<h2>Output:</h2>
Rebuild target 'KOSPE-CTRL-V2'
compiling main.c...
compiling task.c...
compiling dcMotor.c...
compiling bsp.c...
compiling frame.c...
compiling nvic.c...
compiling queue.c...
compiling stm32f10x_it.c...
compiling timer2.c...
compiling system_stm32f10x.c...
compiling common.c...
compiling pcComm.c...
compiling stepMotor.c...
compiling timer3.c...
compiling timer5.c...
compiling temControl.c...
compiling temDriver.c...
compiling adcDriver.c...
compiling eeprom.c...
compiling spi1.c...
compiling absEncoder.c...
compiling spi2.c...
compiling uart1.c...
compiling encrypt.c...
compiling os_core.c...
compiling os_flag.c...
compiling os_mbox.c...
compiling os_mem.c...
compiling os_mutex.c...
compiling os_q.c...
compiling os_sem.c...
compiling os_task.c...
compiling os_time.c...
compiling os_tmr.c...
assembling os_cpu_a.asm...
compiling os_cpu_c.c...
compiling os_dbg.c...
compiling hw_config.c...
compiling usb_desc.c...
compiling usb_endp.c...
compiling usb_istr.c...
compiling usb_prop.c...
compiling usb_pwr.c...
compiling usb_core.c...
compiling usb_init.c...
compiling usb_int.c...
compiling usb_mem.c...
compiling usb_regs.c...
compiling stm32f10x_adc.c...
compiling stm32f10x_bkp.c...
compiling stm32f10x_crc.c...
compiling stm32f10x_dac.c...
compiling stm32f10x_dbgmcu.c...
compiling stm32f10x_dma.c...
compiling stm32f10x_exti.c...
compiling stm32f10x_flash.c...
compiling stm32f10x_gpio.c...
compiling stm32f10x_i2c.c...
compiling stm32f10x_lib.c...
compiling stm32f10x_nvic.c...
compiling stm32f10x_pwr.c...
compiling stm32f10x_rcc.c...
compiling stm32f10x_sdio.c...
compiling stm32f10x_spi.c...
compiling stm32f10x_systick.c...
compiling stm32f10x_tim.c...
compiling stm32f10x_usart.c...
compiling stm32f10x_rtc.c...
assembling stm32f10x_startup.s...
assembling cortexm3_macro.s...
linking...
Program Size: Code=31398 RO-data=494 RW-data=412 ZI-data=29828  
FromELF: creating hex file...
".\Output\KOSPE-CTRL-V2-20171025.axf" - 0 Errors, 0 Warning(s).
