<html>
<body>
<pre>
<h1>礦ision Build Log</h1>
<h2>Project:</h2>
E:\04 欧乐科技\20151113 超微量分光光度计\软件程序\KOSPE-CTRL-V2.0 20151223\KOSPE-CTRL-V2.0.uvproj
Project File Date:  12/24/2015

<h2>Output:</h2>
Build target 'KOSPE-CTRL-V2.0'
compiling main.c...
compiling task.c...
compiling TaskInit.c...
compiling bsp.c...
compiling frame.c...
compiling nvic.c...
compiling queue.c...
compiling stm32f10x_it.c...
compiling timer2.c...
compiling system_stm32f10x.c...
compiling os_core.c...
compiling os_flag.c...
compiling os_mbox.c...
compiling os_mem.c...
compiling os_mutex.c...
compiling os_q.c...
compiling os_sem.c...
compiling os_task.c...
compiling os_time.c...
compiling os_tmr.c...
assembling os_cpu_a.asm...
compiling os_cpu_c.c...
compiling os_dbg.c...
compiling hw_config.c...
compiling usb_desc.c...
compiling usb_endp.c...
compiling usb_istr.c...
compiling usb_prop.c...
compiling usb_pwr.c...
compiling usb_core.c...
compiling usb_init.c...
compiling usb_int.c...
compiling usb_mem.c...
compiling usb_regs.c...
compiling stm32f10x_adc.c...
compiling stm32f10x_bkp.c...
compiling stm32f10x_can.c...
compiling stm32f10x_crc.c...
compiling stm32f10x_dac.c...
compiling stm32f10x_dbgmcu.c...
compiling stm32f10x_dma.c...
compiling stm32f10x_exti.c...
compiling stm32f10x_flash.c...
compiling stm32f10x_fsmc.c...
compiling stm32f10x_gpio.c...
compiling stm32f10x_i2c.c...
compiling stm32f10x_iwdg.c...
compiling stm32f10x_lib.c...
compiling stm32f10x_nvic.c...
compiling stm32f10x_pwr.c...
compiling stm32f10x_rcc.c...
compiling stm32f10x_rtc.c...
compiling stm32f10x_sdio.c...
compiling stm32f10x_spi.c...
compiling stm32f10x_systick.c...
compiling stm32f10x_tim.c...
compiling stm32f10x_usart.c...
compiling stm32f10x_wwdg.c...
assembling STM32F10x.s...
linking...
.\Output\KOSPE-CTRL-V2.0.axf: Error: L6218E: Undefined symbol __BASEPRICONFIG (referred from stm32f10x_nvic.o).
.\Output\KOSPE-CTRL-V2.0.axf: Error: L6218E: Undefined symbol __GetBASEPRI (referred from stm32f10x_nvic.o).
.\Output\KOSPE-CTRL-V2.0.axf: Error: L6218E: Undefined symbol __RESETFAULTMASK (referred from stm32f10x_nvic.o).
.\Output\KOSPE-CTRL-V2.0.axf: Error: L6218E: Undefined symbol __RESETPRIMASK (referred from stm32f10x_nvic.o).
.\Output\KOSPE-CTRL-V2.0.axf: Error: L6218E: Undefined symbol __SETFAULTMASK (referred from stm32f10x_nvic.o).
.\Output\KOSPE-CTRL-V2.0.axf: Error: L6218E: Undefined symbol __SETPRIMASK (referred from stm32f10x_nvic.o).
.\Output\KOSPE-CTRL-V2.0.axf: Error: L6218E: Undefined symbol __WFE (referred from stm32f10x_pwr.o).
.\Output\KOSPE-CTRL-V2.0.axf: Error: L6218E: Undefined symbol __WFI (referred from stm32f10x_pwr.o).
.\Output\KOSPE-CTRL-V2.0.axf: Not enough information to list image symbols.
.\Output\KOSPE-CTRL-V2.0.axf: Finished: 1 information, 0 warning and 8 error messages.
Target not created
Build target 'KOSPE-CTRL-V2.0'
compiling main.c...
compiling task.c...
compiling TaskInit.c...
compiling bsp.c...
compiling frame.c...
compiling nvic.c...
compiling queue.c...
compiling stm32f10x_it.c...
compiling timer2.c...
compiling system_stm32f10x.c...
compiling os_core.c...
compiling os_flag.c...
compiling os_mbox.c...
compiling os_mem.c...
compiling os_mutex.c...
compiling os_q.c...
compiling os_sem.c...
compiling os_task.c...
compiling os_time.c...
compiling os_tmr.c...
assembling os_cpu_a.asm...
compiling os_cpu_c.c...
compiling os_dbg.c...
compiling hw_config.c...
compiling usb_desc.c...
compiling usb_endp.c...
compiling usb_istr.c...
compiling usb_prop.c...
compiling usb_pwr.c...
compiling usb_core.c...
compiling usb_init.c...
compiling usb_int.c...
compiling usb_mem.c...
compiling usb_regs.c...
compiling stm32f10x_adc.c...
compiling stm32f10x_bkp.c...
compiling stm32f10x_can.c...
compiling stm32f10x_crc.c...
compiling stm32f10x_dac.c...
compiling stm32f10x_dbgmcu.c...
compiling stm32f10x_dma.c...
compiling stm32f10x_exti.c...
compiling stm32f10x_flash.c...
compiling stm32f10x_fsmc.c...
compiling stm32f10x_gpio.c...
compiling stm32f10x_i2c.c...
compiling stm32f10x_iwdg.c...
compiling stm32f10x_lib.c...
compiling stm32f10x_nvic.c...
compiling stm32f10x_pwr.c...
compiling stm32f10x_rcc.c...
compiling stm32f10x_rtc.c...
compiling stm32f10x_sdio.c...
compiling stm32f10x_spi.c...
compiling stm32f10x_systick.c...
compiling stm32f10x_tim.c...
compiling stm32f10x_usart.c...
compiling stm32f10x_wwdg.c...
assembling STM32F10x.s...
linking...
.\Output\KOSPE-CTRL-V2.0.axf: Error: L6218E: Undefined symbol __BASEPRICONFIG (referred from stm32f10x_nvic.o).
.\Output\KOSPE-CTRL-V2.0.axf: Error: L6218E: Undefined symbol __GetBASEPRI (referred from stm32f10x_nvic.o).
.\Output\KOSPE-CTRL-V2.0.axf: Error: L6218E: Undefined symbol __RESETFAULTMASK (referred from stm32f10x_nvic.o).
.\Output\KOSPE-CTRL-V2.0.axf: Error: L6218E: Undefined symbol __RESETPRIMASK (referred from stm32f10x_nvic.o).
.\Output\KOSPE-CTRL-V2.0.axf: Error: L6218E: Undefined symbol __SETFAULTMASK (referred from stm32f10x_nvic.o).
.\Output\KOSPE-CTRL-V2.0.axf: Error: L6218E: Undefined symbol __SETPRIMASK (referred from stm32f10x_nvic.o).
.\Output\KOSPE-CTRL-V2.0.axf: Error: L6218E: Undefined symbol __WFE (referred from stm32f10x_pwr.o).
.\Output\KOSPE-CTRL-V2.0.axf: Error: L6218E: Undefined symbol __WFI (referred from stm32f10x_pwr.o).
.\Output\KOSPE-CTRL-V2.0.axf: Not enough information to list image symbols.
.\Output\KOSPE-CTRL-V2.0.axf: Finished: 1 information, 0 warning and 8 error messages.
Target not created
Build target 'KOSPE-CTRL-V2.0'
compiling main.c...
compiling task.c...
compiling TaskInit.c...
compiling bsp.c...
compiling frame.c...
compiling nvic.c...
compiling queue.c...
compiling stm32f10x_it.c...
compiling timer2.c...
compiling system_stm32f10x.c...
compiling os_core.c...
compiling os_flag.c...
compiling os_mbox.c...
compiling os_mem.c...
compiling os_mutex.c...
compiling os_q.c...
compiling os_sem.c...
compiling os_task.c...
compiling os_time.c...
compiling os_tmr.c...
assembling os_cpu_a.asm...
compiling os_cpu_c.c...
compiling os_dbg.c...
compiling hw_config.c...
compiling usb_desc.c...
compiling usb_endp.c...
compiling usb_istr.c...
compiling usb_prop.c...
compiling usb_pwr.c...
compiling usb_core.c...
compiling usb_init.c...
compiling usb_int.c...
compiling usb_mem.c...
compiling usb_regs.c...
compiling stm32f10x_adc.c...
compiling stm32f10x_bkp.c...
compiling stm32f10x_can.c...
compiling stm32f10x_crc.c...
compiling stm32f10x_dac.c...
compiling stm32f10x_dbgmcu.c...
compiling stm32f10x_dma.c...
compiling stm32f10x_exti.c...
compiling stm32f10x_flash.c...
compiling stm32f10x_fsmc.c...
compiling stm32f10x_gpio.c...
compiling stm32f10x_i2c.c...
compiling stm32f10x_iwdg.c...
compiling stm32f10x_lib.c...
compiling stm32f10x_nvic.c...
compiling stm32f10x_pwr.c...
compiling stm32f10x_rcc.c...
compiling stm32f10x_rtc.c...
compiling stm32f10x_sdio.c...
compiling stm32f10x_spi.c...
compiling stm32f10x_systick.c...
compiling stm32f10x_tim.c...
compiling stm32f10x_usart.c...
compiling stm32f10x_wwdg.c...
assembling STM32F10x.s...
linking...
.\Output\KOSPE-CTRL-V2.0.axf: Error: L6218E: Undefined symbol __BASEPRICONFIG (referred from stm32f10x_nvic.o).
.\Output\KOSPE-CTRL-V2.0.axf: Error: L6218E: Undefined symbol __GetBASEPRI (referred from stm32f10x_nvic.o).
.\Output\KOSPE-CTRL-V2.0.axf: Error: L6218E: Undefined symbol __RESETFAULTMASK (referred from stm32f10x_nvic.o).
.\Output\KOSPE-CTRL-V2.0.axf: Error: L6218E: Undefined symbol __RESETPRIMASK (referred from stm32f10x_nvic.o).
.\Output\KOSPE-CTRL-V2.0.axf: Error: L6218E: Undefined symbol __SETFAULTMASK (referred from stm32f10x_nvic.o).
.\Output\KOSPE-CTRL-V2.0.axf: Error: L6218E: Undefined symbol __SETPRIMASK (referred from stm32f10x_nvic.o).
.\Output\KOSPE-CTRL-V2.0.axf: Error: L6218E: Undefined symbol __WFE (referred from stm32f10x_pwr.o).
.\Output\KOSPE-CTRL-V2.0.axf: Error: L6218E: Undefined symbol __WFI (referred from stm32f10x_pwr.o).
.\Output\KOSPE-CTRL-V2.0.axf: Not enough information to list image symbols.
.\Output\KOSPE-CTRL-V2.0.axf: Finished: 1 information, 0 warning and 8 error messages.
Target not created
Build target 'KOSPE-CTRL-V2.0'
compiling main.c...
compiling task.c...
compiling TaskInit.c...
compiling bsp.c...
compiling frame.c...
compiling nvic.c...
compiling queue.c...
compiling stm32f10x_it.c...
compiling timer2.c...
compiling system_stm32f10x.c...
compiling os_core.c...
compiling os_flag.c...
compiling os_mbox.c...
compiling os_mem.c...
compiling os_mutex.c...
compiling os_q.c...
compiling os_sem.c...
compiling os_task.c...
compiling os_time.c...
compiling os_tmr.c...
assembling os_cpu_a.asm...
compiling os_cpu_c.c...
compiling os_dbg.c...
compiling hw_config.c...
compiling usb_desc.c...
compiling usb_endp.c...
compiling usb_istr.c...
compiling usb_prop.c...
compiling usb_pwr.c...
compiling usb_core.c...
compiling usb_init.c...
compiling usb_int.c...
compiling usb_mem.c...
compiling usb_regs.c...
compiling stm32f10x_adc.c...
compiling stm32f10x_bkp.c...
compiling stm32f10x_can.c...
compiling stm32f10x_crc.c...
compiling stm32f10x_dac.c...
compiling stm32f10x_dbgmcu.c...
compiling stm32f10x_dma.c...
compiling stm32f10x_exti.c...
compiling stm32f10x_flash.c...
compiling stm32f10x_fsmc.c...
compiling stm32f10x_gpio.c...
compiling stm32f10x_i2c.c...
compiling stm32f10x_iwdg.c...
compiling stm32f10x_lib.c...
compiling stm32f10x_nvic.c...
compiling stm32f10x_pwr.c...
compiling stm32f10x_rcc.c...
compiling stm32f10x_rtc.c...
compiling stm32f10x_sdio.c...
compiling stm32f10x_spi.c...
compiling stm32f10x_systick.c...
compiling stm32f10x_tim.c...
compiling stm32f10x_usart.c...
compiling stm32f10x_wwdg.c...
assembling STM32F10x.s...
linking...
.\Output\KOSPE-CTRL-V2.0.axf: Error: L6218E: Undefined symbol __BASEPRICONFIG (referred from stm32f10x_nvic.o).
.\Output\KOSPE-CTRL-V2.0.axf: Error: L6218E: Undefined symbol __GetBASEPRI (referred from stm32f10x_nvic.o).
.\Output\KOSPE-CTRL-V2.0.axf: Error: L6218E: Undefined symbol __RESETFAULTMASK (referred from stm32f10x_nvic.o).
.\Output\KOSPE-CTRL-V2.0.axf: Error: L6218E: Undefined symbol __RESETPRIMASK (referred from stm32f10x_nvic.o).
.\Output\KOSPE-CTRL-V2.0.axf: Error: L6218E: Undefined symbol __SETFAULTMASK (referred from stm32f10x_nvic.o).
.\Output\KOSPE-CTRL-V2.0.axf: Error: L6218E: Undefined symbol __SETPRIMASK (referred from stm32f10x_nvic.o).
.\Output\KOSPE-CTRL-V2.0.axf: Error: L6218E: Undefined symbol __WFE (referred from stm32f10x_pwr.o).
.\Output\KOSPE-CTRL-V2.0.axf: Error: L6218E: Undefined symbol __WFI (referred from stm32f10x_pwr.o).
.\Output\KOSPE-CTRL-V2.0.axf: Not enough information to list image symbols.
.\Output\KOSPE-CTRL-V2.0.axf: Finished: 1 information, 0 warning and 8 error messages.
Target not created
Build target 'KOSPE-CTRL-V2.0'
compiling main.c...
compiling task.c...
compiling TaskInit.c...
compiling bsp.c...
compiling frame.c...
compiling nvic.c...
compiling queue.c...
compiling stm32f10x_it.c...
compiling timer2.c...
compiling system_stm32f10x.c...
compiling os_core.c...
compiling os_flag.c...
compiling os_mbox.c...
compiling os_mem.c...
compiling os_mutex.c...
compiling os_q.c...
compiling os_sem.c...
compiling os_task.c...
compiling os_time.c...
compiling os_tmr.c...
assembling os_cpu_a.asm...
compiling os_cpu_c.c...
compiling os_dbg.c...
compiling hw_config.c...
compiling usb_desc.c...
compiling usb_endp.c...
compiling usb_istr.c...
compiling usb_prop.c...
compiling usb_pwr.c...
compiling usb_core.c...
compiling usb_init.c...
compiling usb_int.c...
compiling usb_mem.c...
compiling usb_regs.c...
compiling stm32f10x_adc.c...
compiling stm32f10x_bkp.c...
compiling stm32f10x_crc.c...
compiling stm32f10x_dac.c...
compiling stm32f10x_dbgmcu.c...
compiling stm32f10x_dma.c...
compiling stm32f10x_exti.c...
compiling stm32f10x_flash.c...
compiling stm32f10x_gpio.c...
compiling stm32f10x_i2c.c...
compiling stm32f10x_lib.c...
compiling stm32f10x_nvic.c...
compiling stm32f10x_pwr.c...
compiling stm32f10x_rcc.c...
compiling stm32f10x_sdio.c...
compiling stm32f10x_spi.c...
compiling stm32f10x_systick.c...
compiling stm32f10x_tim.c...
compiling stm32f10x_usart.c...
assembling STM32F10x.s...
linking...
.\Output\KOSPE-CTRL-V2.0.axf: Error: L6218E: Undefined symbol RTC_ClearITPendingBit (referred from stm32f10x_it.o).
.\Output\KOSPE-CTRL-V2.0.axf: Error: L6218E: Undefined symbol RTC_GetITStatus (referred from stm32f10x_it.o).
.\Output\KOSPE-CTRL-V2.0.axf: Error: L6218E: Undefined symbol RTC_WaitForLastTask (referred from stm32f10x_it.o).
.\Output\KOSPE-CTRL-V2.0.axf: Error: L6218E: Undefined symbol __BASEPRICONFIG (referred from stm32f10x_nvic.o).
.\Output\KOSPE-CTRL-V2.0.axf: Error: L6218E: Undefined symbol __GetBASEPRI (referred from stm32f10x_nvic.o).
.\Output\KOSPE-CTRL-V2.0.axf: Error: L6218E: Undefined symbol __RESETFAULTMASK (referred from stm32f10x_nvic.o).
.\Output\KOSPE-CTRL-V2.0.axf: Error: L6218E: Undefined symbol __RESETPRIMASK (referred from stm32f10x_nvic.o).
.\Output\KOSPE-CTRL-V2.0.axf: Error: L6218E: Undefined symbol __SETFAULTMASK (referred from stm32f10x_nvic.o).
.\Output\KOSPE-CTRL-V2.0.axf: Error: L6218E: Undefined symbol __SETPRIMASK (referred from stm32f10x_nvic.o).
.\Output\KOSPE-CTRL-V2.0.axf: Error: L6218E: Undefined symbol __WFE (referred from stm32f10x_pwr.o).
.\Output\KOSPE-CTRL-V2.0.axf: Error: L6218E: Undefined symbol __WFI (referred from stm32f10x_pwr.o).
.\Output\KOSPE-CTRL-V2.0.axf: Not enough information to list image symbols.
.\Output\KOSPE-CTRL-V2.0.axf: Finished: 1 information, 0 warning and 11 error messages.
Target not created
Build target 'KOSPE-CTRL-V2.0'
compiling main.c...
compiling task.c...
compiling TaskInit.c...
compiling bsp.c...
compiling frame.c...
compiling nvic.c...
compiling queue.c...
compiling stm32f10x_it.c...
compiling timer2.c...
compiling system_stm32f10x.c...
compiling os_core.c...
compiling os_flag.c...
compiling os_mbox.c...
compiling os_mem.c...
compiling os_mutex.c...
compiling os_q.c...
compiling os_sem.c...
compiling os_task.c...
compiling os_time.c...
compiling os_tmr.c...
assembling os_cpu_a.asm...
compiling os_cpu_c.c...
compiling os_dbg.c...
compiling hw_config.c...
compiling usb_desc.c...
compiling usb_endp.c...
compiling usb_istr.c...
compiling usb_prop.c...
compiling usb_pwr.c...
compiling usb_core.c...
compiling usb_init.c...
compiling usb_int.c...
compiling usb_mem.c...
compiling usb_regs.c...
compiling stm32f10x_adc.c...
compiling stm32f10x_bkp.c...
compiling stm32f10x_crc.c...
compiling stm32f10x_dac.c...
compiling stm32f10x_dbgmcu.c...
compiling stm32f10x_dma.c...
compiling stm32f10x_exti.c...
compiling stm32f10x_flash.c...
compiling stm32f10x_gpio.c...
compiling stm32f10x_i2c.c...
compiling stm32f10x_lib.c...
compiling stm32f10x_nvic.c...
compiling stm32f10x_pwr.c...
compiling stm32f10x_rcc.c...
compiling stm32f10x_sdio.c...
compiling stm32f10x_spi.c...
compiling stm32f10x_systick.c...
compiling stm32f10x_tim.c...
compiling stm32f10x_usart.c...
compiling stm32f10x_rtc.c...
assembling STM32F10x.s...
linking...
.\Output\KOSPE-CTRL-V2.0.axf: Error: L6218E: Undefined symbol __BASEPRICONFIG (referred from stm32f10x_nvic.o).
.\Output\KOSPE-CTRL-V2.0.axf: Error: L6218E: Undefined symbol __GetBASEPRI (referred from stm32f10x_nvic.o).
.\Output\KOSPE-CTRL-V2.0.axf: Error: L6218E: Undefined symbol __RESETFAULTMASK (referred from stm32f10x_nvic.o).
.\Output\KOSPE-CTRL-V2.0.axf: Error: L6218E: Undefined symbol __RESETPRIMASK (referred from stm32f10x_nvic.o).
.\Output\KOSPE-CTRL-V2.0.axf: Error: L6218E: Undefined symbol __SETFAULTMASK (referred from stm32f10x_nvic.o).
.\Output\KOSPE-CTRL-V2.0.axf: Error: L6218E: Undefined symbol __SETPRIMASK (referred from stm32f10x_nvic.o).
.\Output\KOSPE-CTRL-V2.0.axf: Error: L6218E: Undefined symbol __WFE (referred from stm32f10x_pwr.o).
.\Output\KOSPE-CTRL-V2.0.axf: Error: L6218E: Undefined symbol __WFI (referred from stm32f10x_pwr.o).
.\Output\KOSPE-CTRL-V2.0.axf: Not enough information to list image symbols.
.\Output\KOSPE-CTRL-V2.0.axf: Finished: 1 information, 0 warning and 8 error messages.
Target not created
Build target 'KOSPE-CTRL-V2.0'
compiling main.c...
compiling task.c...
compiling TaskInit.c...
compiling bsp.c...
compiling frame.c...
compiling nvic.c...
compiling queue.c...
compiling stm32f10x_it.c...
compiling timer2.c...
compiling system_stm32f10x.c...
compiling os_core.c...
compiling os_flag.c...
compiling os_mbox.c...
compiling os_mem.c...
compiling os_mutex.c...
compiling os_q.c...
compiling os_sem.c...
compiling os_task.c...
compiling os_time.c...
compiling os_tmr.c...
assembling os_cpu_a.asm...
compiling os_cpu_c.c...
compiling os_dbg.c...
compiling hw_config.c...
compiling usb_desc.c...
compiling usb_endp.c...
compiling usb_istr.c...
compiling usb_prop.c...
compiling usb_pwr.c...
compiling usb_core.c...
compiling usb_init.c...
compiling usb_int.c...
compiling usb_mem.c...
compiling usb_regs.c...
compiling stm32f10x_adc.c...
compiling stm32f10x_bkp.c...
compiling stm32f10x_crc.c...
compiling stm32f10x_dac.c...
compiling stm32f10x_dbgmcu.c...
compiling stm32f10x_dma.c...
compiling stm32f10x_exti.c...
compiling stm32f10x_flash.c...
compiling stm32f10x_gpio.c...
compiling stm32f10x_i2c.c...
compiling stm32f10x_lib.c...
compiling stm32f10x_nvic.c...
compiling stm32f10x_pwr.c...
compiling stm32f10x_rcc.c...
compiling stm32f10x_sdio.c...
compiling stm32f10x_spi.c...
compiling stm32f10x_systick.c...
compiling stm32f10x_tim.c...
compiling stm32f10x_usart.c...
compiling stm32f10x_rtc.c...
assembling stm32f10x_startup.s...
assembling cortexm3_macro.s...
linking...
Program Size: Code=8808 RO-data=488 RW-data=412 ZI-data=6588  
FromELF: creating hex file...
".\Output\KOSPE-CTRL-V2.0.axf" - 0 Error(s), 0 Warning(s).
Build target 'KOSPE-CTRL-V2.0'
compiling main.c...
Source\Application\src\main.c(29): warning:  #223-D: function "OSInit" declared implicitly
Source\Application\src\main.c:       OSInit();                          /* Initialize "uC/OS-II, The Real-Time Kernel" */  
Source\Application\src\main.c:       ^
Source\Application\src\main.c(33): warning:  #223-D: function "OSTaskCreateExt" declared implicitly
Source\Application\src\main.c:          OSTaskCreateExt(TaskStart, 
Source\Application\src\main.c:          ^
Source\Application\src\main.c(33): error:  #20: identifier "TaskStart" is undefined
Source\Application\src\main.c:          OSTaskCreateExt(TaskStart, 
Source\Application\src\main.c:                          ^
Source\Application\src\main.c(35): error:  #20: identifier "TaskStkStart" is undefined
Source\Application\src\main.c:                          &TaskStkStart[TSK_SIZE_START - 1], 
Source\Application\src\main.c:                           ^
Source\Application\src\main.c(35): error:  #20: identifier "TSK_SIZE_START" is undefined
Source\Application\src\main.c:                          &TaskStkStart[TSK_SIZE_START - 1], 
Source\Application\src\main.c:                                        ^
Source\Application\src\main.c(36): error:  #20: identifier "TSK_PRIO_START" is undefined
Source\Application\src\main.c:                          TSK_PRIO_START, 
Source\Application\src\main.c:                          ^
Source\Application\src\main.c(41): error:  #20: identifier "OS_TASK_OPT_STK_CLR" is undefined
Source\Application\src\main.c:                          OS_TASK_OPT_STK_CLR);
Source\Application\src\main.c:                          ^
Source\Application\src\main.c(42): warning:  #223-D: function "OSStart" declared implicitly
Source\Application\src\main.c:          OSStart();                                       
Source\Application\src\main.c:          ^
Source\Application\src\main.c: Source\Application\src\main.c: 3 warnings, 5 errors
compiling task.c...
compiling TaskInit.c...
compiling bsp.c...
compiling frame.c...
compiling nvic.c...
compiling queue.c...
compiling stm32f10x_it.c...
compiling timer2.c...
compiling system_stm32f10x.c...
compiling os_core.c...
compiling os_flag.c...
compiling os_mbox.c...
compiling os_mem.c...
compiling os_mutex.c...
compiling os_q.c...
compiling os_sem.c...
compiling os_task.c...
compiling os_time.c...
compiling os_tmr.c...
assembling os_cpu_a.asm...
compiling os_cpu_c.c...
compiling os_dbg.c...
compiling hw_config.c...
compiling usb_desc.c...
compiling usb_endp.c...
compiling usb_istr.c...
compiling usb_prop.c...
compiling usb_pwr.c...
compiling usb_core.c...
compiling usb_init.c...
compiling usb_int.c...
compiling usb_mem.c...
compiling usb_regs.c...
compiling stm32f10x_adc.c...
compiling stm32f10x_bkp.c...
compiling stm32f10x_crc.c...
compiling stm32f10x_dac.c...
compiling stm32f10x_dbgmcu.c...
compiling stm32f10x_dma.c...
compiling stm32f10x_exti.c...
compiling stm32f10x_flash.c...
compiling stm32f10x_gpio.c...
compiling stm32f10x_i2c.c...
compiling stm32f10x_lib.c...
compiling stm32f10x_nvic.c...
compiling stm32f10x_pwr.c...
compiling stm32f10x_rcc.c...
compiling stm32f10x_sdio.c...
compiling stm32f10x_spi.c...
compiling stm32f10x_systick.c...
compiling stm32f10x_tim.c...
compiling stm32f10x_usart.c...
compiling stm32f10x_rtc.c...
assembling stm32f10x_startup.s...
assembling cortexm3_macro.s...
Target not created
Build target 'KOSPE-CTRL-V2.0'
compiling main.c...
compiling task.c...
compiling TaskInit.c...
compiling bsp.c...
compiling frame.c...
compiling nvic.c...
compiling queue.c...
compiling stm32f10x_it.c...
compiling timer2.c...
compiling system_stm32f10x.c...
compiling os_core.c...
compiling os_flag.c...
compiling os_mbox.c...
compiling os_mem.c...
compiling os_mutex.c...
compiling os_q.c...
compiling os_sem.c...
compiling os_task.c...
compiling os_time.c...
compiling os_tmr.c...
assembling os_cpu_a.asm...
compiling os_cpu_c.c...
compiling os_dbg.c...
compiling hw_config.c...
compiling usb_desc.c...
compiling usb_endp.c...
compiling usb_istr.c...
compiling usb_prop.c...
compiling usb_pwr.c...
compiling usb_core.c...
compiling usb_init.c...
compiling usb_int.c...
compiling usb_mem.c...
compiling usb_regs.c...
compiling stm32f10x_adc.c...
compiling stm32f10x_bkp.c...
compiling stm32f10x_crc.c...
compiling stm32f10x_dac.c...
compiling stm32f10x_dbgmcu.c...
compiling stm32f10x_dma.c...
compiling stm32f10x_exti.c...
compiling stm32f10x_flash.c...
compiling stm32f10x_gpio.c...
compiling stm32f10x_i2c.c...
compiling stm32f10x_lib.c...
compiling stm32f10x_nvic.c...
compiling stm32f10x_pwr.c...
compiling stm32f10x_rcc.c...
compiling stm32f10x_sdio.c...
compiling stm32f10x_spi.c...
compiling stm32f10x_systick.c...
compiling stm32f10x_tim.c...
compiling stm32f10x_usart.c...
compiling stm32f10x_rtc.c...
assembling stm32f10x_startup.s...
assembling cortexm3_macro.s...
linking...
Program Size: Code=12586 RO-data=486 RW-data=412 ZI-data=8636  
FromELF: creating hex file...
".\Output\KOSPE-CTRL-V2.0.axf" - 0 Error(s), 0 Warning(s).
Build target 'KOSPE-CTRL-V2.0'
compiling main.c...
compiling task.c...
compiling TaskInit.c...
compiling bsp.c...
compiling frame.c...
compiling nvic.c...
compiling queue.c...
compiling stm32f10x_it.c...
compiling timer2.c...
compiling system_stm32f10x.c...
compiling common.c...
Source\AppDriver\src\common.c(48): error:  #20: identifier "NVIC_InitTypeDef" is undefined
Source\AppDriver\src\common.c:          NVIC_InitTypeDef NVIC_InitStructure;
Source\AppDriver\src\common.c:          ^
Source\AppDriver\src\common.c(51): error:  #20: identifier "KEY_PIN" is undefined
Source\AppDriver\src\common.c:          GPIO_InitStructure.GPIO_Pin = KEY_PIN;
Source\AppDriver\src\common.c:                                        ^
Source\AppDriver\src\common.c(69): warning:  #223-D: function "NVIC_Init" declared implicitly
Source\AppDriver\src\common.c:       NVIC_Init(&NVIC_InitStructure);
Source\AppDriver\src\common.c:       ^
Source\AppDriver\src\common.c(74): error:  #20: identifier "KEY_PIN" is undefined
Source\AppDriver\src\common.c:          if(GPIO_ReadInputDataBit(GPIOA, KEY_PIN))
Source\AppDriver\src\common.c:                                          ^
Source\AppDriver\src\common.c: Source\AppDriver\src\common.c: 1 warning, 3 errors
compiling os_core.c...
compiling os_flag.c...
compiling os_mbox.c...
compiling os_mem.c...
compiling os_mutex.c...
compiling os_q.c...
compiling os_sem.c...
compiling os_task.c...
compiling os_time.c...
compiling os_tmr.c...
assembling os_cpu_a.asm...
compiling os_cpu_c.c...
compiling os_dbg.c...
compiling hw_config.c...
compiling usb_desc.c...
compiling usb_endp.c...
compiling usb_istr.c...
compiling usb_prop.c...
compiling usb_pwr.c...
compiling usb_core.c...
compiling usb_init.c...
compiling usb_int.c...
compiling usb_mem.c...
compiling usb_regs.c...
compiling stm32f10x_adc.c...
compiling stm32f10x_bkp.c...
compiling stm32f10x_crc.c...
compiling stm32f10x_dac.c...
compiling stm32f10x_dbgmcu.c...
compiling stm32f10x_dma.c...
compiling stm32f10x_exti.c...
compiling stm32f10x_flash.c...
compiling stm32f10x_gpio.c...
compiling stm32f10x_i2c.c...
compiling stm32f10x_lib.c...
compiling stm32f10x_nvic.c...
compiling stm32f10x_pwr.c...
compiling stm32f10x_rcc.c...
compiling stm32f10x_sdio.c...
compiling stm32f10x_spi.c...
compiling stm32f10x_systick.c...
compiling stm32f10x_tim.c...
compiling stm32f10x_usart.c...
compiling stm32f10x_rtc.c...
assembling stm32f10x_startup.s...
assembling cortexm3_macro.s...
Target not created
Build target 'KOSPE-CTRL-V2.0'
compiling main.c...
compiling task.c...
compiling TaskInit.c...
compiling bsp.c...
compiling frame.c...
compiling nvic.c...
compiling queue.c...
compiling stm32f10x_it.c...
compiling timer2.c...
compiling system_stm32f10x.c...
compiling common.c...
compiling os_core.c...
compiling os_flag.c...
compiling os_mbox.c...
compiling os_mem.c...
compiling os_mutex.c...
compiling os_q.c...
compiling os_sem.c...
compiling os_task.c...
compiling os_time.c...
compiling os_tmr.c...
assembling os_cpu_a.asm...
compiling os_cpu_c.c...
compiling os_dbg.c...
compiling hw_config.c...
compiling usb_desc.c...
compiling usb_endp.c...
compiling usb_istr.c...
compiling usb_prop.c...
compiling usb_pwr.c...
compiling usb_core.c...
compiling usb_init.c...
compiling usb_int.c...
compiling usb_mem.c...
compiling usb_regs.c...
compiling stm32f10x_adc.c...
compiling stm32f10x_bkp.c...
compiling stm32f10x_crc.c...
compiling stm32f10x_dac.c...
compiling stm32f10x_dbgmcu.c...
compiling stm32f10x_dma.c...
compiling stm32f10x_exti.c...
compiling stm32f10x_flash.c...
compiling stm32f10x_gpio.c...
compiling stm32f10x_i2c.c...
compiling stm32f10x_lib.c...
compiling stm32f10x_nvic.c...
compiling stm32f10x_pwr.c...
compiling stm32f10x_rcc.c...
compiling stm32f10x_sdio.c...
compiling stm32f10x_spi.c...
compiling stm32f10x_systick.c...
compiling stm32f10x_tim.c...
compiling stm32f10x_usart.c...
compiling stm32f10x_rtc.c...
assembling stm32f10x_startup.s...
assembling cortexm3_macro.s...
linking...
Program Size: Code=12594 RO-data=486 RW-data=412 ZI-data=8636  
FromELF: creating hex file...
".\Output\KOSPE-CTRL-V2.0.axf" - 0 Error(s), 0 Warning(s).
Build target 'KOSPE-CTRL-V2.0'
compiling main.c...
compiling task.c...
compiling TaskInit.c...
Source\Application\src\TaskInit.c(56): warning:  #223-D: function "LEDREV" declared implicitly
Source\Application\src\TaskInit.c:              LEDREV();
Source\Application\src\TaskInit.c:              ^
Source\Application\src\TaskInit.c: Source\Application\src\TaskInit.c: 1 warning, 0 errors
compiling bsp.c...
compiling frame.c...
compiling nvic.c...
compiling queue.c...
compiling stm32f10x_it.c...
compiling timer2.c...
compiling system_stm32f10x.c...
compiling common.c...
compiling os_core.c...
compiling os_flag.c...
compiling os_mbox.c...
compiling os_mem.c...
compiling os_mutex.c...
compiling os_q.c...
compiling os_sem.c...
compiling os_task.c...
compiling os_time.c...
compiling os_tmr.c...
assembling os_cpu_a.asm...
compiling os_cpu_c.c...
compiling os_dbg.c...
compiling hw_config.c...
compiling usb_desc.c...
compiling usb_endp.c...
compiling usb_istr.c...
compiling usb_prop.c...
compiling usb_pwr.c...
compiling usb_core.c...
compiling usb_init.c...
compiling usb_int.c...
compiling usb_mem.c...
compiling usb_regs.c...
compiling stm32f10x_adc.c...
compiling stm32f10x_bkp.c...
compiling stm32f10x_crc.c...
compiling stm32f10x_dac.c...
compiling stm32f10x_dbgmcu.c...
compiling stm32f10x_dma.c...
compiling stm32f10x_exti.c...
compiling stm32f10x_flash.c...
compiling stm32f10x_gpio.c...
compiling stm32f10x_i2c.c...
compiling stm32f10x_lib.c...
compiling stm32f10x_nvic.c...
compiling stm32f10x_pwr.c...
compiling stm32f10x_rcc.c...
compiling stm32f10x_sdio.c...
compiling stm32f10x_spi.c...
compiling stm32f10x_systick.c...
compiling stm32f10x_tim.c...
compiling stm32f10x_usart.c...
compiling stm32f10x_rtc.c...
assembling stm32f10x_startup.s...
assembling cortexm3_macro.s...
linking...
Program Size: Code=12690 RO-data=486 RW-data=412 ZI-data=8636  
FromELF: creating hex file...
".\Output\KOSPE-CTRL-V2.0.axf" - 0 Error(s), 1 Warning(s).
Build target 'KOSPE-CTRL-V2.0'
compiling main.c...
compiling task.c...
compiling TaskInit.c...
Source\Application\src\TaskInit.c(47): warning:  #223-D: function "LEDREV" declared implicitly
Source\Application\src\TaskInit.c:              LEDREV();
Source\Application\src\TaskInit.c:              ^
Source\Application\src\TaskInit.c: Source\Application\src\TaskInit.c: 1 warning, 0 errors
compiling bsp.c...
compiling frame.c...
compiling nvic.c...
compiling queue.c...
compiling stm32f10x_it.c...
compiling timer2.c...
compiling system_stm32f10x.c...
compiling common.c...
compiling os_core.c...
compiling os_flag.c...
compiling os_mbox.c...
compiling os_mem.c...
compiling os_mutex.c...
compiling os_q.c...
compiling os_sem.c...
compiling os_task.c...
compiling os_time.c...
compiling os_tmr.c...
assembling os_cpu_a.asm...
compiling os_cpu_c.c...
compiling os_dbg.c...
compiling hw_config.c...
compiling usb_desc.c...
compiling usb_endp.c...
compiling usb_istr.c...
compiling usb_prop.c...
compiling usb_pwr.c...
compiling usb_core.c...
compiling usb_init.c...
compiling usb_int.c...
compiling usb_mem.c...
compiling usb_regs.c...
compiling stm32f10x_adc.c...
compiling stm32f10x_bkp.c...
compiling stm32f10x_crc.c...
compiling stm32f10x_dac.c...
compiling stm32f10x_dbgmcu.c...
compiling stm32f10x_dma.c...
compiling stm32f10x_exti.c...
compiling stm32f10x_flash.c...
compiling stm32f10x_gpio.c...
compiling stm32f10x_i2c.c...
compiling stm32f10x_lib.c...
compiling stm32f10x_nvic.c...
compiling stm32f10x_pwr.c...
compiling stm32f10x_rcc.c...
compiling stm32f10x_sdio.c...
compiling stm32f10x_spi.c...
compiling stm32f10x_systick.c...
compiling stm32f10x_tim.c...
compiling stm32f10x_usart.c...
compiling stm32f10x_rtc.c...
assembling stm32f10x_startup.s...
assembling cortexm3_macro.s...
linking...
Program Size: Code=12690 RO-data=486 RW-data=412 ZI-data=8636  
FromELF: creating hex file...
".\Output\KOSPE-CTRL-V2.0.axf" - 0 Error(s), 1 Warning(s).
Build target 'KOSPE-CTRL-V2.0'
compiling main.c...
compiling task.c...
compiling TaskInit.c...
compiling bsp.c...
compiling frame.c...
compiling nvic.c...
compiling queue.c...
compiling stm32f10x_it.c...
compiling timer2.c...
compiling system_stm32f10x.c...
compiling common.c...
compiling os_core.c...
compiling os_flag.c...
compiling os_mbox.c...
compiling os_mem.c...
compiling os_mutex.c...
compiling os_q.c...
compiling os_sem.c...
compiling os_task.c...
compiling os_time.c...
compiling os_tmr.c...
assembling os_cpu_a.asm...
compiling os_cpu_c.c...
compiling os_dbg.c...
compiling hw_config.c...
compiling usb_desc.c...
compiling usb_endp.c...
compiling usb_istr.c...
compiling usb_prop.c...
compiling usb_pwr.c...
compiling usb_core.c...
compiling usb_init.c...
compiling usb_int.c...
compiling usb_mem.c...
compiling usb_regs.c...
compiling stm32f10x_adc.c...
compiling stm32f10x_bkp.c...
compiling stm32f10x_crc.c...
compiling stm32f10x_dac.c...
compiling stm32f10x_dbgmcu.c...
compiling stm32f10x_dma.c...
compiling stm32f10x_exti.c...
compiling stm32f10x_flash.c...
compiling stm32f10x_gpio.c...
compiling stm32f10x_i2c.c...
compiling stm32f10x_lib.c...
compiling stm32f10x_nvic.c...
compiling stm32f10x_pwr.c...
compiling stm32f10x_rcc.c...
compiling stm32f10x_sdio.c...
compiling stm32f10x_spi.c...
compiling stm32f10x_systick.c...
compiling stm32f10x_tim.c...
compiling stm32f10x_usart.c...
compiling stm32f10x_rtc.c...
assembling stm32f10x_startup.s...
assembling cortexm3_macro.s...
linking...
Program Size: Code=12690 RO-data=486 RW-data=412 ZI-data=8636  
FromELF: creating hex file...
".\Output\KOSPE-CTRL-V2.0.axf" - 0 Error(s), 0 Warning(s).
Load "E:\\04 欧乐科技\\20151113 超微量分光光度计\\软件程序\\KOSPE-CTRL-V2.0 20151223\\Output\\KOSPE-CTRL-V2.0" 
_____^
*** error 56: cant open file
Build target 'KOSPE-CTRL-V2.0'
compiling main.c...
compiling task.c...
compiling TaskInit.c...
compiling bsp.c...
compiling frame.c...
compiling nvic.c...
compiling queue.c...
compiling stm32f10x_it.c...
compiling timer2.c...
compiling system_stm32f10x.c...
compiling common.c...
compiling os_core.c...
compiling os_flag.c...
compiling os_mbox.c...
compiling os_mem.c...
compiling os_mutex.c...
compiling os_q.c...
compiling os_sem.c...
compiling os_task.c...
compiling os_time.c...
compiling os_tmr.c...
assembling os_cpu_a.asm...
compiling os_cpu_c.c...
compiling os_dbg.c...
compiling hw_config.c...
compiling usb_desc.c...
compiling usb_endp.c...
compiling usb_istr.c...
compiling usb_prop.c...
compiling usb_pwr.c...
compiling usb_core.c...
compiling usb_init.c...
compiling usb_int.c...
compiling usb_mem.c...
compiling usb_regs.c...
compiling stm32f10x_adc.c...
compiling stm32f10x_bkp.c...
compiling stm32f10x_crc.c...
compiling stm32f10x_dac.c...
compiling stm32f10x_dbgmcu.c...
compiling stm32f10x_dma.c...
compiling stm32f10x_exti.c...
compiling stm32f10x_flash.c...
compiling stm32f10x_gpio.c...
compiling stm32f10x_i2c.c...
compiling stm32f10x_lib.c...
compiling stm32f10x_nvic.c...
compiling stm32f10x_pwr.c...
compiling stm32f10x_rcc.c...
compiling stm32f10x_sdio.c...
compiling stm32f10x_spi.c...
compiling stm32f10x_systick.c...
compiling stm32f10x_tim.c...
compiling stm32f10x_usart.c...
compiling stm32f10x_rtc.c...
assembling stm32f10x_startup.s...
assembling cortexm3_macro.s...
linking...
Program Size: Code=12690 RO-data=486 RW-data=412 ZI-data=8636  
FromELF: creating hex file...
".\Output\KOSPE-CTRL-V2.0.axf" - 0 Error(s), 0 Warning(s).
Load "E:\\04 欧乐科技\\20151113 超微量分光光度计\\软件程序\\KOSPE-CTRL-V2.0 20151223\\Output\\KOSPE-CTRL-V2.0" 
_____^
*** error 56: cant open file
Build target 'KOSPE-CTRL-V2.0'
compiling main.c...
compiling task.c...
compiling TaskInit.c...
compiling bsp.c...
compiling frame.c...
compiling nvic.c...
compiling queue.c...
compiling stm32f10x_it.c...
compiling timer2.c...
compiling system_stm32f10x.c...
compiling common.c...
compiling os_core.c...
compiling os_flag.c...
compiling os_mbox.c...
compiling os_mem.c...
compiling os_mutex.c...
compiling os_q.c...
compiling os_sem.c...
compiling os_task.c...
compiling os_time.c...
compiling os_tmr.c...
assembling os_cpu_a.asm...
compiling os_cpu_c.c...
compiling os_dbg.c...
compiling hw_config.c...
compiling usb_desc.c...
compiling usb_endp.c...
compiling usb_istr.c...
compiling usb_prop.c...
compiling usb_pwr.c...
compiling usb_core.c...
compiling usb_init.c...
compiling usb_int.c...
compiling usb_mem.c...
compiling usb_regs.c...
compiling stm32f10x_adc.c...
compiling stm32f10x_bkp.c...
compiling stm32f10x_crc.c...
compiling stm32f10x_dac.c...
compiling stm32f10x_dbgmcu.c...
compiling stm32f10x_dma.c...
compiling stm32f10x_exti.c...
compiling stm32f10x_flash.c...
compiling stm32f10x_gpio.c...
compiling stm32f10x_i2c.c...
compiling stm32f10x_lib.c...
compiling stm32f10x_nvic.c...
compiling stm32f10x_pwr.c...
compiling stm32f10x_rcc.c...
compiling stm32f10x_sdio.c...
compiling stm32f10x_spi.c...
compiling stm32f10x_systick.c...
compiling stm32f10x_tim.c...
compiling stm32f10x_usart.c...
compiling stm32f10x_rtc.c...
assembling stm32f10x_startup.s...
assembling cortexm3_macro.s...
linking...
Program Size: Code=12690 RO-data=486 RW-data=412 ZI-data=8636  
FromELF: creating hex file...
".\Output\KOSPE-CTRL-V2.0.axf" - 0 Error(s), 0 Warning(s).
Load "E:\\04 欧乐科技\\20151113 超微量分光光度计\\软件程序\\KOSPE-CTRL-V2.0 20151223\\Output\\KOSPE-CTRL-V2.0" 
_____^
*** error 56: cant open file
Build target 'KOSPE-CTRL-V2.0'
compiling main.c...
compiling task.c...
compiling TaskInit.c...
compiling bsp.c...
compiling frame.c...
compiling nvic.c...
compiling queue.c...
compiling stm32f10x_it.c...
compiling timer2.c...
compiling system_stm32f10x.c...
compiling common.c...
compiling os_core.c...
compiling os_flag.c...
compiling os_mbox.c...
compiling os_mem.c...
compiling os_mutex.c...
compiling os_q.c...
compiling os_sem.c...
compiling os_task.c...
compiling os_time.c...
compiling os_tmr.c...
assembling os_cpu_a.asm...
compiling os_cpu_c.c...
compiling os_dbg.c...
compiling hw_config.c...
compiling usb_desc.c...
compiling usb_endp.c...
compiling usb_istr.c...
compiling usb_prop.c...
compiling usb_pwr.c...
compiling usb_core.c...
compiling usb_init.c...
compiling usb_int.c...
compiling usb_mem.c...
compiling usb_regs.c...
compiling stm32f10x_adc.c...
compiling stm32f10x_bkp.c...
compiling stm32f10x_crc.c...
compiling stm32f10x_dac.c...
compiling stm32f10x_dbgmcu.c...
compiling stm32f10x_dma.c...
compiling stm32f10x_exti.c...
compiling stm32f10x_flash.c...
compiling stm32f10x_gpio.c...
compiling stm32f10x_i2c.c...
compiling stm32f10x_lib.c...
compiling stm32f10x_nvic.c...
compiling stm32f10x_pwr.c...
compiling stm32f10x_rcc.c...
compiling stm32f10x_sdio.c...
compiling stm32f10x_spi.c...
compiling stm32f10x_systick.c...
compiling stm32f10x_tim.c...
compiling stm32f10x_usart.c...
compiling stm32f10x_rtc.c...
assembling stm32f10x_startup.s...
assembling cortexm3_macro.s...
linking...
Program Size: Code=12690 RO-data=486 RW-data=412 ZI-data=8636  
FromELF: creating hex file...
".\Output\KOSPE-CTRL-V2.0.axf" - 0 Error(s), 0 Warning(s).
Load "E:\\04 欧乐科技\\20151113 超微量分光光度计\\软件程序\\KOSPE-CTRL-V2.0 20151223\\Output\\KOSPE-CTRL-V2.0" 
_____^
*** error 56: cant open file
Build target 'KOSPE-CTRL-V2.0'
compiling main.c...
compiling task.c...
compiling TaskInit.c...
compiling bsp.c...
compiling frame.c...
compiling nvic.c...
compiling queue.c...
compiling stm32f10x_it.c...
compiling timer2.c...
compiling system_stm32f10x.c...
compiling common.c...
compiling os_core.c...
compiling os_flag.c...
compiling os_mbox.c...
compiling os_mem.c...
compiling os_mutex.c...
compiling os_q.c...
compiling os_sem.c...
compiling os_task.c...
compiling os_time.c...
compiling os_tmr.c...
assembling os_cpu_a.asm...
compiling os_cpu_c.c...
compiling os_dbg.c...
compiling hw_config.c...
compiling usb_desc.c...
compiling usb_endp.c...
compiling usb_istr.c...
compiling usb_prop.c...
compiling usb_pwr.c...
compiling usb_core.c...
compiling usb_init.c...
compiling usb_int.c...
compiling usb_mem.c...
compiling usb_regs.c...
compiling stm32f10x_adc.c...
compiling stm32f10x_bkp.c...
compiling stm32f10x_crc.c...
compiling stm32f10x_dac.c...
compiling stm32f10x_dbgmcu.c...
compiling stm32f10x_dma.c...
compiling stm32f10x_exti.c...
compiling stm32f10x_flash.c...
compiling stm32f10x_gpio.c...
compiling stm32f10x_i2c.c...
compiling stm32f10x_lib.c...
compiling stm32f10x_nvic.c...
compiling stm32f10x_pwr.c...
compiling stm32f10x_rcc.c...
compiling stm32f10x_sdio.c...
compiling stm32f10x_spi.c...
compiling stm32f10x_systick.c...
compiling stm32f10x_tim.c...
compiling stm32f10x_usart.c...
compiling stm32f10x_rtc.c...
assembling stm32f10x_startup.s...
assembling cortexm3_macro.s...
linking...
Program Size: Code=12690 RO-data=486 RW-data=412 ZI-data=8636  
FromELF: creating hex file...
".\Output\KOSPE-CTRL-V2.0.axf" - 0 Error(s), 0 Warning(s).
Build target 'KOSPE-CTRL-V2.0'
linking...
Program Size: Code=12690 RO-data=486 RW-data=412 ZI-data=8636  
FromELF: creating hex file...
".\Output\KOSPE-CTRL-V2.0.axf" - 0 Error(s), 0 Warning(s).
Build target 'KOSPE-CTRL-V2.0'
compiling main.c...
compiling task.c...
compiling TaskInit.c...
compiling bsp.c...
compiling frame.c...
compiling nvic.c...
compiling queue.c...
compiling stm32f10x_it.c...
compiling timer2.c...
compiling system_stm32f10x.c...
compiling common.c...
compiling os_core.c...
compiling os_flag.c...
compiling os_mbox.c...
compiling os_mem.c...
compiling os_mutex.c...
compiling os_q.c...
compiling os_sem.c...
compiling os_task.c...
compiling os_time.c...
compiling os_tmr.c...
assembling os_cpu_a.asm...
compiling os_cpu_c.c...
compiling os_dbg.c...
compiling hw_config.c...
compiling usb_desc.c...
compiling usb_endp.c...
compiling usb_istr.c...
compiling usb_prop.c...
compiling usb_pwr.c...
compiling usb_core.c...
compiling usb_init.c...
compiling usb_int.c...
compiling usb_mem.c...
compiling usb_regs.c...
compiling stm32f10x_adc.c...
compiling stm32f10x_bkp.c...
compiling stm32f10x_crc.c...
compiling stm32f10x_dac.c...
compiling stm32f10x_dbgmcu.c...
compiling stm32f10x_dma.c...
compiling stm32f10x_exti.c...
compiling stm32f10x_flash.c...
compiling stm32f10x_gpio.c...
compiling stm32f10x_i2c.c...
compiling stm32f10x_lib.c...
compiling stm32f10x_nvic.c...
compiling stm32f10x_pwr.c...
compiling stm32f10x_rcc.c...
compiling stm32f10x_sdio.c...
compiling stm32f10x_spi.c...
compiling stm32f10x_systick.c...
compiling stm32f10x_tim.c...
compiling stm32f10x_usart.c...
compiling stm32f10x_rtc.c...
assembling stm32f10x_startup.s...
assembling cortexm3_macro.s...
linking...
Program Size: Code=12690 RO-data=486 RW-data=412 ZI-data=8636  
FromELF: creating hex file...
".\Output\KOSPE-CTRL-V2.0.axf" - 0 Error(s), 0 Warning(s).
Load "E:\\04 欧乐科技\\20151113 超微量分光光度计\\软件程序\\KOSPE-CTRL-V2.0 20151223\\Output\\KOSPE-CTRL-V2.0" 
_____^
*** error 56: cant open file
Build target 'KOSPE-CTRL-V2.0'
compiling main.c...
compiling task.c...
compiling TaskInit.c...
compiling bsp.c...
compiling frame.c...
compiling nvic.c...
compiling queue.c...
compiling stm32f10x_it.c...
compiling timer2.c...
compiling system_stm32f10x.c...
compiling common.c...
compiling os_core.c...
compiling os_flag.c...
compiling os_mbox.c...
compiling os_mem.c...
compiling os_mutex.c...
compiling os_q.c...
compiling os_sem.c...
compiling os_task.c...
compiling os_time.c...
compiling os_tmr.c...
assembling os_cpu_a.asm...
compiling os_cpu_c.c...
compiling os_dbg.c...
compiling hw_config.c...
compiling usb_desc.c...
compiling usb_endp.c...
compiling usb_istr.c...
compiling usb_prop.c...
compiling usb_pwr.c...
compiling usb_core.c...
compiling usb_init.c...
compiling usb_int.c...
compiling usb_mem.c...
compiling usb_regs.c...
compiling stm32f10x_adc.c...
compiling stm32f10x_bkp.c...
compiling stm32f10x_crc.c...
compiling stm32f10x_dac.c...
compiling stm32f10x_dbgmcu.c...
compiling stm32f10x_dma.c...
compiling stm32f10x_exti.c...
compiling stm32f10x_flash.c...
compiling stm32f10x_gpio.c...
compiling stm32f10x_i2c.c...
compiling stm32f10x_lib.c...
compiling stm32f10x_nvic.c...
compiling stm32f10x_pwr.c...
compiling stm32f10x_rcc.c...
compiling stm32f10x_sdio.c...
compiling stm32f10x_spi.c...
compiling stm32f10x_systick.c...
compiling stm32f10x_tim.c...
compiling stm32f10x_usart.c...
compiling stm32f10x_rtc.c...
assembling stm32f10x_startup.s...
assembling cortexm3_macro.s...
linking...
Program Size: Code=12690 RO-data=486 RW-data=412 ZI-data=8636  
FromELF: creating hex file...
".\Output\KOSPE-CTRL-V2.0.axf" - 0 Error(s), 0 Warning(s).
Build target 'KOSPE-CTRL-V2.0'
compiling main.c...
compiling task.c...
compiling TaskInit.c...
compiling bsp.c...
compiling frame.c...
compiling nvic.c...
compiling queue.c...
compiling stm32f10x_it.c...
compiling timer2.c...
compiling system_stm32f10x.c...
compiling common.c...
compiling os_core.c...
compiling os_flag.c...
compiling os_mbox.c...
compiling os_mem.c...
compiling os_mutex.c...
compiling os_q.c...
compiling os_sem.c...
compiling os_task.c...
compiling os_time.c...
compiling os_tmr.c...
assembling os_cpu_a.asm...
compiling os_cpu_c.c...
compiling os_dbg.c...
compiling hw_config.c...
compiling usb_desc.c...
compiling usb_endp.c...
compiling usb_istr.c...
compiling usb_prop.c...
compiling usb_pwr.c...
compiling usb_core.c...
compiling usb_init.c...
compiling usb_int.c...
compiling usb_mem.c...
compiling usb_regs.c...
compiling stm32f10x_adc.c...
compiling stm32f10x_bkp.c...
compiling stm32f10x_crc.c...
compiling stm32f10x_dac.c...
compiling stm32f10x_dbgmcu.c...
compiling stm32f10x_dma.c...
compiling stm32f10x_exti.c...
compiling stm32f10x_flash.c...
compiling stm32f10x_gpio.c...
compiling stm32f10x_i2c.c...
compiling stm32f10x_lib.c...
compiling stm32f10x_nvic.c...
compiling stm32f10x_pwr.c...
compiling stm32f10x_rcc.c...
compiling stm32f10x_sdio.c...
compiling stm32f10x_spi.c...
compiling stm32f10x_systick.c...
compiling stm32f10x_tim.c...
compiling stm32f10x_usart.c...
compiling stm32f10x_rtc.c...
assembling stm32f10x_startup.s...
assembling cortexm3_macro.s...
linking...
Program Size: Code=12690 RO-data=486 RW-data=412 ZI-data=8636  
FromELF: creating hex file...
".\Output\KOSPE-CTRL-V2.0.axf" - 0 Error(s), 0 Warning(s).
Load "E:\\04 欧乐科技\\20151113 超微量分光光度计\\软件程序\\KOSPE-CTRL-V2.0 20151223\\Output\\KOSPE-CTRL-V2.0" 
_____^
*** error 56: cant open file
Build target 'KOSPE-CTRL-V2.0'
compiling main.c...
compiling task.c...
compiling TaskInit.c...
compiling bsp.c...
compiling frame.c...
compiling nvic.c...
compiling queue.c...
compiling stm32f10x_it.c...
compiling timer2.c...
compiling system_stm32f10x.c...
compiling common.c...
compiling os_core.c...
compiling os_flag.c...
compiling os_mbox.c...
compiling os_mem.c...
compiling os_mutex.c...
compiling os_q.c...
compiling os_sem.c...
compiling os_task.c...
compiling os_time.c...
compiling os_tmr.c...
assembling os_cpu_a.asm...
compiling os_cpu_c.c...
compiling os_dbg.c...
compiling hw_config.c...
compiling usb_desc.c...
compiling usb_endp.c...
compiling usb_istr.c...
compiling usb_prop.c...
compiling usb_pwr.c...
compiling usb_core.c...
compiling usb_init.c...
compiling usb_int.c...
compiling usb_mem.c...
compiling usb_regs.c...
compiling stm32f10x_adc.c...
compiling stm32f10x_bkp.c...
compiling stm32f10x_crc.c...
compiling stm32f10x_dac.c...
compiling stm32f10x_dbgmcu.c...
compiling stm32f10x_dma.c...
compiling stm32f10x_exti.c...
compiling stm32f10x_flash.c...
compiling stm32f10x_gpio.c...
compiling stm32f10x_i2c.c...
compiling stm32f10x_lib.c...
compiling stm32f10x_nvic.c...
compiling stm32f10x_pwr.c...
compiling stm32f10x_rcc.c...
compiling stm32f10x_sdio.c...
compiling stm32f10x_spi.c...
compiling stm32f10x_systick.c...
compiling stm32f10x_tim.c...
compiling stm32f10x_usart.c...
compiling stm32f10x_rtc.c...
assembling stm32f10x_startup.s...
assembling cortexm3_macro.s...
linking...
Program Size: Code=12690 RO-data=486 RW-data=412 ZI-data=8636  
FromELF: creating hex file...
".\Output\KOSPE-CTRL-V2.0.axf" - 0 Error(s), 0 Warning(s).
Load "E:\\04 欧乐科技\\20151113 超微量分光光度计\\软件程序\\KOSPE-CTRL-V2.0 20151223\\Output\\KOSPE-CTRL-V2.0" 
_____^
*** error 56: cant open file
Build target 'KOSPE-CTRL-V2.0'
compiling main.c...
compiling task.c...
compiling TaskInit.c...
compiling bsp.c...
compiling frame.c...
compiling nvic.c...
compiling queue.c...
compiling stm32f10x_it.c...
compiling timer2.c...
compiling system_stm32f10x.c...
compiling common.c...
compiling os_core.c...
compiling os_flag.c...
compiling os_mbox.c...
compiling os_mem.c...
compiling os_mutex.c...
compiling os_q.c...
compiling os_sem.c...
compiling os_task.c...
compiling os_time.c...
compiling os_tmr.c...
assembling os_cpu_a.asm...
compiling os_cpu_c.c...
compiling os_dbg.c...
compiling hw_config.c...
compiling usb_desc.c...
compiling usb_endp.c...
compiling usb_istr.c...
compiling usb_prop.c...
compiling usb_pwr.c...
compiling usb_core.c...
compiling usb_init.c...
compiling usb_int.c...
compiling usb_mem.c...
compiling usb_regs.c...
compiling stm32f10x_adc.c...
compiling stm32f10x_bkp.c...
compiling stm32f10x_crc.c...
compiling stm32f10x_dac.c...
compiling stm32f10x_dbgmcu.c...
compiling stm32f10x_dma.c...
compiling stm32f10x_exti.c...
compiling stm32f10x_flash.c...
compiling stm32f10x_gpio.c...
compiling stm32f10x_i2c.c...
compiling stm32f10x_lib.c...
compiling stm32f10x_nvic.c...
compiling stm32f10x_pwr.c...
compiling stm32f10x_rcc.c...
compiling stm32f10x_sdio.c...
compiling stm32f10x_spi.c...
compiling stm32f10x_systick.c...
compiling stm32f10x_tim.c...
compiling stm32f10x_usart.c...
compiling stm32f10x_rtc.c...
assembling stm32f10x_startup.s...
assembling cortexm3_macro.s...
linking...
Program Size: Code=12690 RO-data=486 RW-data=412 ZI-data=8636  
FromELF: creating hex file...
".\Output\KOSPE-CTRL-V2.0.axf" - 0 Error(s), 0 Warning(s).
Load "E:\\04 欧乐科技\\20151113 超微量分光光度计\\软件程序\\KOSPE-CTRL-V2.0 20151223\\Output\\KOSPE-CTRL-V2.0" 
_____^
*** error 56: cant open file
Load "E:\\04 欧乐科技\\20151113 超微量分光光度计\\软件程序\\KOSPE-CTRL-V2.0 20151223\\Output\\KOSPE-CTRL-V2.0" 
_____^
*** error 56: cant open file
Build target 'KOSPE-CTRL-V2.0'
compiling main.c...
compiling task.c...
compiling TaskInit.c...
compiling bsp.c...
compiling frame.c...
compiling nvic.c...
compiling queue.c...
compiling stm32f10x_it.c...
compiling timer2.c...
compiling system_stm32f10x.c...
compiling common.c...
compiling os_core.c...
compiling os_flag.c...
compiling os_mbox.c...
compiling os_mem.c...
compiling os_mutex.c...
compiling os_q.c...
compiling os_sem.c...
compiling os_task.c...
compiling os_time.c...
compiling os_tmr.c...
assembling os_cpu_a.asm...
compiling os_cpu_c.c...
compiling os_dbg.c...
compiling hw_config.c...
compiling usb_desc.c...
compiling usb_endp.c...
compiling usb_istr.c...
compiling usb_prop.c...
compiling usb_pwr.c...
compiling usb_core.c...
compiling usb_init.c...
compiling usb_int.c...
compiling usb_mem.c...
compiling usb_regs.c...
compiling stm32f10x_adc.c...
compiling stm32f10x_bkp.c...
compiling stm32f10x_crc.c...
compiling stm32f10x_dac.c...
compiling stm32f10x_dbgmcu.c...
compiling stm32f10x_dma.c...
compiling stm32f10x_exti.c...
compiling stm32f10x_flash.c...
compiling stm32f10x_gpio.c...
compiling stm32f10x_i2c.c...
compiling stm32f10x_lib.c...
compiling stm32f10x_nvic.c...
compiling stm32f10x_pwr.c...
compiling stm32f10x_rcc.c...
compiling stm32f10x_sdio.c...
compiling stm32f10x_spi.c...
compiling stm32f10x_systick.c...
compiling stm32f10x_tim.c...
compiling stm32f10x_usart.c...
compiling stm32f10x_rtc.c...
assembling stm32f10x_startup.s...
assembling cortexm3_macro.s...
linking...
Program Size: Code=12690 RO-data=486 RW-data=412 ZI-data=8636  
FromELF: creating hex file...
".\Output\KOSPE-CTRL-V2.0.axf" - 0 Error(s), 0 Warning(s).
Load "E:\\04 欧乐科技\\20151113 超微量分光光度计\\软件程序\\KOSPE-CTRL-V2.0 20151223\\Output\\KOSPE-CTRL-V2.0" 
_____^
*** error 56: cant open file
Load "E:\\04 欧乐科技\\20151113 超微量分光光度计\\软件程序\\KOSPE-CTRL-V2.0 20151223\\Output\\KOSPE-CTRL-V2.0" 
_____^
*** error 56: cant open file
Load "E:\\04 欧乐科技\\20151113 超微量分光光度计\\软件程序\\KOSPE-CTRL-V2.0 20151223\\Output\\KOSPE-CTRL-V2.0" 
_____^
*** error 56: cant open file
Build target 'KOSPE-CTRL-V2.0'
compiling main.c...
compiling task.c...
compiling TaskInit.c...
compiling bsp.c...
compiling frame.c...
compiling nvic.c...
compiling queue.c...
compiling stm32f10x_it.c...
compiling timer2.c...
compiling system_stm32f10x.c...
compiling common.c...
compiling os_core.c...
compiling os_flag.c...
compiling os_mbox.c...
compiling os_mem.c...
compiling os_mutex.c...
compiling os_q.c...
compiling os_sem.c...
compiling os_task.c...
compiling os_time.c...
compiling os_tmr.c...
assembling os_cpu_a.asm...
compiling os_cpu_c.c...
compiling os_dbg.c...
compiling hw_config.c...
compiling usb_desc.c...
compiling usb_endp.c...
compiling usb_istr.c...
compiling usb_prop.c...
compiling usb_pwr.c...
compiling usb_core.c...
compiling usb_init.c...
compiling usb_int.c...
compiling usb_mem.c...
compiling usb_regs.c...
compiling stm32f10x_adc.c...
compiling stm32f10x_bkp.c...
compiling stm32f10x_crc.c...
compiling stm32f10x_dac.c...
compiling stm32f10x_dbgmcu.c...
compiling stm32f10x_dma.c...
compiling stm32f10x_exti.c...
compiling stm32f10x_flash.c...
compiling stm32f10x_gpio.c...
compiling stm32f10x_i2c.c...
compiling stm32f10x_lib.c...
compiling stm32f10x_nvic.c...
compiling stm32f10x_pwr.c...
compiling stm32f10x_rcc.c...
compiling stm32f10x_sdio.c...
compiling stm32f10x_spi.c...
compiling stm32f10x_systick.c...
compiling stm32f10x_tim.c...
compiling stm32f10x_usart.c...
compiling stm32f10x_rtc.c...
assembling stm32f10x_startup.s...
assembling cortexm3_macro.s...
linking...
Program Size: Code=12690 RO-data=486 RW-data=412 ZI-data=8636  
FromELF: creating hex file...
".\Output\KOSPE-CTRL-V2.0.axf" - 0 Error(s), 0 Warning(s).
Load "E:\\04 欧乐科技\\20151113 超微量分光光度计\\软件程序\\KOSPE-CTRL-V2.0 20151223\\Output\\KOSPE-CTRL-V2.0" 
_____^
*** error 56: cant open file
Load "E:\\04 欧乐科技\\20151113 超微量分光光度计\\软件程序\\KOSPE-CTRL-V2.0 20151223\\Output\\KOSPE-CTRL-V2.0" 
_____^
*** error 56: cant open file
Load "E:\\04 欧乐科技\\20151113 超微量分光光度计\\软件程序\\KOSPE-CTRL-V2.0 20151223\\Output\\KOSPE-CTRL-V2.0" 
_____^
*** error 56: cant open file
Build target 'KOSPE-CTRL-V2.0'
compiling main.c...
compiling task.c...
compiling TaskInit.c...
compiling bsp.c...
compiling frame.c...
compiling nvic.c...
compiling queue.c...
compiling stm32f10x_it.c...
compiling timer2.c...
compiling system_stm32f10x.c...
compiling common.c...
compiling os_core.c...
compiling os_flag.c...
compiling os_mbox.c...
compiling os_mem.c...
compiling os_mutex.c...
compiling os_q.c...
compiling os_sem.c...
compiling os_task.c...
compiling os_time.c...
compiling os_tmr.c...
assembling os_cpu_a.asm...
compiling os_cpu_c.c...
compiling os_dbg.c...
compiling hw_config.c...
compiling usb_desc.c...
compiling usb_endp.c...
compiling usb_istr.c...
compiling usb_prop.c...
compiling usb_pwr.c...
compiling usb_core.c...
compiling usb_init.c...
compiling usb_int.c...
compiling usb_mem.c...
compiling usb_regs.c...
compiling stm32f10x_adc.c...
compiling stm32f10x_bkp.c...
compiling stm32f10x_crc.c...
compiling stm32f10x_dac.c...
compiling stm32f10x_dbgmcu.c...
compiling stm32f10x_dma.c...
compiling stm32f10x_exti.c...
compiling stm32f10x_flash.c...
compiling stm32f10x_gpio.c...
compiling stm32f10x_i2c.c...
compiling stm32f10x_lib.c...
compiling stm32f10x_nvic.c...
compiling stm32f10x_pwr.c...
compiling stm32f10x_rcc.c...
compiling stm32f10x_sdio.c...
compiling stm32f10x_spi.c...
compiling stm32f10x_systick.c...
compiling stm32f10x_tim.c...
compiling stm32f10x_usart.c...
compiling stm32f10x_rtc.c...
assembling stm32f10x_startup.s...
assembling cortexm3_macro.s...
linking...
Program Size: Code=12690 RO-data=486 RW-data=412 ZI-data=8636  
FromELF: creating hex file...
".\Output\KOSPE-CTRL-V.axf" - 0 Error(s), 0 Warning(s).
Load "E:\\04 欧乐科技\\20151113 超微量分光光度计\\软件程序\\KOSPE-CTRL-V2.0 20151223\\Output\\KOSPE-CTRL-V.AXF" 
Set JLink Project File to "E:\04 欧乐科技\20151113 超微量分光光度计\软件程序\KOSPE-CTRL-V2.0 20151223\JLinkSettings.ini"
 
JLink info:
------------
DLL: V4.15n, compiled Jun 18 2010 19:55:09
Firmware: J-Link ARM V8 compiled May 20 2010 17:07:46
Hardware: V8.00
S/N : 805306163 
Feature(s) : RDI,FlashDL,FlashBP,JFlash,GDBFull 
 
* JLink Info: Found SWD-DP with ID 0x1BA01477
* JLink Info: TPIU fitted.
* JLink Info: ETM fitted.
* JLink Info:   FPUnit: 6 code (BP) slots and 2 literal slots
ROMTableAddr = 0xE00FF003
 
Target info:
------------
Device: STM32F103VC
VTarget = 3.300V
State of Pins: 
TCK: 0, TDI: 0, TDO: 1, TMS: 0, TRES: 1, TRST: 1
* JLink Info: Found SWD-DP with ID 0x1BA01477
* JLink Info: TPIU fitted.
* JLink Info: ETM fitted.
* JLink Info:   FPUnit: 6 code (BP) slots and 2 literal slots
Hardware-Breakpoints: 6
Software-Breakpoints: 2048
Watchpoints:          4
JTAG speed: 2000 kHz
 
Full Chip Erase Done.
Programming Done.
Verify OK.
* JLink Info: Found SWD-DP with ID 0x1BA01477
* JLink Info: TPIU fitted.
* JLink Info: ETM fitted.
* JLink Info:   FPUnit: 6 code (BP) slots and 2 literal slots
Application running ...
Build target 'KOSPE-CTRL-V2.0'
compiling main.c...
compiling task.c...
compiling TaskInit.c...
compiling bsp.c...
compiling frame.c...
compiling nvic.c...
compiling queue.c...
compiling stm32f10x_it.c...
compiling timer2.c...
compiling system_stm32f10x.c...
compiling common.c...
compiling os_core.c...
compiling os_flag.c...
compiling os_mbox.c...
compiling os_mem.c...
compiling os_mutex.c...
compiling os_q.c...
compiling os_sem.c...
compiling os_task.c...
compiling os_time.c...
compiling os_tmr.c...
assembling os_cpu_a.asm...
compiling os_cpu_c.c...
compiling os_dbg.c...
compiling hw_config.c...
compiling usb_desc.c...
compiling usb_endp.c...
compiling usb_istr.c...
compiling usb_prop.c...
compiling usb_pwr.c...
compiling usb_core.c...
compiling usb_init.c...
compiling usb_int.c...
compiling usb_mem.c...
compiling usb_regs.c...
compiling stm32f10x_adc.c...
compiling stm32f10x_bkp.c...
compiling stm32f10x_crc.c...
compiling stm32f10x_dac.c...
compiling stm32f10x_dbgmcu.c...
compiling stm32f10x_dma.c...
compiling stm32f10x_exti.c...
compiling stm32f10x_flash.c...
compiling stm32f10x_gpio.c...
compiling stm32f10x_i2c.c...
compiling stm32f10x_lib.c...
compiling stm32f10x_nvic.c...
compiling stm32f10x_pwr.c...
compiling stm32f10x_rcc.c...
compiling stm32f10x_sdio.c...
compiling stm32f10x_spi.c...
compiling stm32f10x_systick.c...
compiling stm32f10x_tim.c...
compiling stm32f10x_usart.c...
compiling stm32f10x_rtc.c...
assembling stm32f10x_startup.s...
assembling cortexm3_macro.s...
linking...
Program Size: Code=12690 RO-data=486 RW-data=412 ZI-data=8636  
FromELF: creating hex file...
".\Output\KOSPE-CTRL-V2.axf" - 0 Error(s), 0 Warning(s).
Load "E:\\04 欧乐科技\\20151113 超微量分光光度计\\软件程序\\KOSPE-CTRL-V2.0 20151223\\Output\\KOSPE-CTRL-V2.AXF" 
Set JLink Project File to "E:\04 欧乐科技\20151113 超微量分光光度计\软件程序\KOSPE-CTRL-V2.0 20151223\JLinkSettings.ini"
 
JLink info:
------------
DLL: V4.15n, compiled Jun 18 2010 19:55:09
Firmware: J-Link ARM V8 compiled May 20 2010 17:07:46
Hardware: V8.00
S/N : 805306163 
Feature(s) : RDI,FlashDL,FlashBP,JFlash,GDBFull 
 
* JLink Info: Found SWD-DP with ID 0x1BA01477
* JLink Info: TPIU fitted.
* JLink Info: ETM fitted.
* JLink Info:   FPUnit: 6 code (BP) slots and 2 literal slots
ROMTableAddr = 0xE00FF003
 
Target info:
------------
Device: STM32F103VC
VTarget = 3.300V
State of Pins: 
TCK: 0, TDI: 0, TDO: 1, TMS: 0, TRES: 1, TRST: 1
* JLink Info: Found SWD-DP with ID 0x1BA01477
* JLink Info: TPIU fitted.
* JLink Info: ETM fitted.
* JLink Info:   FPUnit: 6 code (BP) slots and 2 literal slots
Hardware-Breakpoints: 6
Software-Breakpoints: 2048
Watchpoints:          4
JTAG speed: 2000 kHz
 
Full Chip Erase Done.
Programming Done.
Verify OK.
* JLink Info: Found SWD-DP with ID 0x1BA01477
* JLink Info: TPIU fitted.
* JLink Info: ETM fitted.
* JLink Info:   FPUnit: 6 code (BP) slots and 2 literal slots
Application running ...
Build target 'KOSPE-CTRL-V2.0'
compiling main.c...
compiling task.c...
compiling TaskInit.c...
compiling bsp.c...
compiling frame.c...
compiling nvic.c...
compiling queue.c...
compiling stm32f10x_it.c...
compiling timer2.c...
compiling system_stm32f10x.c...
compiling common.c...
compiling os_core.c...
compiling os_flag.c...
compiling os_mbox.c...
compiling os_mem.c...
compiling os_mutex.c...
compiling os_q.c...
compiling os_sem.c...
compiling os_task.c...
compiling os_time.c...
compiling os_tmr.c...
assembling os_cpu_a.asm...
compiling os_cpu_c.c...
compiling os_dbg.c...
compiling hw_config.c...
compiling usb_desc.c...
compiling usb_endp.c...
compiling usb_istr.c...
compiling usb_prop.c...
compiling usb_pwr.c...
compiling usb_core.c...
compiling usb_init.c...
compiling usb_int.c...
compiling usb_mem.c...
compiling usb_regs.c...
compiling stm32f10x_adc.c...
compiling stm32f10x_bkp.c...
compiling stm32f10x_crc.c...
compiling stm32f10x_dac.c...
compiling stm32f10x_dbgmcu.c...
compiling stm32f10x_dma.c...
compiling stm32f10x_exti.c...
compiling stm32f10x_flash.c...
compiling stm32f10x_gpio.c...
compiling stm32f10x_i2c.c...
compiling stm32f10x_lib.c...
compiling stm32f10x_nvic.c...
compiling stm32f10x_pwr.c...
compiling stm32f10x_rcc.c...
compiling stm32f10x_sdio.c...
compiling stm32f10x_spi.c...
compiling stm32f10x_systick.c...
compiling stm32f10x_tim.c...
compiling stm32f10x_usart.c...
compiling stm32f10x_rtc.c...
assembling stm32f10x_startup.s...
assembling cortexm3_macro.s...
linking...
Program Size: Code=12654 RO-data=486 RW-data=412 ZI-data=8636  
FromELF: creating hex file...
".\Output\KOSPE-CTRL-V2.axf" - 0 Error(s), 0 Warning(s).
Load "E:\\04 欧乐科技\\20151113 超微量分光光度计\\软件程序\\KOSPE-CTRL-V2.0 20151223\\Output\\KOSPE-CTRL-V2.AXF" 
Set JLink Project File to "E:\04 欧乐科技\20151113 超微量分光光度计\软件程序\KOSPE-CTRL-V2.0 20151223\JLinkSettings.ini"
 
JLink info:
------------
DLL: V4.15n, compiled Jun 18 2010 19:55:09
Firmware: J-Link ARM V8 compiled May 20 2010 17:07:46
Hardware: V8.00
S/N : 805306163 
Feature(s) : RDI,FlashDL,FlashBP,JFlash,GDBFull 
 
* JLink Info: Found SWD-DP with ID 0x1BA01477
* JLink Info: TPIU fitted.
* JLink Info: ETM fitted.
* JLink Info:   FPUnit: 6 code (BP) slots and 2 literal slots
ROMTableAddr = 0xE00FF003
 
Target info:
------------
Device: STM32F103VC
VTarget = 3.300V
State of Pins: 
TCK: 0, TDI: 0, TDO: 1, TMS: 0, TRES: 1, TRST: 1
* JLink Info: Found SWD-DP with ID 0x1BA01477
* JLink Info: TPIU fitted.
* JLink Info: ETM fitted.
* JLink Info:   FPUnit: 6 code (BP) slots and 2 literal slots
Hardware-Breakpoints: 6
Software-Breakpoints: 2048
Watchpoints:          4
JTAG speed: 2000 kHz
 
Full Chip Erase Done.
Programming Done.
Verify OK.
* JLink Info: Found SWD-DP with ID 0x1BA01477
* JLink Info: TPIU fitted.
* JLink Info: ETM fitted.
* JLink Info:   FPUnit: 6 code (BP) slots and 2 literal slots
Application running ...
Build target 'KOSPE-CTRL-V2.0'
compiling main.c...
compiling task.c...
compiling TaskInit.c...
compiling bsp.c...
compiling frame.c...
compiling nvic.c...
compiling queue.c...
compiling stm32f10x_it.c...
compiling timer2.c...
compiling system_stm32f10x.c...
compiling common.c...
compiling os_core.c...
compiling os_flag.c...
compiling os_mbox.c...
compiling os_mem.c...
compiling os_mutex.c...
compiling os_q.c...
compiling os_sem.c...
compiling os_task.c...
compiling os_time.c...
compiling os_tmr.c...
assembling os_cpu_a.asm...
compiling os_cpu_c.c...
compiling os_dbg.c...
compiling hw_config.c...
compiling usb_desc.c...
compiling usb_endp.c...
compiling usb_istr.c...
compiling usb_prop.c...
compiling usb_pwr.c...
compiling usb_core.c...
compiling usb_init.c...
compiling usb_int.c...
compiling usb_mem.c...
compiling usb_regs.c...
compiling stm32f10x_adc.c...
compiling stm32f10x_bkp.c...
compiling stm32f10x_crc.c...
compiling stm32f10x_dac.c...
compiling stm32f10x_dbgmcu.c...
compiling stm32f10x_dma.c...
compiling stm32f10x_exti.c...
compiling stm32f10x_flash.c...
compiling stm32f10x_gpio.c...
compiling stm32f10x_i2c.c...
compiling stm32f10x_lib.c...
compiling stm32f10x_nvic.c...
compiling stm32f10x_pwr.c...
compiling stm32f10x_rcc.c...
compiling stm32f10x_sdio.c...
compiling stm32f10x_spi.c...
compiling stm32f10x_systick.c...
compiling stm32f10x_tim.c...
compiling stm32f10x_usart.c...
compiling stm32f10x_rtc.c...
assembling stm32f10x_startup.s...
assembling cortexm3_macro.s...
linking...
Program Size: Code=13006 RO-data=486 RW-data=412 ZI-data=8636  
FromELF: creating hex file...
".\Output\KOSPE-CTRL-V2.axf" - 0 Error(s), 0 Warning(s).
Load "E:\\04 欧乐科技\\20151113 超微量分光光度计\\软件程序\\KOSPE-CTRL-V2.0 20151223\\Output\\KOSPE-CTRL-V2.AXF" 
Set JLink Project File to "E:\04 欧乐科技\20151113 超微量分光光度计\软件程序\KOSPE-CTRL-V2.0 20151223\JLinkSettings.ini"
 
JLink info:
------------
DLL: V4.15n, compiled Jun 18 2010 19:55:09
Firmware: J-Link ARM V8 compiled May 20 2010 17:07:46
Hardware: V8.00
S/N : 805306163 
Feature(s) : RDI,FlashDL,FlashBP,JFlash,GDBFull 
 
* JLink Info: Found SWD-DP with ID 0x1BA01477
* JLink Info: TPIU fitted.
* JLink Info: ETM fitted.
* JLink Info:   FPUnit: 6 code (BP) slots and 2 literal slots
ROMTableAddr = 0xE00FF003
 
Target info:
------------
Device: STM32F103VC
VTarget = 3.300V
State of Pins: 
TCK: 0, TDI: 0, TDO: 1, TMS: 0, TRES: 1, TRST: 1
* JLink Info: Found SWD-DP with ID 0x1BA01477
* JLink Info: TPIU fitted.
* JLink Info: ETM fitted.
* JLink Info:   FPUnit: 6 code (BP) slots and 2 literal slots
Hardware-Breakpoints: 6
Software-Breakpoints: 2048
Watchpoints:          4
JTAG speed: 2000 kHz
 
Full Chip Erase Done.
Programming Done.
Verify OK.
* JLink Info: Found SWD-DP with ID 0x1BA01477
* JLink Info: TPIU fitted.
* JLink Info: ETM fitted.
* JLink Info:   FPUnit: 6 code (BP) slots and 2 literal slots
Application running ...
Build target 'KOSPE-CTRL-V2'
compiling main.c...
compiling task.c...
compiling TaskInit.c...
compiling bsp.c...
compiling frame.c...
compiling nvic.c...
compiling queue.c...
compiling stm32f10x_it.c...
compiling timer2.c...
compiling system_stm32f10x.c...
compiling common.c...
compiling os_core.c...
compiling os_flag.c...
compiling os_mbox.c...
compiling os_mem.c...
compiling os_mutex.c...
compiling os_q.c...
compiling os_sem.c...
compiling os_task.c...
compiling os_time.c...
compiling os_tmr.c...
assembling os_cpu_a.asm...
compiling os_cpu_c.c...
compiling os_dbg.c...
compiling hw_config.c...
compiling usb_desc.c...
compiling usb_endp.c...
compiling usb_istr.c...
compiling usb_prop.c...
compiling usb_pwr.c...
compiling usb_core.c...
compiling usb_init.c...
compiling usb_int.c...
compiling usb_mem.c...
compiling usb_regs.c...
compiling stm32f10x_adc.c...
compiling stm32f10x_bkp.c...
compiling stm32f10x_crc.c...
compiling stm32f10x_dac.c...
compiling stm32f10x_dbgmcu.c...
compiling stm32f10x_dma.c...
compiling stm32f10x_exti.c...
compiling stm32f10x_flash.c...
compiling stm32f10x_gpio.c...
compiling stm32f10x_i2c.c...
compiling stm32f10x_lib.c...
compiling stm32f10x_nvic.c...
compiling stm32f10x_pwr.c...
compiling stm32f10x_rcc.c...
compiling stm32f10x_sdio.c...
compiling stm32f10x_spi.c...
compiling stm32f10x_systick.c...
compiling stm32f10x_tim.c...
compiling stm32f10x_usart.c...
compiling stm32f10x_rtc.c...
assembling stm32f10x_startup.s...
assembling cortexm3_macro.s...
linking...
Program Size: Code=13006 RO-data=486 RW-data=412 ZI-data=8636  
FromELF: creating hex file...
".\Output\KOSPE-CTRL-V2.axf" - 0 Error(s), 0 Warning(s).
