<html>
<body>
<pre>
<h1>礦ision Build Log</h1>
<h2>Project:</h2>
E:\04 欧乐科技\20151113 超微量分光光度计\软件程序\KOSPE-CTRL-V2.0 20160316\KOSPE-CTRL-V2.0.uvproj
Project File Date:  03/15/2016

<h2>Output:</h2>
Build target 'KOSPE-CTRL-V2'
compiling main.c...
compiling TaskInit.c...
compiling task.c...
compiling dcMotor.c...
compiling bsp.c...
compiling frame.c...
compiling nvic.c...
compiling queue.c...
compiling stm32f10x_it.c...
compiling timer2.c...
compiling system_stm32f10x.c...
compiling common.c...
compiling pcComm.c...
compiling stepMotor.c...
compiling timer3.c...
compiling timer5.c...
compiling temControl.c...
compiling temDriver.c...
compiling adcDriver.c...
compiling eeprom.c...
compiling spi1.c...
compiling absEncoder.c...
compiling spi2.c...
compiling uart1.c...
compiling os_core.c...
compiling os_flag.c...
compiling os_mbox.c...
compiling os_mem.c...
compiling os_mutex.c...
compiling os_q.c...
compiling os_sem.c...
compiling os_task.c...
compiling os_time.c...
compiling os_tmr.c...
assembling os_cpu_a.asm...
compiling os_cpu_c.c...
compiling os_dbg.c...
compiling hw_config.c...
compiling usb_desc.c...
compiling usb_endp.c...
compiling usb_istr.c...
compiling usb_prop.c...
compiling usb_pwr.c...
compiling usb_core.c...
compiling usb_init.c...
compiling usb_int.c...
compiling usb_mem.c...
compiling usb_regs.c...
compiling stm32f10x_adc.c...
compiling stm32f10x_bkp.c...
compiling stm32f10x_crc.c...
compiling stm32f10x_dac.c...
compiling stm32f10x_dbgmcu.c...
compiling stm32f10x_dma.c...
compiling stm32f10x_exti.c...
compiling stm32f10x_flash.c...
compiling stm32f10x_gpio.c...
compiling stm32f10x_i2c.c...
compiling stm32f10x_lib.c...
compiling stm32f10x_nvic.c...
compiling stm32f10x_pwr.c...
compiling stm32f10x_rcc.c...
compiling stm32f10x_sdio.c...
compiling stm32f10x_spi.c...
compiling stm32f10x_systick.c...
compiling stm32f10x_tim.c...
compiling stm32f10x_usart.c...
compiling stm32f10x_rtc.c...
assembling stm32f10x_startup.s...
assembling cortexm3_macro.s...
linking...
Program Size: Code=30146 RO-data=494 RW-data=408 ZI-data=29824  
FromELF: creating hex file...
".\Output\KOSPE-CTRL-V2-20160315.axf" - 0 Error(s), 0 Warning(s).
Load "E:\\04 欧乐科技\\20151113 超微量分光光度计\\软件程序\\KOSPE-CTRL-V2.0 20160316\\Output\\KOSPE-CTRL-V2-20160315.AXF" 
Set JLink Project File to "E:\04 欧乐科技\20151113 超微量分光光度计\软件程序\KOSPE-CTRL-V2.0 20160316\JLinkSettings.ini"
 
JLink info:
------------
DLL: V4.15n, compiled Jun 18 2010 19:55:09
Firmware: J-Link ARM V8 compiled Nov 14 2012 22:34:52
Hardware: V8.00
S/N : 805306163 
Feature(s) : RDI,FlashDL,FlashBP,JFlash,GDBFull 
 
* JLink Info: Found SWD-DP with ID 0x1BA01477
* JLink Info: TPIU fitted.
* JLink Info: ETM fitted.
* JLink Info:   FPUnit: 6 code (BP) slots and 2 literal slots
ROMTableAddr = 0xE00FF003
 
Target info:
------------
Device: STM32F103VC
VTarget = 3.332V
State of Pins: 
TCK: 0, TDI: 0, TDO: 0, TMS: 1, TRES: 1, TRST: 0
* JLink Info: Found SWD-DP with ID 0x1BA01477
* JLink Info: TPIU fitted.
* JLink Info: ETM fitted.
* JLink Info:   FPUnit: 6 code (BP) slots and 2 literal slots
Hardware-Breakpoints: 6
Software-Breakpoints: 2048
Watchpoints:          4
JTAG speed: 2000 kHz
 
Full Chip Erase Done.
Programming Done.
Verify OK.
* JLink Info: Found SWD-DP with ID 0x1BA01477
* JLink Info: TPIU fitted.
* JLink Info: ETM fitted.
* JLink Info:   FPUnit: 6 code (BP) slots and 2 literal slots
Application running ...
Build target 'KOSPE-CTRL-V2'
compiling main.c...
compiling TaskInit.c...
compiling task.c...
compiling dcMotor.c...
compiling bsp.c...
compiling frame.c...
compiling nvic.c...
compiling queue.c...
compiling stm32f10x_it.c...
compiling timer2.c...
compiling system_stm32f10x.c...
compiling common.c...
compiling pcComm.c...
compiling stepMotor.c...
compiling timer3.c...
compiling timer5.c...
compiling temControl.c...
compiling temDriver.c...
compiling adcDriver.c...
compiling eeprom.c...
compiling spi1.c...
compiling absEncoder.c...
compiling spi2.c...
compiling uart1.c...
compiling os_core.c...
compiling os_flag.c...
compiling os_mbox.c...
compiling os_mem.c...
compiling os_mutex.c...
compiling os_q.c...
compiling os_sem.c...
compiling os_task.c...
compiling os_time.c...
compiling os_tmr.c...
assembling os_cpu_a.asm...
compiling os_cpu_c.c...
compiling os_dbg.c...
compiling hw_config.c...
compiling usb_desc.c...
compiling usb_endp.c...
compiling usb_istr.c...
compiling usb_prop.c...
compiling usb_pwr.c...
compiling usb_core.c...
compiling usb_init.c...
compiling usb_int.c...
compiling usb_mem.c...
compiling usb_regs.c...
compiling stm32f10x_adc.c...
compiling stm32f10x_bkp.c...
compiling stm32f10x_crc.c...
compiling stm32f10x_dac.c...
compiling stm32f10x_dbgmcu.c...
compiling stm32f10x_dma.c...
compiling stm32f10x_exti.c...
compiling stm32f10x_flash.c...
compiling stm32f10x_gpio.c...
compiling stm32f10x_i2c.c...
compiling stm32f10x_lib.c...
compiling stm32f10x_nvic.c...
compiling stm32f10x_pwr.c...
compiling stm32f10x_rcc.c...
compiling stm32f10x_sdio.c...
compiling stm32f10x_spi.c...
compiling stm32f10x_systick.c...
compiling stm32f10x_tim.c...
compiling stm32f10x_usart.c...
compiling stm32f10x_rtc.c...
assembling stm32f10x_startup.s...
assembling cortexm3_macro.s...
linking...
Program Size: Code=30146 RO-data=494 RW-data=408 ZI-data=29824  
FromELF: creating hex file...
".\Output\KOSPE-CTRL-V2-20160315.axf" - 0 Error(s), 0 Warning(s).
Build target 'KOSPE-CTRL-V2'
compiling main.c...
compiling TaskInit.c...
compiling task.c...
compiling dcMotor.c...
compiling bsp.c...
compiling frame.c...
compiling nvic.c...
compiling queue.c...
compiling stm32f10x_it.c...
compiling timer2.c...
compiling system_stm32f10x.c...
compiling common.c...
compiling pcComm.c...
compiling stepMotor.c...
compiling timer3.c...
compiling timer5.c...
compiling temControl.c...
compiling temDriver.c...
compiling adcDriver.c...
compiling eeprom.c...
compiling spi1.c...
compiling absEncoder.c...
compiling spi2.c...
compiling uart1.c...
compiling os_core.c...
compiling os_flag.c...
compiling os_mbox.c...
compiling os_mem.c...
compiling os_mutex.c...
compiling os_q.c...
compiling os_sem.c...
compiling os_task.c...
compiling os_time.c...
compiling os_tmr.c...
assembling os_cpu_a.asm...
compiling os_cpu_c.c...
compiling os_dbg.c...
compiling hw_config.c...
compiling usb_desc.c...
compiling usb_endp.c...
compiling usb_istr.c...
compiling usb_prop.c...
compiling usb_pwr.c...
compiling usb_core.c...
compiling usb_init.c...
compiling usb_int.c...
compiling usb_mem.c...
compiling usb_regs.c...
compiling stm32f10x_adc.c...
compiling stm32f10x_bkp.c...
compiling stm32f10x_crc.c...
compiling stm32f10x_dac.c...
compiling stm32f10x_dbgmcu.c...
compiling stm32f10x_dma.c...
compiling stm32f10x_exti.c...
compiling stm32f10x_flash.c...
compiling stm32f10x_gpio.c...
compiling stm32f10x_i2c.c...
compiling stm32f10x_lib.c...
compiling stm32f10x_nvic.c...
compiling stm32f10x_pwr.c...
compiling stm32f10x_rcc.c...
compiling stm32f10x_sdio.c...
compiling stm32f10x_spi.c...
compiling stm32f10x_systick.c...
compiling stm32f10x_tim.c...
compiling stm32f10x_usart.c...
compiling stm32f10x_rtc.c...
assembling stm32f10x_startup.s...
assembling cortexm3_macro.s...
linking...
Program Size: Code=30146 RO-data=494 RW-data=408 ZI-data=29824  
FromELF: creating hex file...
".\Output\KOSPE-CTRL-V2-20160330.axf" - 0 Error(s), 0 Warning(s).
Load "E:\\04 欧乐科技\\20151113 超微量分光光度计\\软件程序\\KOSPE-CTRL-V2.0 20160316\\Output\\KOSPE-CTRL-V2-20160330.AXF" 
Set JLink Project File to "E:\04 欧乐科技\20151113 超微量分光光度计\软件程序\KOSPE-CTRL-V2.0 20160316\JLinkSettings.ini"
 
JLink info:
------------
DLL: V4.15n, compiled Jun 18 2010 19:55:09
Firmware: J-Link ARM V8 compiled Nov 14 2012 22:34:52
Hardware: V8.00
S/N : 805306163 
Feature(s) : RDI,FlashDL,FlashBP,JFlash,GDBFull 
 
* JLink Info: Found SWD-DP with ID 0x1BA01477
* JLink Info: TPIU fitted.
* JLink Info: ETM fitted.
* JLink Info:   FPUnit: 6 code (BP) slots and 2 literal slots
ROMTableAddr = 0xE00FF003
 
Target info:
------------
Device: STM32F103VC
VTarget = 3.332V
State of Pins: 
TCK: 0, TDI: 0, TDO: 0, TMS: 1, TRES: 1, TRST: 0
* JLink Info: Found SWD-DP with ID 0x1BA01477
* JLink Info: TPIU fitted.
* JLink Info: ETM fitted.
* JLink Info:   FPUnit: 6 code (BP) slots and 2 literal slots
Hardware-Breakpoints: 6
Software-Breakpoints: 2048
Watchpoints:          4
JTAG speed: 2000 kHz
 
Full Chip Erase Done.
Programming Done.
Verify OK.
* JLink Info: Found SWD-DP with ID 0x1BA01477
* JLink Info: TPIU fitted.
* JLink Info: ETM fitted.
* JLink Info:   FPUnit: 6 code (BP) slots and 2 literal slots
Application running ...
Load "E:\\04 欧乐科技\\20151113 超微量分光光度计\\软件程序\\KOSPE-CTRL-V2.0 20160316\\Output\\KOSPE-CTRL-V2-20160330.AXF" 
Set JLink Project File to "E:\04 欧乐科技\20151113 超微量分光光度计\软件程序\KOSPE-CTRL-V2.0 20160316\JLinkSettings.ini"
 
JLink info:
------------
DLL: V4.15n, compiled Jun 18 2010 19:55:09
Firmware: J-Link ARM V8 compiled Nov 14 2012 22:34:52
Hardware: V8.00
S/N : 805306163 
Feature(s) : RDI,FlashDL,FlashBP,JFlash,GDBFull 
 
* JLink Info: Found SWD-DP with ID 0x1BA01477
* JLink Info: TPIU fitted.
* JLink Info: ETM fitted.
* JLink Info:   FPUnit: 6 code (BP) slots and 2 literal slots
ROMTableAddr = 0xE00FF003
 
Target info:
------------
Device: STM32F103VC
VTarget = 3.267V
State of Pins: 
TCK: 0, TDI: 0, TDO: 0, TMS: 1, TRES: 1, TRST: 1
* JLink Info: Found SWD-DP with ID 0x1BA01477
* JLink Info: TPIU fitted.
* JLink Info: ETM fitted.
* JLink Info:   FPUnit: 6 code (BP) slots and 2 literal slots
Hardware-Breakpoints: 6
Software-Breakpoints: 2048
Watchpoints:          4
JTAG speed: 2000 kHz
 
Full Chip Erase Done.
Programming Done.
Verify OK.
* JLink Info: Found SWD-DP with ID 0x1BA01477
* JLink Info: TPIU fitted.
* JLink Info: ETM fitted.
* JLink Info:   FPUnit: 6 code (BP) slots and 2 literal slots
Application running ...
Load "E:\\04 欧乐科技\\20151113 超微量分光光度计\\软件程序\\KOSPE-CTRL-V2.0 20160316\\Output\\KOSPE-CTRL-V2-20160330.AXF" 
Set JLink Project File to "E:\04 欧乐科技\20151113 超微量分光光度计\软件程序\KOSPE-CTRL-V2.0 20160316\JLinkSettings.ini"
 
JLink info:
------------
DLL: V4.15n, compiled Jun 18 2010 19:55:09
Firmware: J-Link ARM V8 compiled Nov 14 2012 22:34:52
Hardware: V8.00
S/N : 805306163 
Feature(s) : RDI,FlashDL,FlashBP,JFlash,GDBFull 
 
* JLink Info: Found SWD-DP with ID 0x1BA01477
* JLink Info: TPIU fitted.
* JLink Info: ETM fitted.
* JLink Info:   FPUnit: 6 code (BP) slots and 2 literal slots
ROMTableAddr = 0xE00FF003
 
Target info:
------------
Device: STM32F103VC
VTarget = 3.267V
State of Pins: 
TCK: 0, TDI: 0, TDO: 0, TMS: 1, TRES: 1, TRST: 0
* JLink Info: Found SWD-DP with ID 0x1BA01477
* JLink Info: TPIU fitted.
* JLink Info: ETM fitted.
* JLink Info:   FPUnit: 6 code (BP) slots and 2 literal slots
Hardware-Breakpoints: 6
Software-Breakpoints: 2048
Watchpoints:          4
JTAG speed: 2000 kHz
 
Full Chip Erase Done.
Programming Done.
Verify OK.
* JLink Info: Found SWD-DP with ID 0x1BA01477
* JLink Info: TPIU fitted.
* JLink Info: ETM fitted.
* JLink Info:   FPUnit: 6 code (BP) slots and 2 literal slots
Application running ...
Load "E:\\04 欧乐科技\\20151113 超微量分光光度计\\软件程序\\KOSPE-CTRL-V2.0 20160316\\Output\\KOSPE-CTRL-V2-20160330.AXF" 
Set JLink Project File to "E:\04 欧乐科技\20151113 超微量分光光度计\软件程序\KOSPE-CTRL-V2.0 20160316\JLinkSettings.ini"
 
JLink info:
------------
DLL: V4.15n, compiled Jun 18 2010 19:55:09
Firmware: J-Link ARM V8 compiled Nov 14 2012 22:34:52
Hardware: V8.00
S/N : 805306163 
Feature(s) : RDI,FlashDL,FlashBP,JFlash,GDBFull 
 
* JLink Info: Found SWD-DP with ID 0x1BA01477
* JLink Info: TPIU fitted.
* JLink Info: ETM fitted.
* JLink Info:   FPUnit: 6 code (BP) slots and 2 literal slots
ROMTableAddr = 0xE00FF003
 
Target info:
------------
Device: STM32F103VC
VTarget = 3.280V
State of Pins: 
TCK: 0, TDI: 0, TDO: 0, TMS: 1, TRES: 1, TRST: 1
* JLink Info: Found SWD-DP with ID 0x1BA01477
* JLink Info: TPIU fitted.
* JLink Info: ETM fitted.
* JLink Info:   FPUnit: 6 code (BP) slots and 2 literal slots
Hardware-Breakpoints: 6
Software-Breakpoints: 2048
Watchpoints:          4
JTAG speed: 2000 kHz
 
Full Chip Erase Done.
Programming Done.
Verify OK.
* JLink Info: Found SWD-DP with ID 0x1BA01477
* JLink Info: TPIU fitted.
* JLink Info: ETM fitted.
* JLink Info:   FPUnit: 6 code (BP) slots and 2 literal slots
Application running ...
Build target 'KOSPE-CTRL-V2'
compiling main.c...
compiling TaskInit.c...
compiling task.c...
compiling dcMotor.c...
compiling bsp.c...
compiling frame.c...
compiling nvic.c...
compiling queue.c...
compiling stm32f10x_it.c...
compiling timer2.c...
compiling system_stm32f10x.c...
compiling common.c...
compiling pcComm.c...
compiling stepMotor.c...
compiling timer3.c...
compiling timer5.c...
compiling temControl.c...
compiling temDriver.c...
compiling adcDriver.c...
compiling eeprom.c...
compiling spi1.c...
compiling absEncoder.c...
compiling spi2.c...
compiling uart1.c...
compiling os_core.c...
compiling os_flag.c...
compiling os_mbox.c...
compiling os_mem.c...
compiling os_mutex.c...
compiling os_q.c...
compiling os_sem.c...
compiling os_task.c...
compiling os_time.c...
compiling os_tmr.c...
assembling os_cpu_a.asm...
compiling os_cpu_c.c...
compiling os_dbg.c...
compiling hw_config.c...
compiling usb_desc.c...
compiling usb_endp.c...
compiling usb_istr.c...
compiling usb_prop.c...
compiling usb_pwr.c...
compiling usb_core.c...
compiling usb_init.c...
compiling usb_int.c...
compiling usb_mem.c...
compiling usb_regs.c...
compiling stm32f10x_adc.c...
compiling stm32f10x_bkp.c...
compiling stm32f10x_crc.c...
compiling stm32f10x_dac.c...
compiling stm32f10x_dbgmcu.c...
compiling stm32f10x_dma.c...
compiling stm32f10x_exti.c...
compiling stm32f10x_flash.c...
compiling stm32f10x_gpio.c...
compiling stm32f10x_i2c.c...
compiling stm32f10x_lib.c...
compiling stm32f10x_nvic.c...
compiling stm32f10x_pwr.c...
compiling stm32f10x_rcc.c...
compiling stm32f10x_sdio.c...
compiling stm32f10x_spi.c...
compiling stm32f10x_systick.c...
compiling stm32f10x_tim.c...
compiling stm32f10x_usart.c...
compiling stm32f10x_rtc.c...
assembling stm32f10x_startup.s...
assembling cortexm3_macro.s...
linking...
Program Size: Code=30126 RO-data=494 RW-data=408 ZI-data=29824  
FromELF: creating hex file...
".\Output\KOSPE-CTRL-V2-20160330.axf" - 0 Error(s), 0 Warning(s).
Load "E:\\04 欧乐科技\\20151113 超微量分光光度计\\软件程序\\KOSPE-CTRL-V2.0 20160316\\Output\\KOSPE-CTRL-V2-20160330.AXF" 
Set JLink Project File to "E:\04 欧乐科技\20151113 超微量分光光度计\软件程序\KOSPE-CTRL-V2.0 20160316\JLinkSettings.ini"
 
JLink info:
------------
DLL: V4.15n, compiled Jun 18 2010 19:55:09
Firmware: J-Link ARM V8 compiled Nov 14 2012 22:34:52
Hardware: V8.00
S/N : 805306163 
Feature(s) : RDI,FlashDL,FlashBP,JFlash,GDBFull 
 
* JLink Info: Found SWD-DP with ID 0x1BA01477
* JLink Info: TPIU fitted.
* JLink Info: ETM fitted.
* JLink Info:   FPUnit: 6 code (BP) slots and 2 literal slots
ROMTableAddr = 0xE00FF003
 
Target info:
------------
Device: STM32F103VC
VTarget = 3.332V
State of Pins: 
TCK: 0, TDI: 0, TDO: 1, TMS: 1, TRES: 1, TRST: 1
* JLink Info: Found SWD-DP with ID 0x1BA01477
* JLink Info: TPIU fitted.
* JLink Info: ETM fitted.
* JLink Info:   FPUnit: 6 code (BP) slots and 2 literal slots
Hardware-Breakpoints: 6
Software-Breakpoints: 2048
Watchpoints:          4
JTAG speed: 2000 kHz
 
Full Chip Erase Done.
Programming Done.
Verify OK.
* JLink Info: Found SWD-DP with ID 0x1BA01477
* JLink Info: TPIU fitted.
* JLink Info: ETM fitted.
* JLink Info:   FPUnit: 6 code (BP) slots and 2 literal slots
Application running ...
Build target 'KOSPE-CTRL-V2'
compiling main.c...
compiling TaskInit.c...
compiling task.c...
compiling dcMotor.c...
compiling bsp.c...
compiling frame.c...
compiling nvic.c...
compiling queue.c...
compiling stm32f10x_it.c...
compiling timer2.c...
compiling system_stm32f10x.c...
compiling common.c...
compiling pcComm.c...
compiling stepMotor.c...
compiling timer3.c...
compiling timer5.c...
compiling temControl.c...
compiling temDriver.c...
compiling adcDriver.c...
compiling eeprom.c...
compiling spi1.c...
compiling absEncoder.c...
compiling spi2.c...
compiling uart1.c...
compiling os_core.c...
compiling os_flag.c...
compiling os_mbox.c...
compiling os_mem.c...
compiling os_mutex.c...
compiling os_q.c...
compiling os_sem.c...
compiling os_task.c...
compiling os_time.c...
compiling os_tmr.c...
assembling os_cpu_a.asm...
compiling os_cpu_c.c...
compiling os_dbg.c...
compiling hw_config.c...
compiling usb_desc.c...
compiling usb_endp.c...
compiling usb_istr.c...
compiling usb_prop.c...
compiling usb_pwr.c...
compiling usb_core.c...
compiling usb_init.c...
compiling usb_int.c...
compiling usb_mem.c...
compiling usb_regs.c...
compiling stm32f10x_adc.c...
compiling stm32f10x_bkp.c...
compiling stm32f10x_crc.c...
compiling stm32f10x_dac.c...
compiling stm32f10x_dbgmcu.c...
compiling stm32f10x_dma.c...
compiling stm32f10x_exti.c...
compiling stm32f10x_flash.c...
compiling stm32f10x_gpio.c...
compiling stm32f10x_i2c.c...
compiling stm32f10x_lib.c...
compiling stm32f10x_nvic.c...
compiling stm32f10x_pwr.c...
compiling stm32f10x_rcc.c...
compiling stm32f10x_sdio.c...
compiling stm32f10x_spi.c...
compiling stm32f10x_systick.c...
compiling stm32f10x_tim.c...
compiling stm32f10x_usart.c...
compiling stm32f10x_rtc.c...
assembling stm32f10x_startup.s...
assembling cortexm3_macro.s...
linking...
Program Size: Code=30146 RO-data=494 RW-data=408 ZI-data=29824  
FromELF: creating hex file...
".\Output\KOSPE-CTRL-V2-20160330.axf" - 0 Error(s), 0 Warning(s).
Load "E:\\04 欧乐科技\\20151113 超微量分光光度计\\软件程序\\KOSPE-CTRL-V2.0 20160316\\Output\\KOSPE-CTRL-V2-20160330.AXF" 
Set JLink Project File to "E:\04 欧乐科技\20151113 超微量分光光度计\软件程序\KOSPE-CTRL-V2.0 20160316\JLinkSettings.ini"
 
JLink info:
------------
DLL: V4.15n, compiled Jun 18 2010 19:55:09
Firmware: J-Link ARM V8 compiled Nov 14 2012 22:34:52
Hardware: V8.00
S/N : 805306163 
Feature(s) : RDI,FlashDL,FlashBP,JFlash,GDBFull 
 
* JLink Info: Found SWD-DP with ID 0x1BA01477
* JLink Info: TPIU fitted.
* JLink Info: ETM fitted.
* JLink Info:   FPUnit: 6 code (BP) slots and 2 literal slots
ROMTableAddr = 0xE00FF003
 
Target info:
------------
Device: STM32F103VC
VTarget = 3.332V
State of Pins: 
TCK: 0, TDI: 0, TDO: 1, TMS: 1, TRES: 1, TRST: 1
* JLink Info: Found SWD-DP with ID 0x1BA01477
* JLink Info: TPIU fitted.
* JLink Info: ETM fitted.
* JLink Info:   FPUnit: 6 code (BP) slots and 2 literal slots
Hardware-Breakpoints: 6
Software-Breakpoints: 2048
Watchpoints:          4
JTAG speed: 2000 kHz
 
Full Chip Erase Done.
Programming Done.
Verify OK.
* JLink Info: Found SWD-DP with ID 0x1BA01477
* JLink Info: TPIU fitted.
* JLink Info: ETM fitted.
* JLink Info:   FPUnit: 6 code (BP) slots and 2 literal slots
Application running ...
